Component: Arm Compiler for Embedded 6.24 Tool: armlink [5f371500]

==============================================================================

Section Cross References

    startup_stm32f446xx.o(STACK) refers (Special) to heapauxi.o(.text) for __use_two_region_memory
    startup_stm32f446xx.o(HEAP) refers (Special) to heapauxi.o(.text) for __use_two_region_memory
    startup_stm32f446xx.o(RESET) refers (Special) to heapauxi.o(.text) for __use_two_region_memory
    startup_stm32f446xx.o(RESET) refers to startup_stm32f446xx.o(STACK) for __initial_sp
    startup_stm32f446xx.o(RESET) refers to startup_stm32f446xx.o(.text) for Reset_Handler
    startup_stm32f446xx.o(RESET) refers to stm32f4xx_it.o(.text.NMI_Handler) for NMI_Handler
    startup_stm32f446xx.o(RESET) refers to stm32f4xx_it.o(.text.HardFault_Handler) for HardFault_Handler
    startup_stm32f446xx.o(RESET) refers to stm32f4xx_it.o(.text.MemManage_Handler) for MemManage_Handler
    startup_stm32f446xx.o(RESET) refers to stm32f4xx_it.o(.text.BusFault_Handler) for BusFault_Handler
    startup_stm32f446xx.o(RESET) refers to stm32f4xx_it.o(.text.UsageFault_Handler) for UsageFault_Handler
    startup_stm32f446xx.o(RESET) refers to stm32f4xx_it.o(.text.SVC_Handler) for SVC_Handler
    startup_stm32f446xx.o(RESET) refers to stm32f4xx_it.o(.text.DebugMon_Handler) for DebugMon_Handler
    startup_stm32f446xx.o(RESET) refers to stm32f4xx_it.o(.text.PendSV_Handler) for PendSV_Handler
    startup_stm32f446xx.o(RESET) refers to stm32f4xx_it.o(.text.SysTick_Handler) for SysTick_Handler
    startup_stm32f446xx.o(.text) refers (Special) to heapauxi.o(.text) for __use_two_region_memory
    startup_stm32f446xx.o(.text) refers to system_stm32f4xx.o(.text.SystemInit) for SystemInit
    startup_stm32f446xx.o(.text) refers to __main.o(!!!main) for __main
    startup_stm32f446xx.o(.text) refers to startup_stm32f446xx.o(HEAP) for Heap_Mem
    startup_stm32f446xx.o(.text) refers to startup_stm32f446xx.o(STACK) for Stack_Mem
    lora.o(.ARM.exidx.text.newLoRa) refers to lora.o(.text.newLoRa) for [Anonymous Symbol]
    lora.o(.text.LoRa_reset) refers to stm32f4xx_hal_gpio.o(.text.HAL_GPIO_WritePin) for HAL_GPIO_WritePin
    lora.o(.text.LoRa_reset) refers to stm32f4xx_hal.o(.text.HAL_Delay) for HAL_Delay
    lora.o(.ARM.exidx.text.LoRa_reset) refers to lora.o(.text.LoRa_reset) for [Anonymous Symbol]
    lora.o(.text.LoRa_gotoMode) refers to lora.o(.text.LoRa_readReg) for LoRa_readReg
    lora.o(.text.LoRa_gotoMode) refers to lora.o(.text.LoRa_writeReg) for LoRa_writeReg
    lora.o(.ARM.exidx.text.LoRa_gotoMode) refers to lora.o(.text.LoRa_gotoMode) for [Anonymous Symbol]
    lora.o(.text.LoRa_read) refers to lora.o(.text.LoRa_readReg) for LoRa_readReg
    lora.o(.ARM.exidx.text.LoRa_read) refers to lora.o(.text.LoRa_read) for [Anonymous Symbol]
    lora.o(.text.LoRa_write) refers to lora.o(.text.LoRa_writeReg) for LoRa_writeReg
    lora.o(.ARM.exidx.text.LoRa_write) refers to lora.o(.text.LoRa_write) for [Anonymous Symbol]
    lora.o(.text.LoRa_readReg) refers to stm32f4xx_hal_gpio.o(.text.HAL_GPIO_WritePin) for HAL_GPIO_WritePin
    lora.o(.text.LoRa_readReg) refers to stm32f4xx_hal_spi.o(.text.HAL_SPI_Transmit) for HAL_SPI_Transmit
    lora.o(.text.LoRa_readReg) refers to stm32f4xx_hal_spi.o(.text.HAL_SPI_GetState) for HAL_SPI_GetState
    lora.o(.text.LoRa_readReg) refers to stm32f4xx_hal_spi.o(.text.HAL_SPI_Receive) for HAL_SPI_Receive
    lora.o(.ARM.exidx.text.LoRa_readReg) refers to lora.o(.text.LoRa_readReg) for [Anonymous Symbol]
    lora.o(.text.LoRa_writeReg) refers to stm32f4xx_hal_gpio.o(.text.HAL_GPIO_WritePin) for HAL_GPIO_WritePin
    lora.o(.text.LoRa_writeReg) refers to stm32f4xx_hal_spi.o(.text.HAL_SPI_Transmit) for HAL_SPI_Transmit
    lora.o(.text.LoRa_writeReg) refers to stm32f4xx_hal_spi.o(.text.HAL_SPI_GetState) for HAL_SPI_GetState
    lora.o(.ARM.exidx.text.LoRa_writeReg) refers to lora.o(.text.LoRa_writeReg) for [Anonymous Symbol]
    lora.o(.text.LoRa_setLowDaraRateOptimization) refers to lora.o(.text.LoRa_readReg) for LoRa_readReg
    lora.o(.text.LoRa_setLowDaraRateOptimization) refers to lora.o(.text.LoRa_writeReg) for LoRa_writeReg
    lora.o(.text.LoRa_setLowDaraRateOptimization) refers to stm32f4xx_hal.o(.text.HAL_Delay) for HAL_Delay
    lora.o(.ARM.exidx.text.LoRa_setLowDaraRateOptimization) refers to lora.o(.text.LoRa_setLowDaraRateOptimization) for [Anonymous Symbol]
    lora.o(.text.LoRa_setAutoLDO) refers to dflt_clz.o(x$fpl$dflt) for __aeabi_i2d
    lora.o(.text.LoRa_setAutoLDO) refers to lora.o(.rodata..L__const.LoRa_setAutoLDO.BW) for .L__const.LoRa_setAutoLDO.BW
    lora.o(.text.LoRa_setAutoLDO) refers to ddiv.o(x$fpl$ddiv) for __aeabi_ddiv
    lora.o(.text.LoRa_setAutoLDO) refers to dfix.o(x$fpl$dfix) for __aeabi_d2iz
    lora.o(.text.LoRa_setAutoLDO) refers to lora.o(.text.LoRa_readReg) for LoRa_readReg
    lora.o(.text.LoRa_setAutoLDO) refers to lora.o(.text.LoRa_writeReg) for LoRa_writeReg
[...]
    Removing stm32f4xx_hal_pcd.o(.ARM.exidx.text.HAL_PCD_EP_GetRxCount), (8 bytes).
    Removing stm32f4xx_hal_pcd.o(.text.HAL_PCD_EP_Transmit), (58 bytes).
    Removing stm32f4xx_hal_pcd.o(.ARM.exidx.text.HAL_PCD_EP_Transmit), (8 bytes).
    Removing stm32f4xx_hal_pcd.o(.text.HAL_PCD_EP_SetStall), (110 bytes).
    Removing stm32f4xx_hal_pcd.o(.ARM.exidx.text.HAL_PCD_EP_SetStall), (8 bytes).
    Removing stm32f4xx_hal_pcd.o(.text.HAL_PCD_EP_ClrStall), (94 bytes).
    Removing stm32f4xx_hal_pcd.o(.ARM.exidx.text.HAL_PCD_EP_ClrStall), (8 bytes).
    Removing stm32f4xx_hal_pcd.o(.text.HAL_PCD_EP_Flush), (60 bytes).
    Removing stm32f4xx_hal_pcd.o(.ARM.exidx.text.HAL_PCD_EP_Flush), (8 bytes).
    Removing stm32f4xx_hal_pcd.o(.text.HAL_PCD_ActivateRemoteWakeup), (6 bytes).
    Removing stm32f4xx_hal_pcd.o(.ARM.exidx.text.HAL_PCD_ActivateRemoteWakeup), (8 bytes).
    Removing stm32f4xx_hal_pcd.o(.text.HAL_PCD_DeActivateRemoteWakeup), (6 bytes).
    Removing stm32f4xx_hal_pcd.o(.ARM.exidx.text.HAL_PCD_DeActivateRemoteWakeup), (8 bytes).
    Removing stm32f4xx_hal_pcd.o(.text.HAL_PCD_GetState), (6 bytes).
    Removing stm32f4xx_hal_pcd.o(.ARM.exidx.text.HAL_PCD_GetState), (8 bytes).
    Removing stm32f4xx_hal_pcd.o(.text.HAL_PCD_SetTestMode), (36 bytes).
    Removing stm32f4xx_hal_pcd.o(.ARM.exidx.text.HAL_PCD_SetTestMode), (8 bytes).
    Removing stm32f4xx_hal_pcd_ex.o(.text), (0 bytes).
    Removing stm32f4xx_hal_pcd_ex.o(.text.HAL_PCDEx_SetTxFiFo), (206 bytes).
    Removing stm32f4xx_hal_pcd_ex.o(.ARM.exidx.text.HAL_PCDEx_SetTxFiFo), (8 bytes).
    Removing stm32f4xx_hal_pcd_ex.o(.text.HAL_PCDEx_SetRxFiFo), (8 bytes).
    Removing stm32f4xx_hal_pcd_ex.o(.ARM.exidx.text.HAL_PCDEx_SetRxFiFo), (8 bytes).
    Removing stm32f4xx_hal_pcd_ex.o(.ARM.exidx.text.HAL_PCDEx_ActivateLPM), (8 bytes).
    Removing stm32f4xx_hal_pcd_ex.o(.text.HAL_PCDEx_DeActivateLPM), (34 bytes).
    Removing stm32f4xx_hal_pcd_ex.o(.ARM.exidx.text.HAL_PCDEx_DeActivateLPM), (8 bytes).
    Removing stm32f4xx_hal_pcd_ex.o(.text.HAL_PCDEx_LPM_Callback), (2 bytes).
    Removing stm32f4xx_hal_pcd_ex.o(.ARM.exidx.text.HAL_PCDEx_LPM_Callback), (8 bytes).
    Removing stm32f4xx_hal_pcd_ex.o(.text.HAL_PCDEx_BCD_Callback), (2 bytes).
    Removing stm32f4xx_hal_pcd_ex.o(.ARM.exidx.text.HAL_PCDEx_BCD_Callback), (8 bytes).
    Removing stm32f4xx_ll_usb.o(.text), (0 bytes).
    Removing stm32f4xx_ll_usb.o(.ARM.exidx.text.USB_CoreInit), (8 bytes).
    Removing stm32f4xx_ll_usb.o(.text.USB_SetTurnaroundTime), (280 bytes).
    Removing stm32f4xx_ll_usb.o(.ARM.exidx.text.USB_SetTurnaroundTime), (8 bytes).
    Removing stm32f4xx_ll_usb.o(.text.USB_EnableGlobalInt), (14 bytes).
    Removing stm32f4xx_ll_usb.o(.ARM.exidx.text.USB_EnableGlobalInt), (8 bytes).
    Removing stm32f4xx_ll_usb.o(.ARM.exidx.text.USB_DisableGlobalInt), (8 bytes).
    Removing stm32f4xx_ll_usb.o(.ARM.exidx.text.USB_SetCurrentMode), (8 bytes).
    Removing stm32f4xx_ll_usb.o(.text.USB_GetMode), (8 bytes).
    Removing stm32f4xx_ll_usb.o(.ARM.exidx.text.USB_GetMode), (8 bytes).
    Removing stm32f4xx_ll_usb.o(.ARM.exidx.text.USB_DevInit), (8 bytes).
    Removing stm32f4xx_ll_usb.o(.text.USB_SetDevSpeed), (16 bytes).
    Removing stm32f4xx_ll_usb.o(.ARM.exidx.text.USB_SetDevSpeed), (8 bytes).
    Removing stm32f4xx_ll_usb.o(.text.USB_FlushTxFifo), (190 bytes).
    Removing stm32f4xx_ll_usb.o(.ARM.exidx.text.USB_FlushTxFifo), (8 bytes).
    Removing stm32f4xx_ll_usb.o(.text.USB_FlushRxFifo), (190 bytes).
    Removing stm32f4xx_ll_usb.o(.ARM.exidx.text.USB_FlushRxFifo), (8 bytes).
    Removing stm32f4xx_ll_usb.o(.text.USB_GetDevSpeed), (26 bytes).
    Removing stm32f4xx_ll_usb.o(.ARM.exidx.text.USB_GetDevSpeed), (8 bytes).
    Removing stm32f4xx_ll_usb.o(.text.USB_ActivateEndpoint), (130 bytes).
    Removing stm32f4xx_ll_usb.o(.ARM.exidx.text.USB_ActivateEndpoint), (8 bytes).
    Removing stm32f4xx_ll_usb.o(.text.USB_ActivateDedicatedEndpoint), (116 bytes).
    Removing stm32f4xx_ll_usb.o(.ARM.exidx.text.USB_ActivateDedicatedEndpoint), (8 bytes).
    Removing stm32f4xx_ll_usb.o(.text.USB_DeactivateEndpoint), (130 bytes).
    Removing stm32f4xx_ll_usb.o(.ARM.exidx.text.USB_DeactivateEndpoint), (8 bytes).
    Removing stm32f4xx_ll_usb.o(.text.USB_DeactivateDedicatedEndpoint), (100 bytes).
    Removing stm32f4xx_ll_usb.o(.ARM.exidx.text.USB_DeactivateDedicatedEndpoint), (8 bytes).
    Removing stm32f4xx_ll_usb.o(.text.USB_EPStartXfer), (570 bytes).
    Removing stm32f4xx_ll_usb.o(.ARM.exidx.text.USB_EPStartXfer), (8 bytes).
    Removing stm32f4xx_ll_usb.o(.text.USB_WritePacket), (106 bytes).
    Removing stm32f4xx_ll_usb.o(.ARM.exidx.text.USB_WritePacket), (8 bytes).
    Removing stm32f4xx_ll_usb.o(.text.USB_EPStopXfer), (270 bytes).
    Removing stm32f4xx_ll_usb.o(.ARM.exidx.text.USB_EPStopXfer), (8 bytes).
    Removing stm32f4xx_ll_usb.o(.text.USB_ReadPacket), (170 bytes).
    Removing stm32f4xx_ll_usb.o(.ARM.exidx.text.USB_ReadPacket), (8 bytes).
    Removing stm32f4xx_ll_usb.o(.text.USB_EPSetStall), (62 bytes).
    Removing stm32f4xx_ll_usb.o(.ARM.exidx.text.USB_EPSetStall), (8 bytes).
    Removing stm32f4xx_ll_usb.o(.text.USB_EPClearStall), (82 bytes).
    Removing stm32f4xx_ll_usb.o(.ARM.exidx.text.USB_EPClearStall), (8 bytes).
    Removing stm32f4xx_ll_usb.o(.text.USB_StopDevice), (510 bytes).
    Removing stm32f4xx_ll_usb.o(.ARM.exidx.text.USB_StopDevice), (8 bytes).
    Removing stm32f4xx_ll_usb.o(.text.USB_SetDevAddress), (34 bytes).
    Removing stm32f4xx_ll_usb.o(.ARM.exidx.text.USB_SetDevAddress), (8 bytes).
    Removing stm32f4xx_ll_usb.o(.text.USB_DevConnect), (30 bytes).
    Removing stm32f4xx_ll_usb.o(.ARM.exidx.text.USB_DevConnect), (8 bytes).
    Removing stm32f4xx_ll_usb.o(.ARM.exidx.text.USB_DevDisconnect), (8 bytes).
    Removing stm32f4xx_ll_usb.o(.text.USB_ReadInterrupts), (8 bytes).
    Removing stm32f4xx_ll_usb.o(.ARM.exidx.text.USB_ReadInterrupts), (8 bytes).
    Removing stm32f4xx_ll_usb.o(.text.USB_ReadChInterrupts), (16 bytes).
    Removing stm32f4xx_ll_usb.o(.ARM.exidx.text.USB_ReadChInterrupts), (8 bytes).
    Removing stm32f4xx_ll_usb.o(.text.USB_ReadDevAllOutEpInterrupt), (14 bytes).
    Removing stm32f4xx_ll_usb.o(.ARM.exidx.text.USB_ReadDevAllOutEpInterrupt), (8 bytes).
    Removing stm32f4xx_ll_usb.o(.text.USB_ReadDevAllInEpInterrupt), (14 bytes).
    Removing stm32f4xx_ll_usb.o(.ARM.exidx.text.USB_ReadDevAllInEpInterrupt), (8 bytes).
    Removing stm32f4xx_ll_usb.o(.text.USB_ReadDevOutEPInterrupt), (16 bytes).
    Removing stm32f4xx_ll_usb.o(.ARM.exidx.text.USB_ReadDevOutEPInterrupt), (8 bytes).
    Removing stm32f4xx_ll_usb.o(.text.USB_ReadDevInEPInterrupt), (36 bytes).
    Removing stm32f4xx_ll_usb.o(.ARM.exidx.text.USB_ReadDevInEPInterrupt), (8 bytes).
    Removing stm32f4xx_ll_usb.o(.text.USB_ClearInterrupts), (8 bytes).
    Removing stm32f4xx_ll_usb.o(.ARM.exidx.text.USB_ClearInterrupts), (8 bytes).
    Removing stm32f4xx_ll_usb.o(.text.USB_ActivateSetup), (32 bytes).
    Removing stm32f4xx_ll_usb.o(.ARM.exidx.text.USB_ActivateSetup), (8 bytes).
    Removing stm32f4xx_ll_usb.o(.text.USB_EP0_OutStart), (90 bytes).
    Removing stm32f4xx_ll_usb.o(.ARM.exidx.text.USB_EP0_OutStart), (8 bytes).
    Removing stm32f4xx_ll_usb.o(.text.USB_HostInit), (712 bytes).
    Removing stm32f4xx_ll_usb.o(.ARM.exidx.text.USB_HostInit), (8 bytes).
    Removing stm32f4xx_ll_usb.o(.text.USB_InitFSLSPClkSel), (64 bytes).
    Removing stm32f4xx_ll_usb.o(.ARM.exidx.text.USB_InitFSLSPClkSel), (8 bytes).
    Removing stm32f4xx_ll_usb.o(.text.USB_ResetPort), (62 bytes).
    Removing stm32f4xx_ll_usb.o(.ARM.exidx.text.USB_ResetPort), (8 bytes).
    Removing stm32f4xx_ll_usb.o(.text.USB_DriveVbus), (76 bytes).
    Removing stm32f4xx_ll_usb.o(.ARM.exidx.text.USB_DriveVbus), (8 bytes).
    Removing stm32f4xx_ll_usb.o(.text.USB_GetHostSpeed), (22 bytes).
    Removing stm32f4xx_ll_usb.o(.ARM.exidx.text.USB_GetHostSpeed), (8 bytes).
    Removing stm32f4xx_ll_usb.o(.text.USB_GetCurrentFrame), (8 bytes).
    Removing stm32f4xx_ll_usb.o(.ARM.exidx.text.USB_GetCurrentFrame), (8 bytes).
    Removing stm32f4xx_ll_usb.o(.text.USB_HC_Init), (294 bytes).
    Removing stm32f4xx_ll_usb.o(.ARM.exidx.text.USB_HC_Init), (8 bytes).
    Removing stm32f4xx_ll_usb.o(.text.USB_HC_StartXfer), (760 bytes).
    Removing stm32f4xx_ll_usb.o(.ARM.exidx.text.USB_HC_StartXfer), (8 bytes).
    Removing stm32f4xx_ll_usb.o(.text.USB_DoPing), (32 bytes).
    Removing stm32f4xx_ll_usb.o(.ARM.exidx.text.USB_DoPing), (8 bytes).
    Removing stm32f4xx_ll_usb.o(.text.USB_HC_ReadInterrupt), (8 bytes).
    Removing stm32f4xx_ll_usb.o(.ARM.exidx.text.USB_HC_ReadInterrupt), (8 bytes).
    Removing stm32f4xx_ll_usb.o(.text.USB_HC_Halt), (386 bytes).
    Removing stm32f4xx_ll_usb.o(.ARM.exidx.text.USB_HC_Halt), (8 bytes).
    Removing stm32f4xx_ll_usb.o(.text.USB_StopHost), (2360 bytes).
    Removing stm32f4xx_ll_usb.o(.ARM.exidx.text.USB_StopHost), (8 bytes).
    Removing stm32f4xx_ll_usb.o(.text.USB_ActivateRemoteWakeup), (24 bytes).
    Removing stm32f4xx_ll_usb.o(.ARM.exidx.text.USB_ActivateRemoteWakeup), (8 bytes).
    Removing stm32f4xx_ll_usb.o(.text.USB_DeActivateRemoteWakeup), (18 bytes).
    Removing stm32f4xx_ll_usb.o(.ARM.exidx.text.USB_DeActivateRemoteWakeup), (8 bytes).
    Removing system_stm32f4xx.o(.text), (0 bytes).
    Removing system_stm32f4xx.o(.ARM.exidx.text.SystemInit), (8 bytes).
    Removing system_stm32f4xx.o(.text.SystemCoreClockUpdate), (134 bytes).
    Removing system_stm32f4xx.o(.ARM.exidx.text.SystemCoreClockUpdate), (8 bytes).

776 unused section(s) (total 44841 bytes) removed from the image.

==============================================================================

Image Symbol Table

    Local Symbols

    Symbol Name                              Value     Ov Type        Size  Object(Section)

    ../clib/angel/boardlib.s                 0x00000000   Number         0  boardinit1.o ABSOLUTE
    ../clib/angel/boardlib.s                 0x00000000   Number         0  boardinit2.o ABSOLUTE
    ../clib/angel/boardlib.s                 0x00000000   Number         0  boardinit3.o ABSOLUTE
    ../clib/angel/boardlib.s                 0x00000000   Number         0  boardshut.o ABSOLUTE
    ../clib/angel/handlers.s                 0x00000000   Number         0  __scatter_copy.o ABSOLUTE
    ../clib/angel/handlers.s                 0x00000000   Number         0  __scatter_zi.o ABSOLUTE
    ../clib/angel/kernel.s                   0x00000000   Number         0  __rtentry.o ABSOLUTE
    ../clib/angel/kernel.s                   0x00000000   Number         0  __rtentry2.o ABSOLUTE
    ../clib/angel/kernel.s                   0x00000000   Number         0  __rtentry4.o ABSOLUTE
    ../clib/angel/kernel.s                   0x00000000   Number         0  rtexit.o ABSOLUTE
    ../clib/angel/kernel.s                   0x00000000   Number         0  rtexit2.o ABSOLUTE
    ../clib/angel/rt.s                       0x00000000   Number         0  aeabi_ldiv0.o ABSOLUTE
    ../clib/angel/rt.s                       0x00000000   Number         0  aeabi_ldiv0_sigfpe.o ABSOLUTE
    ../clib/angel/rt.s                       0x00000000   Number         0  rt_div0.o ABSOLUTE
    ../clib/angel/rt.s                       0x00000000   Number         0  rt_raise.o ABSOLUTE
    ../clib/angel/scatter.s                  0x00000000   Number         0  __scatter.o ABSOLUTE
    ../clib/angel/startup.s                  0x00000000   Number         0  __main.o ABSOLUTE
    ../clib/angel/sys.s                      0x00000000   Number         0  sys_stackheap_outer.o ABSOLUTE
    ../clib/angel/sys.s                      0x00000000   Number         0  libspace.o ABSOLUTE
    ../clib/angel/sys.s                      0x00000000   Number         0  use_no_semi.o ABSOLUTE
    ../clib/angel/sys.s                      0x00000000   Number         0  indicate_semi.o ABSOLUTE
    ../clib/angel/sysapp.c                   0x00000000   Number         0  sys_exit.o ABSOLUTE
    ../clib/angel/sysapp.c                   0x00000000   Number         0  sys_exit_hlt.o ABSOLUTE
    ../clib/angel/sysapp.c                   0x00000000   Number         0  sys_wrch.o ABSOLUTE
    ../clib/angel/sysapp.c                   0x00000000   Number         0  sys_wrch_hlt.o ABSOLUTE
    ../clib/angel/sysapp.c                   0x00000000   Number         0  sys_command.o ABSOLUTE
    ../clib/angel/sysapp.c                   0x00000000   Number         0  sys_command_hlt.o ABSOLUTE
    ../clib/armsys.c                         0x00000000   Number         0  argv_veneer.o ABSOLUTE
    ../clib/armsys.c                         0x00000000   Number         0  argv_veneer.o ABSOLUTE
    ../clib/armsys.c                         0x00000000   Number         0  _get_argv_nomalloc.o ABSOLUTE
    ../clib/armsys.c                         0x00000000   Number         0  no_argv.o ABSOLUTE
    ../clib/heapalloc.c                      0x00000000   Number         0  hrguard.o ABSOLUTE
    ../clib/heapaux.c                        0x00000000   Number         0  heapauxi.o ABSOLUTE
    ../clib/libinit.s                        0x00000000   Number         0  libinit.o ABSOLUTE
    ../clib/libinit.s                        0x00000000   Number         0  libinit2.o ABSOLUTE
    ../clib/libinit.s                        0x00000000   Number         0  libshutdown.o ABSOLUTE
    ../clib/libinit.s                        0x00000000   Number         0  libshutdown2.o ABSOLUTE
    ../clib/longlong.s                       0x00000000   Number         0  lludivv7m.o ABSOLUTE
    ../clib/memcpset.s                       0x00000000   Number         0  rt_memclr.o ABSOLUTE
    ../clib/memcpset.s                       0x00000000   Number         0  rt_memclr_w.o ABSOLUTE
    ../clib/printf.c                         0x00000000   Number         0  __2sprintf.o ABSOLUTE
    ../clib/printf.c                         0x00000000   Number         0  noretval__2sprintf.o ABSOLUTE
    ../clib/printf.c                         0x00000000   Number         0  __printf.o ABSOLUTE
    ../clib/printf.c                         0x00000000   Number         0  _printf_dec.o ABSOLUTE
    ../clib/printf.c                         0x00000000   Number         0  __printf_flags.o ABSOLUTE
    ../clib/printf.c                         0x00000000   Number         0  __printf_ss.o ABSOLUTE
    ../clib/printf.c                         0x00000000   Number         0  __printf_flags_ss.o ABSOLUTE
    ../clib/printf.c                         0x00000000   Number         0  __printf_wp.o ABSOLUTE
    ../clib/printf.c                         0x00000000   Number         0  __printf_flags_wp.o ABSOLUTE
    ../clib/printf.c                         0x00000000   Number         0  __printf_ss_wp.o ABSOLUTE
    ../clib/printf.c                         0x00000000   Number         0  __printf_flags_ss_wp.o ABSOLUTE
    ../clib/printf.c                         0x00000000   Number         0  _printf_intcommon.o ABSOLUTE
    ../clib/printf.c                         0x00000000   Number         0  _printf_char_common.o ABSOLUTE
    ../clib/printf.c                         0x00000000   Number         0  _sputc.o ABSOLUTE
    ../clib/printf.c                         0x00000000   Number         0  __printf_nopercent.o ABSOLUTE
    ../clib/printf_percent.s                 0x00000000   Number         0  _printf_d.o ABSOLUTE
    ../clib/printf_percent.s                 0x00000000   Number         0  _printf_percent.o ABSOLUTE
    ../clib/printf_percent.s                 0x00000000   Number         0  _printf_percent_end.o ABSOLUTE
    ../clib/signal.c                         0x00000000   Number         0  defsig_fpe_outer.o ABSOLUTE
    ../clib/signal.c                         0x00000000   Number         0  defsig_fpe_formal.o ABSOLUTE
    ../clib/signal.c                         0x00000000   Number         0  defsig_exit.o ABSOLUTE
    ../clib/signal.c                         0x00000000   Number         0  defsig_fpe_inner.o ABSOLUTE
    ../clib/signal.c                         0x00000000   Number         0  __raise.o ABSOLUTE
    ../clib/signal.c                         0x00000000   Number         0  defsig_general.o ABSOLUTE
    ../clib/signal.c                         0x00000000   Number         0  defsig_abrt_inner.o ABSOLUTE
    ../clib/signal.c                         0x00000000   Number         0  defsig_rtred_inner.o ABSOLUTE
    ../clib/signal.c                         0x00000000   Number         0  defsig_rtmem_inner.o ABSOLUTE
    ../clib/signal.c                         0x00000000   Number         0  defsig_rtmem_outer.o ABSOLUTE
    ../clib/signal.c                         0x00000000   Number         0  defsig_rtmem_formal.o ABSOLUTE
    ../clib/signal.c                         0x00000000   Number         0  defsig_stak_inner.o ABSOLUTE
    ../clib/signal.c                         0x00000000   Number         0  defsig_pvfn_inner.o ABSOLUTE
    ../clib/signal.c                         0x00000000   Number         0  defsig_cppl_inner.o ABSOLUTE
    ../clib/signal.c                         0x00000000   Number         0  defsig_segv_inner.o ABSOLUTE
    ../clib/signal.c                         0x00000000   Number         0  defsig_other.o ABSOLUTE
    ../clib/signal.s                         0x00000000   Number         0  defsig.o ABSOLUTE
    ../clib/stdlib.c                         0x00000000   Number         0  exit.o ABSOLUTE
    ../clib/string.c                         0x00000000   Number         0  strlen.o ABSOLUTE
    ../fplib/ddiv.s                          0x00000000   Number         0  ddiv.o ABSOLUTE
    ../fplib/dfix.s                          0x00000000   Number         0  dfix.o ABSOLUTE
    ../fplib/dflt.s                          0x00000000   Number         0  dflt_clz.o ABSOLUTE
    ../fplib/dnaninf.s                       0x00000000   Number         0  dnaninf.o ABSOLUTE
    ../fplib/dretinf.s                       0x00000000   Number         0  dretinf.o ABSOLUTE
    ../fplib/fpinit.s                        0x00000000   Number         0  fpinit.o ABSOLUTE
    ../fplib/usenofp.s                       0x00000000   Number         0  usenofp.o ABSOLUTE
    LoRa.c                                   0x00000000   Number         0  lora.o ABSOLUTE
    dc.s                                     0x00000000   Number         0  dc.o ABSOLUTE
    main.c                                   0x00000000   Number         0  main.o ABSOLUTE
    startup_stm32f446xx.s                    0x00000000   Number         0  startup_stm32f446xx.o ABSOLUTE
    stm32f4xx_hal.c                          0x00000000   Number         0  stm32f4xx_hal.o ABSOLUTE
    stm32f4xx_hal_cortex.c                   0x00000000   Number         0  stm32f4xx_hal_cortex.o ABSOLUTE
    stm32f4xx_hal_dma.c                      0x00000000   Number         0  stm32f4xx_hal_dma.o ABSOLUTE
    stm32f4xx_hal_dma_ex.c                   0x00000000   Number         0  stm32f4xx_hal_dma_ex.o ABSOLUTE
    stm32f4xx_hal_exti.c                     0x00000000   Number         0  stm32f4xx_hal_exti.o ABSOLUTE
    stm32f4xx_hal_flash.c                    0x00000000   Number         0  stm32f4xx_hal_flash.o ABSOLUTE
    stm32f4xx_hal_flash_ex.c                 0x00000000   Number         0  stm32f4xx_hal_flash_ex.o ABSOLUTE
    stm32f4xx_hal_flash_ramfunc.c            0x00000000   Number         0  stm32f4xx_hal_flash_ramfunc.o ABSOLUTE
    stm32f4xx_hal_gpio.c                     0x00000000   Number         0  stm32f4xx_hal_gpio.o ABSOLUTE
    stm32f4xx_hal_msp.c                      0x00000000   Number         0  stm32f4xx_hal_msp.o ABSOLUTE
    stm32f4xx_hal_pcd.c                      0x00000000   Number         0  stm32f4xx_hal_pcd.o ABSOLUTE
    stm32f4xx_hal_pcd_ex.c                   0x00000000   Number         0  stm32f4xx_hal_pcd_ex.o ABSOLUTE
    stm32f4xx_hal_pwr.c                      0x00000000   Number         0  stm32f4xx_hal_pwr.o ABSOLUTE
    stm32f4xx_hal_pwr_ex.c                   0x00000000   Number         0  stm32f4xx_hal_pwr_ex.o ABSOLUTE
    stm32f4xx_hal_rcc.c                      0x00000000   Number         0  stm32f4xx_hal_rcc.o ABSOLUTE
    stm32f4xx_hal_rcc_ex.c                   0x00000000   Number         0  stm32f4xx_hal_rcc_ex.o ABSOLUTE
    stm32f4xx_hal_spi.c                      0x00000000   Number         0  stm32f4xx_hal_spi.o ABSOLUTE
    stm32f4xx_hal_uart.c                     0x00000000   Number         0  stm32f4xx_hal_uart.o ABSOLUTE
    stm32f4xx_it.c                           0x00000000   Number         0  stm32f4xx_it.o ABSOLUTE
    stm32f4xx_ll_usb.c                       0x00000000   Number         0  stm32f4xx_ll_usb.o ABSOLUTE
    system_stm32f4xx.c                       0x00000000   Number         0  system_stm32f4xx.o ABSOLUTE
    RESET                                    0x08000000   Section      452  startup_stm32f446xx.o(RESET)
    !!!main                                  0x080001c4   Section        8  __main.o(!!!main)
    !!!scatter                               0x080001cc   Section       92  __scatter.o(!!!scatter)
    !!handler_copy                           0x08000228   Section       26  __scatter_copy.o(!!handler_copy)
    !!handler_null                           0x08000244   Section        2  __scatter.o(!!handler_null)
    !!handler_zi                             0x08000248   Section       28  __scatter_zi.o(!!handler_zi)
    .ARM.Collect$$_printf_percent$$00000000  0x08000264   Section        0  _printf_percent.o(.ARM.Collect$$_printf_percent$$00000000)
    .ARM.Collect$$_printf_percent$$00000009  0x08000264   Section        6  _printf_d.o(.ARM.Collect$$_printf_percent$$00000009)
    .ARM.Collect$$_printf_percent$$00000017  0x0800026a   Section        4  _printf_percent_end.o(.ARM.Collect$$_printf_percent$$00000017)
    .ARM.Collect$$libinit$$00000000          0x0800026e   Section        2  libinit.o(.ARM.Collect$$libinit$$00000000)
    .ARM.Collect$$libinit$$00000001          0x08000270   Section        4  libinit2.o(.ARM.Collect$$libinit$$00000001)
    .ARM.Collect$$libinit$$00000004          0x08000274   Section        0  libinit2.o(.ARM.Collect$$libinit$$00000004)
    .ARM.Collect$$libinit$$00000006          0x08000274   Section        0  libinit2.o(.ARM.Collect$$libinit$$00000006)
    .ARM.Collect$$libinit$$0000000C          0x08000274   Section        0  libinit2.o(.ARM.Collect$$libinit$$0000000C)
    .ARM.Collect$$libinit$$0000000E          0x08000274   Section        0  libinit2.o(.ARM.Collect$$libinit$$0000000E)
    .ARM.Collect$$libinit$$00000010          0x08000274   Section        0  libinit2.o(.ARM.Collect$$libinit$$00000010)
    .ARM.Collect$$libinit$$00000013          0x08000274   Section        0  libinit2.o(.ARM.Collect$$libinit$$00000013)
    .ARM.Collect$$libinit$$00000015          0x08000274   Section        0  libinit2.o(.ARM.Collect$$libinit$$00000015)
    .ARM.Collect$$libinit$$00000017          0x08000274   Section        0  libinit2.o(.ARM.Collect$$libinit$$00000017)
    .ARM.Collect$$libinit$$00000019          0x08000274   Section        0  libinit2.o(.ARM.Collect$$libinit$$00000019)
    .ARM.Collect$$libinit$$0000001B          0x08000274   Section        0  libinit2.o(.ARM.Collect$$libinit$$0000001B)
    .ARM.Collect$$libinit$$0000001D          0x08000274   Section        0  libinit2.o(.ARM.Collect$$libinit$$0000001D)
    .ARM.Collect$$libinit$$0000001F          0x08000274   Section        0  libinit2.o(.ARM.Collect$$libinit$$0000001F)
    .ARM.Collect$$libinit$$00000021          0x08000274   Section        0  libinit2.o(.ARM.Collect$$libinit$$00000021)
    .ARM.Collect$$libinit$$00000023          0x08000274   Section        0  libinit2.o(.ARM.Collect$$libinit$$00000023)
    .ARM.Collect$$libinit$$00000025          0x08000274   Section        0  libinit2.o(.ARM.Collect$$libinit$$00000025)
    .ARM.Collect$$libinit$$00000027          0x08000274   Section        0  libinit2.o(.ARM.Collect$$libinit$$00000027)
    .ARM.Collect$$libinit$$0000002E          0x08000274   Section        0  libinit2.o(.ARM.Collect$$libinit$$0000002E)
    .ARM.Collect$$libinit$$00000030          0x08000274   Section        0  libinit2.o(.ARM.Collect$$libinit$$00000030)
    .ARM.Collect$$libinit$$00000032          0x08000274   Section        0  libinit2.o(.ARM.Collect$$libinit$$00000032)
    .ARM.Collect$$libinit$$00000034          0x08000274   Section        0  libinit2.o(.ARM.Collect$$libinit$$00000034)
    .ARM.Collect$$libinit$$00000035          0x08000274   Section        2  libinit2.o(.ARM.Collect$$libinit$$00000035)
    .ARM.Collect$$libshutdown$$00000000      0x08000276   Section        2  libshutdown.o(.ARM.Collect$$libshutdown$$00000000)
    .ARM.Collect$$libshutdown$$00000002      0x08000278   Section        0  libshutdown2.o(.ARM.Collect$$libshutdown$$00000002)
    .ARM.Collect$$libshutdown$$00000004      0x08000278   Section        0  libshutdown2.o(.ARM.Collect$$libshutdown$$00000004)
    .ARM.Collect$$libshutdown$$00000007      0x08000278   Section        0  libshutdown2.o(.ARM.Collect$$libshutdown$$00000007)
    .ARM.Collect$$libshutdown$$0000000A      0x08000278   Section        0  libshutdown2.o(.ARM.Collect$$libshutdown$$0000000A)
    .ARM.Collect$$libshutdown$$0000000C      0x08000278   Section        0  libshutdown2.o(.ARM.Collect$$libshutdown$$0000000C)
    .ARM.Collect$$libshutdown$$0000000F      0x08000278   Section        0  libshutdown2.o(.ARM.Collect$$libshutdown$$0000000F)
    .ARM.Collect$$libshutdown$$00000010      0x08000278   Section        2  libshutdown2.o(.ARM.Collect$$libshutdown$$00000010)
    .ARM.Collect$$rtentry$$00000000          0x0800027a   Section        0  __rtentry.o(.ARM.Collect$$rtentry$$00000000)
    .ARM.Collect$$rtentry$$00000002          0x0800027a   Section        0  __rtentry2.o(.ARM.Collect$$rtentry$$00000002)
    .ARM.Collect$$rtentry$$00000004          0x0800027a   Section        6  __rtentry4.o(.ARM.Collect$$rtentry$$00000004)
    .ARM.Collect$$rtentry$$00000009          0x08000280   Section        0  __rtentry2.o(.ARM.Collect$$rtentry$$00000009)
    .ARM.Collect$$rtentry$$0000000A          0x08000280   Section        4  __rtentry2.o(.ARM.Collect$$rtentry$$0000000A)
    .ARM.Collect$$rtentry$$0000000C          0x08000284   Section        0  __rtentry2.o(.ARM.Collect$$rtentry$$0000000C)
    .ARM.Collect$$rtentry$$0000000D          0x08000284   Section        8  __rtentry2.o(.ARM.Collect$$rtentry$$0000000D)
    .ARM.Collect$$rtexit$$00000000           0x0800028c   Section        2  rtexit.o(.ARM.Collect$$rtexit$$00000000)
    .ARM.Collect$$rtexit$$00000002           0x0800028e   Section        0  rtexit2.o(.ARM.Collect$$rtexit$$00000002)
    .ARM.Collect$$rtexit$$00000003           0x0800028e   Section        4  rtexit2.o(.ARM.Collect$$rtexit$$00000003)
    .ARM.Collect$$rtexit$$00000004           0x08000292   Section        6  rtexit2.o(.ARM.Collect$$rtexit$$00000004)
    $v0                                      0x08000298   Number         0  startup_stm32f446xx.o(.text)
    .text                                    0x08000298   Section       64  startup_stm32f446xx.o(.text)
    .text                                    0x080002d8   Section      240  lludivv7m.o(.text)
    .text                                    0x080003c8   Section        0  noretval__2sprintf.o(.text)
    .text                                    0x080003f0   Section        0  __printf.o(.text)
    .text                                    0x08000458   Section        0  _printf_dec.o(.text)
    .text                                    0x080004d0   Section        0  strlen.o(.text)
    .text                                    0x0800050e   Section       68  rt_memclr.o(.text)
    .text                                    0x08000552   Section       78  rt_memclr_w.o(.text)
    .text                                    0x080005a0   Section        0  heapauxi.o(.text)
    .text                                    0x080005a6   Section        0  _printf_intcommon.o(.text)
    _printf_input_char                       0x08000659   Thumb Code    10  _printf_char_common.o(.text)
    .text                                    0x08000658   Section        0  _printf_char_common.o(.text)
    .text                                    0x08000688   Section        0  _sputc.o(.text)
    .text                                    0x08000692   Section       74  sys_stackheap_outer.o(.text)
    .text                                    0x080006dc   Section        0  exit.o(.text)
    .text                                    0x080006f0   Section        8  libspace.o(.text)
    .text                                    0x080006f8   Section        0  sys_exit.o(.text)
    .text                                    0x08000704   Section        2  use_no_semi.o(.text)
    .text                                    0x08000706   Section        0  indicate_semi.o(.text)
    [Anonymous Symbol]                       0x08000708   Section        0  stm32f4xx_it.o(.text.BusFault_Handler)
    [Anonymous Symbol]                       0x0800070c   Section        0  stm32f4xx_it.o(.text.DebugMon_Handler)
    [Anonymous Symbol]                       0x08000710   Section        0  main.o(.text.Error_Handler)
    [Anonymous Symbol]                       0x08000718   Section        0  stm32f4xx_hal.o(.text.HAL_Delay)
    [Anonymous Symbol]                       0x08000740   Section        0  stm32f4xx_hal_gpio.o(.text.HAL_GPIO_Init)
    [Anonymous Symbol]                       0x080008e0   Section        0  stm32f4xx_hal_gpio.o(.text.HAL_GPIO_WritePin)
    [Anonymous Symbol]                       0x080008ec   Section        0  stm32f4xx_hal.o(.text.HAL_GetTick)
    [Anonymous Symbol]                       0x080008f8   Section        0  stm32f4xx_hal.o(.text.HAL_IncTick)
    [Anonymous Symbol]                       0x08000914   Section        0  stm32f4xx_hal.o(.text.HAL_Init)
    [Anonymous Symbol]                       0x0800094c   Section        0  stm32f4xx_hal.o(.text.HAL_InitTick)
    [Anonymous Symbol]                       0x08000994   Section        0  stm32f4xx_hal_msp.o(.text.HAL_MspInit)
    [Anonymous Symbol]                       0x080009cc   Section        0  stm32f4xx_hal_cortex.o(.text.HAL_NVIC_SetPriority)
    [Anonymous Symbol]                       0x08000a24   Section        0  stm32f4xx_hal_cortex.o(.text.HAL_NVIC_SetPriorityGrouping)
    [Anonymous Symbol]                       0x08000a44   Section        0  stm32f4xx_hal_pcd_ex.o(.text.HAL_PCDEx_ActivateLPM)
    [Anonymous Symbol]                       0x08000a6c   Section        0  stm32f4xx_hal_pcd.o(.text.HAL_PCD_Init)
    [Anonymous Symbol]                       0x08000ce8   Section        0  stm32f4xx_hal_msp.o(.text.HAL_PCD_MspInit)
    [Anonymous Symbol]                       0x08000d98   Section        0  stm32f4xx_hal_rcc_ex.o(.text.HAL_RCCEx_PeriphCLKConfig)
    [Anonymous Symbol]                       0x080011d8   Section        0  stm32f4xx_hal_rcc.o(.text.HAL_RCC_ClockConfig)
    [Anonymous Symbol]                       0x0800133c   Section        0  stm32f4xx_hal_rcc.o(.text.HAL_RCC_GetPCLK1Freq)
    [Anonymous Symbol]                       0x08001364   Section        0  stm32f4xx_hal_rcc.o(.text.HAL_RCC_GetPCLK2Freq)
    [Anonymous Symbol]                       0x0800138c   Section        0  stm32f4xx_hal_rcc_ex.o(.text.HAL_RCC_GetSysClockFreq)
    [Anonymous Symbol]                       0x08001430   Section        0  stm32f4xx_hal_rcc_ex.o(.text.HAL_RCC_OscConfig)
    [Anonymous Symbol]                       0x0800180c   Section        0  stm32f4xx_hal_spi.o(.text.HAL_SPI_GetState)
    [Anonymous Symbol]                       0x08001814   Section        0  stm32f4xx_hal_spi.o(.text.HAL_SPI_Init)
    [Anonymous Symbol]                       0x080018c4   Section        0  stm32f4xx_hal_msp.o(.text.HAL_SPI_MspInit)
    [Anonymous Symbol]                       0x08001938   Section        0  stm32f4xx_hal_spi.o(.text.HAL_SPI_Receive)
    [Anonymous Symbol]                       0x08001b38   Section        0  stm32f4xx_hal_spi.o(.text.HAL_SPI_Transmit)
    [Anonymous Symbol]                       0x08001dac   Section        0  stm32f4xx_hal_spi.o(.text.HAL_SPI_TransmitReceive)
    [Anonymous Symbol]                       0x080020ec   Section        0  stm32f4xx_hal_cortex.o(.text.HAL_SYSTICK_Config)
    [Anonymous Symbol]                       0x08002118   Section        0  stm32f4xx_hal_uart.o(.text.HAL_UART_Init)
    [Anonymous Symbol]                       0x08002178   Section        0  stm32f4xx_hal_msp.o(.text.HAL_UART_MspInit)
    [Anonymous Symbol]                       0x080021f0   Section        0  stm32f4xx_hal_uart.o(.text.HAL_UART_Transmit)
    [Anonymous Symbol]                       0x08002384   Section        0  stm32f4xx_it.o(.text.HardFault_Handler)
    [Anonymous Symbol]                       0x08002388   Section        0  lora.o(.text.LoRa_init)
    [Anonymous Symbol]                       0x08002718   Section        0  lora.o(.text.LoRa_readReg)
    [Anonymous Symbol]                       0x08002770   Section        0  lora.o(.text.LoRa_receive)
    [Anonymous Symbol]                       0x080028e8   Section        0  lora.o(.text.LoRa_setSpreadingFactor)
    [Anonymous Symbol]                       0x080029c8   Section        0  lora.o(.text.LoRa_startReceiving)
    [Anonymous Symbol]                       0x08002a10   Section        0  lora.o(.text.LoRa_writeReg)
    [Anonymous Symbol]                       0x08002a68   Section        0  stm32f4xx_it.o(.text.MemManage_Handler)
    [Anonymous Symbol]                       0x08002a6c   Section        0  stm32f4xx_it.o(.text.NMI_Handler)
    [Anonymous Symbol]                       0x08002a70   Section        0  stm32f4xx_it.o(.text.PendSV_Handler)
    SPI_WaitFlagStateUntilTimeout            0x08002a75   Thumb Code   292  stm32f4xx_hal_spi.o(.text.SPI_WaitFlagStateUntilTimeout)
    [Anonymous Symbol]                       0x08002a74   Section        0  stm32f4xx_hal_spi.o(.text.SPI_WaitFlagStateUntilTimeout)
    [Anonymous Symbol]                       0x08002b98   Section        0  stm32f4xx_it.o(.text.SVC_Handler)
    [Anonymous Symbol]                       0x08002b9c   Section        0  stm32f4xx_it.o(.text.SysTick_Handler)
    [Anonymous Symbol]                       0x08002ba0   Section        0  main.o(.text.SystemClock_Config)
    [Anonymous Symbol]                       0x08002c4c   Section        0  system_stm32f4xx.o(.text.SystemInit)
    UART_SetConfig                           0x08002c61   Thumb Code   230  stm32f4xx_hal_uart.o(.text.UART_SetConfig)
    [Anonymous Symbol]                       0x08002c60   Section        0  stm32f4xx_hal_uart.o(.text.UART_SetConfig)
    [Anonymous Symbol]                       0x08002d48   Section        0  stm32f4xx_ll_usb.o(.text.USB_CoreInit)
    [Anonymous Symbol]                       0x08002fc0   Section        0  stm32f4xx_ll_usb.o(.text.USB_DevDisconnect)
    [Anonymous Symbol]                       0x08002fe0   Section        0  stm32f4xx_ll_usb.o(.text.USB_DevInit)
    [Anonymous Symbol]                       0x08003494   Section        0  stm32f4xx_ll_usb.o(.text.USB_DisableGlobalInt)
    [Anonymous Symbol]                       0x080034a4   Section        0  stm32f4xx_ll_usb.o(.text.USB_SetCurrentMode)
    [Anonymous Symbol]                       0x0800380c   Section        0  stm32f4xx_it.o(.text.UsageFault_Handler)
    [Anonymous Symbol]                       0x08003810   Section        0  main.o(.text.main)
    [Anonymous Symbol]                       0x08003bac   Section        0  lora.o(.text.newLoRa)
    [Anonymous Symbol]                       0x08003bc8   Section        0  main.o(.text.setup)
    $v0                                      0x08003d08   Number         0  ddiv.o(x$fpl$ddiv)
    x$fpl$ddiv                               0x08003d08   Section      696  ddiv.o(x$fpl$ddiv)
    ddiv_entry                               0x08003d0f   Thumb Code     0  ddiv.o(x$fpl$ddiv)
    $v0                                      0x08003fc0   Number         0  dfix.o(x$fpl$dfix)
    x$fpl$dfix                               0x08003fc0   Section       94  dfix.o(x$fpl$dfix)
    $v0                                      0x0800401e   Number         0  dflt_clz.o(x$fpl$dflt)
    x$fpl$dflt                               0x0800401e   Section       46  dflt_clz.o(x$fpl$dflt)
    $v0                                      0x0800404c   Number         0  dnaninf.o(x$fpl$dnaninf)
    x$fpl$dnaninf                            0x0800404c   Section      156  dnaninf.o(x$fpl$dnaninf)
    $v0                                      0x080040e8   Number         0  dretinf.o(x$fpl$dretinf)
    x$fpl$dretinf                            0x080040e8   Section       12  dretinf.o(x$fpl$dretinf)
    $v0                                      0x080040f4   Number         0  fpinit.o(x$fpl$fpinit)
    x$fpl$fpinit                             0x080040f4   Section       26  fpinit.o(x$fpl$fpinit)
    x$fpl$usenofp                            0x0800410e   Section        0  usenofp.o(x$fpl$usenofp)
    .L__const.LoRa_setAutoLDO.BW             0x08004110   Data          80  lora.o(.rodata..L__const.LoRa_setAutoLDO.BW)
    .L.str.4                                 0x08004178   Data           4  main.o(.rodata.str1.1)
    [Anonymous Symbol]                       0x08004178   Section        0  main.o(.rodata.str1.1)
    .L_MergedGlobals                         0x20000000   Data           8  stm32f4xx_hal.o(.data..L_MergedGlobals)
    [Anonymous Symbol]                       0x20000000   Section        0  stm32f4xx_hal.o(.data..L_MergedGlobals)
    .bss                                     0x20000010   Section       96  libspace.o(.bss)
    .L_MergedGlobals                         0x20000070   Data         116  main.o(.bss..L_MergedGlobals)
    [Anonymous Symbol]                       0x20000070   Section        0  main.o(.bss..L_MergedGlobals)
    Heap_Mem                                 0x20000688   Data         512  startup_stm32f446xx.o(HEAP)
    HEAP                                     0x20000688   Section      512  startup_stm32f446xx.o(HEAP)
    Stack_Mem                                0x20000888   Data        1024  startup_stm32f446xx.o(STACK)
    STACK                                    0x20000888   Section     1024  startup_stm32f446xx.o(STACK)
    __initial_sp                             0x20000c88   Data           0  startup_stm32f446xx.o(STACK)

    Global Symbols

    Symbol Name                              Value     Ov Type        Size  Object(Section)

    BuildAttributes$$THM_ISAv4$E$P$D$K$B$S$7EM$VFPi3$EXTD16$VFPS$VFMA$PE$A:L22UL41UL21$X:L11$S22US41US21$IEEE1$IW$~IW$USESV6$~STKCKD$USESV7$~SHL$OTIME$ROPI$EBA8$UX$STANDARDLIB$REQ8$PRES8$EABIv2 0x00000000   Number         0  anon$$obj.o ABSOLUTE
    __ARM_exceptions_init                     - Undefined Weak Reference
    __alloca_initialize                       - Undefined Weak Reference
    __arm_preinit_                            - Undefined Weak Reference
    __arm_relocate_pie_                       - Undefined Weak Reference
    __cpp_initialize__aeabi_                  - Undefined Weak Reference
    __cxa_finalize                            - Undefined Weak Reference
    __rt_locale                               - Undefined Weak Reference
    __sigvec_lookup                           - Undefined Weak Reference
    _atexit_init                              - Undefined Weak Reference
    _call_atexit_fns                          - Undefined Weak Reference
    _clock_init                               - Undefined Weak Reference
    _fp_trap_init                             - Undefined Weak Reference
    _fp_trap_shutdown                         - Undefined Weak Reference
    _get_lc_collate                           - Undefined Weak Reference
    _get_lc_ctype                             - Undefined Weak Reference
    _get_lc_monetary                          - Undefined Weak Reference
    _get_lc_numeric                           - Undefined Weak Reference
    _get_lc_time                              - Undefined Weak Reference
    _getenv_init                              - Undefined Weak Reference
    _handle_redirection                       - Undefined Weak Reference
    _init_alloc                               - Undefined Weak Reference
    _init_user_alloc                          - Undefined Weak Reference
    _initio                                   - Undefined Weak Reference
    _printf_post_padding                      - Undefined Weak Reference
    _printf_pre_padding                       - Undefined Weak Reference
    _printf_truncate_signed                   - Undefined Weak Reference
    _printf_truncate_unsigned                 - Undefined Weak Reference
    _rand_init                                - Undefined Weak Reference
    _signal_finish                            - Undefined Weak Reference
    _signal_init                              - Undefined Weak Reference
    _terminate_alloc                          - Undefined Weak Reference
    _terminate_user_alloc                     - Undefined Weak Reference
    _terminateio                              - Undefined Weak Reference
    __Vectors_Size                           0x000001c4   Number         0  startup_stm32f446xx.o ABSOLUTE
    __Vectors                                0x08000000   Data           4  startup_stm32f446xx.o(RESET)
    __Vectors_End                            0x080001c4   Data           0  startup_stm32f446xx.o(RESET)
    __main                                   0x080001c5   Thumb Code     8  __main.o(!!!main)
    __scatterload                            0x080001cd   Thumb Code     0  __scatter.o(!!!scatter)
    __scatterload_rt2                        0x080001cd   Thumb Code    84  __scatter.o(!!!scatter)
    __scatterload_rt2_thumb_only             0x080001cd   Thumb Code     0  __scatter.o(!!!scatter)
    __scatterload_loop                       0x080001d7   Thumb Code     0  __scatter.o(!!!scatter)
    __scatterload_copy                       0x08000229   Thumb Code    26  __scatter_copy.o(!!handler_copy)
    __scatterload_null                       0x08000245   Thumb Code     2  __scatter.o(!!handler_null)
    __scatterload_zeroinit                   0x08000249   Thumb Code    28  __scatter_zi.o(!!handler_zi)
    _printf_d                                0x08000265   Thumb Code     0  _printf_d.o(.ARM.Collect$$_printf_percent$$00000009)
    _printf_percent                          0x08000265   Thumb Code     0  _printf_percent.o(.ARM.Collect$$_printf_percent$$00000000)
    _printf_percent_end                      0x0800026b   Thumb Code     0  _printf_percent_end.o(.ARM.Collect$$_printf_percent$$00000017)
    __rt_lib_init                            0x0800026f   Thumb Code     0  libinit.o(.ARM.Collect$$libinit$$00000000)
    __rt_lib_init_fp_1                       0x08000271   Thumb Code     0  libinit2.o(.ARM.Collect$$libinit$$00000001)
    __rt_lib_init_alloca_1                   0x08000275   Thumb Code     0  libinit2.o(.ARM.Collect$$libinit$$00000030)
    __rt_lib_init_argv_1                     0x08000275   Thumb Code     0  libinit2.o(.ARM.Collect$$libinit$$0000002E)
    __rt_lib_init_atexit_1                   0x08000275   Thumb Code     0  libinit2.o(.ARM.Collect$$libinit$$0000001D)
    __rt_lib_init_clock_1                    0x08000275   Thumb Code     0  libinit2.o(.ARM.Collect$$libinit$$00000023)
    __rt_lib_init_cpp_1                      0x08000275   Thumb Code     0  libinit2.o(.ARM.Collect$$libinit$$00000034)
    __rt_lib_init_exceptions_1               0x08000275   Thumb Code     0  libinit2.o(.ARM.Collect$$libinit$$00000032)
    __rt_lib_init_fp_trap_1                  0x08000275   Thumb Code     0  libinit2.o(.ARM.Collect$$libinit$$00000021)
    __rt_lib_init_getenv_1                   0x08000275   Thumb Code     0  libinit2.o(.ARM.Collect$$libinit$$00000025)
    __rt_lib_init_heap_1                     0x08000275   Thumb Code     0  libinit2.o(.ARM.Collect$$libinit$$0000000C)
    __rt_lib_init_lc_collate_1               0x08000275   Thumb Code     0  libinit2.o(.ARM.Collect$$libinit$$00000013)
    __rt_lib_init_lc_ctype_1                 0x08000275   Thumb Code     0  libinit2.o(.ARM.Collect$$libinit$$00000015)
    __rt_lib_init_lc_monetary_1              0x08000275   Thumb Code     0  libinit2.o(.ARM.Collect$$libinit$$00000017)
    __rt_lib_init_lc_numeric_1               0x08000275   Thumb Code     0  libinit2.o(.ARM.Collect$$libinit$$00000019)
    __rt_lib_init_lc_time_1                  0x08000275   Thumb Code     0  libinit2.o(.ARM.Collect$$libinit$$0000001B)
    __rt_lib_init_preinit_1                  0x08000275   Thumb Code     0  libinit2.o(.ARM.Collect$$libinit$$00000006)
    __rt_lib_init_rand_1                     0x08000275   Thumb Code     0  libinit2.o(.ARM.Collect$$libinit$$00000010)
    __rt_lib_init_relocate_pie_1             0x08000275   Thumb Code     0  libinit2.o(.ARM.Collect$$libinit$$00000004)
    __rt_lib_init_return                     0x08000275   Thumb Code     0  libinit2.o(.ARM.Collect$$libinit$$00000035)
    __rt_lib_init_signal_1                   0x08000275   Thumb Code     0  libinit2.o(.ARM.Collect$$libinit$$0000001F)
    __rt_lib_init_stdio_1                    0x08000275   Thumb Code     0  libinit2.o(.ARM.Collect$$libinit$$00000027)
    __rt_lib_init_user_alloc_1               0x08000275   Thumb Code     0  libinit2.o(.ARM.Collect$$libinit$$0000000E)
    __rt_lib_shutdown                        0x08000277   Thumb Code     0  libshutdown.o(.ARM.Collect$$libshutdown$$00000000)
    __rt_lib_shutdown_cpp_1                  0x08000279   Thumb Code     0  libshutdown2.o(.ARM.Collect$$libshutdown$$00000002)
    __rt_lib_shutdown_fp_trap_1              0x08000279   Thumb Code     0  libshutdown2.o(.ARM.Collect$$libshutdown$$00000007)
    __rt_lib_shutdown_heap_1                 0x08000279   Thumb Code     0  libshutdown2.o(.ARM.Collect$$libshutdown$$0000000F)
    __rt_lib_shutdown_return                 0x08000279   Thumb Code     0  libshutdown2.o(.ARM.Collect$$libshutdown$$00000010)
    __rt_lib_shutdown_signal_1               0x08000279   Thumb Code     0  libshutdown2.o(.ARM.Collect$$libshutdown$$0000000A)
    __rt_lib_shutdown_stdio_1                0x08000279   Thumb Code     0  libshutdown2.o(.ARM.Collect$$libshutdown$$00000004)
    __rt_lib_shutdown_user_alloc_1           0x08000279   Thumb Code     0  libshutdown2.o(.ARM.Collect$$libshutdown$$0000000C)
    __rt_entry                               0x0800027b   Thumb Code     0  __rtentry.o(.ARM.Collect$$rtentry$$00000000)
    __rt_entry_presh_1                       0x0800027b   Thumb Code     0  __rtentry2.o(.ARM.Collect$$rtentry$$00000002)
    __rt_entry_sh                            0x0800027b   Thumb Code     0  __rtentry4.o(.ARM.Collect$$rtentry$$00000004)
    __rt_entry_li                            0x08000281   Thumb Code     0  __rtentry2.o(.ARM.Collect$$rtentry$$0000000A)
    __rt_entry_postsh_1                      0x08000281   Thumb Code     0  __rtentry2.o(.ARM.Collect$$rtentry$$00000009)
    __rt_entry_main                          0x08000285   Thumb Code     0  __rtentry2.o(.ARM.Collect$$rtentry$$0000000D)
    __rt_entry_postli_1                      0x08000285   Thumb Code     0  __rtentry2.o(.ARM.Collect$$rtentry$$0000000C)
    __rt_exit                                0x0800028d   Thumb Code     0  rtexit.o(.ARM.Collect$$rtexit$$00000000)
    __rt_exit_ls                             0x0800028f   Thumb Code     0  rtexit2.o(.ARM.Collect$$rtexit$$00000003)
    __rt_exit_prels_1                        0x0800028f   Thumb Code     0  rtexit2.o(.ARM.Collect$$rtexit$$00000002)
    __rt_exit_exit                           0x08000293   Thumb Code     0  rtexit2.o(.ARM.Collect$$rtexit$$00000004)
    Reset_Handler                            0x08000299   Thumb Code     8  startup_stm32f446xx.o(.text)
    ADC_IRQHandler                           0x080002b3   Thumb Code     0  startup_stm32f446xx.o(.text)
    CAN1_RX0_IRQHandler                      0x080002b3   Thumb Code     0  startup_stm32f446xx.o(.text)
    CAN1_RX1_IRQHandler                      0x080002b3   Thumb Code     0  startup_stm32f446xx.o(.text)
    CAN1_SCE_IRQHandler                      0x080002b3   Thumb Code     0  startup_stm32f446xx.o(.text)
    CAN1_TX_IRQHandler                       0x080002b3   Thumb Code     0  startup_stm32f446xx.o(.text)
    CAN2_RX0_IRQHandler                      0x080002b3   Thumb Code     0  startup_stm32f446xx.o(.text)
    CAN2_RX1_IRQHandler                      0x080002b3   Thumb Code     0  startup_stm32f446xx.o(.text)
    CAN2_SCE_IRQHandler                      0x080002b3   Thumb Code     0  startup_stm32f446xx.o(.text)
    CAN2_TX_IRQHandler                       0x080002b3   Thumb Code     0  startup_stm32f446xx.o(.text)
    CEC_IRQHandler                           0x080002b3   Thumb Code     0  startup_stm32f446xx.o(.text)
    DCMI_IRQHandler                          0x080002b3   Thumb Code     0  startup_stm32f446xx.o(.text)
    DMA1_Stream0_IRQHandler                  0x080002b3   Thumb Code     0  startup_stm32f446xx.o(.text)
    DMA1_Stream1_IRQHandler                  0x080002b3   Thumb Code     0  startup_stm32f446xx.o(.text)
    DMA1_Stream2_IRQHandler                  0x080002b3   Thumb Code     0  startup_stm32f446xx.o(.text)
    DMA1_Stream3_IRQHandler                  0x080002b3   Thumb Code     0  startup_stm32f446xx.o(.text)
    DMA1_Stream4_IRQHandler                  0x080002b3   Thumb Code     0  startup_stm32f446xx.o(.text)
    DMA1_Stream5_IRQHandler                  0x080002b3   Thumb Code     0  startup_stm32f446xx.o(.text)
    DMA1_Stream6_IRQHandler                  0x080002b3   Thumb Code     0  startup_stm32f446xx.o(.text)
    DMA1_Stream7_IRQHandler                  0x080002b3   Thumb Code     0  startup_stm32f446xx.o(.text)
    DMA2_Stream0_IRQHandler                  0x080002b3   Thumb Code     0  startup_stm32f446xx.o(.text)
    DMA2_Stream1_IRQHandler                  0x080002b3   Thumb Code     0  startup_stm32f446xx.o(.text)
    DMA2_Stream2_IRQHandler                  0x080002b3   Thumb Code     0  startup_stm32f446xx.o(.text)
    DMA2_Stream3_IRQHandler                  0x080002b3   Thumb Code     0  startup_stm32f446xx.o(.text)
    DMA2_Stream4_IRQHandler                  0x080002b3   Thumb Code     0  startup_stm32f446xx.o(.text)
    DMA2_Stream5_IRQHandler                  0x080002b3   Thumb Code     0  startup_stm32f446xx.o(.text)
    DMA2_Stream6_IRQHandler                  0x080002b3   Thumb Code     0  startup_stm32f446xx.o(.text)
    DMA2_Stream7_IRQHandler                  0x080002b3   Thumb Code     0  startup_stm32f446xx.o(.text)
    EXTI0_IRQHandler                         0x080002b3   Thumb Code     0  startup_stm32f446xx.o(.text)
    EXTI15_10_IRQHandler                     0x080002b3   Thumb Code     0  startup_stm32f446xx.o(.text)
    EXTI1_IRQHandler                         0x080002b3   Thumb Code     0  startup_stm32f446xx.o(.text)
    EXTI2_IRQHandler                         0x080002b3   Thumb Code     0  startup_stm32f446xx.o(.text)
    EXTI3_IRQHandler                         0x080002b3   Thumb Code     0  startup_stm32f446xx.o(.text)
    EXTI4_IRQHandler                         0x080002b3   Thumb Code     0  startup_stm32f446xx.o(.text)
    EXTI9_5_IRQHandler                       0x080002b3   Thumb Code     0  startup_stm32f446xx.o(.text)
    FLASH_IRQHandler                         0x080002b3   Thumb Code     0  startup_stm32f446xx.o(.text)
    FMC_IRQHandler                           0x080002b3   Thumb Code     0  startup_stm32f446xx.o(.text)
    FMPI2C1_ER_IRQHandler                    0x080002b3   Thumb Code     0  startup_stm32f446xx.o(.text)
    FMPI2C1_EV_IRQHandler                    0x080002b3   Thumb Code     0  startup_stm32f446xx.o(.text)
    FPU_IRQHandler                           0x080002b3   Thumb Code     0  startup_stm32f446xx.o(.text)
    I2C1_ER_IRQHandler                       0x080002b3   Thumb Code     0  startup_stm32f446xx.o(.text)
    I2C1_EV_IRQHandler                       0x080002b3   Thumb Code     0  startup_stm32f446xx.o(.text)
    I2C2_ER_IRQHandler                       0x080002b3   Thumb Code     0  startup_stm32f446xx.o(.text)
    I2C2_EV_IRQHandler                       0x080002b3   Thumb Code     0  startup_stm32f446xx.o(.text)
    I2C3_ER_IRQHandler                       0x080002b3   Thumb Code     0  startup_stm32f446xx.o(.text)
    I2C3_EV_IRQHandler                       0x080002b3   Thumb Code     0  startup_stm32f446xx.o(.text)
    OTG_FS_IRQHandler                        0x080002b3   Thumb Code     0  startup_stm32f446xx.o(.text)
    OTG_FS_WKUP_IRQHandler                   0x080002b3   Thumb Code     0  startup_stm32f446xx.o(.text)
    OTG_HS_EP1_IN_IRQHandler                 0x080002b3   Thumb Code     0  startup_stm32f446xx.o(.text)
    OTG_HS_EP1_OUT_IRQHandler                0x080002b3   Thumb Code     0  startup_stm32f446xx.o(.text)
    OTG_HS_IRQHandler                        0x080002b3   Thumb Code     0  startup_stm32f446xx.o(.text)
    OTG_HS_WKUP_IRQHandler                   0x080002b3   Thumb Code     0  startup_stm32f446xx.o(.text)
    PVD_IRQHandler                           0x080002b3   Thumb Code     0  startup_stm32f446xx.o(.text)
    QUADSPI_IRQHandler                       0x080002b3   Thumb Code     0  startup_stm32f446xx.o(.text)
    RCC_IRQHandler                           0x080002b3   Thumb Code     0  startup_stm32f446xx.o(.text)
    RTC_Alarm_IRQHandler                     0x080002b3   Thumb Code     0  startup_stm32f446xx.o(.text)
    RTC_WKUP_IRQHandler                      0x080002b3   Thumb Code     0  startup_stm32f446xx.o(.text)
    SAI1_IRQHandler                          0x080002b3   Thumb Code     0  startup_stm32f446xx.o(.text)
    SAI2_IRQHandler                          0x080002b3   Thumb Code     0  startup_stm32f446xx.o(.text)
    SDIO_IRQHandler                          0x080002b3   Thumb Code     0  startup_stm32f446xx.o(.text)
    SPDIF_RX_IRQHandler                      0x080002b3   Thumb Code     0  startup_stm32f446xx.o(.text)
    SPI1_IRQHandler                          0x080002b3   Thumb Code     0  startup_stm32f446xx.o(.text)
    SPI2_IRQHandler                          0x080002b3   Thumb Code     0  startup_stm32f446xx.o(.text)
    SPI3_IRQHandler                          0x080002b3   Thumb Code     0  startup_stm32f446xx.o(.text)
    SPI4_IRQHandler                          0x080002b3   Thumb Code     0  startup_stm32f446xx.o(.text)
    TAMP_STAMP_IRQHandler                    0x080002b3   Thumb Code     0  startup_stm32f446xx.o(.text)
    TIM1_BRK_TIM9_IRQHandler                 0x080002b3   Thumb Code     0  startup_stm32f446xx.o(.text)
    TIM1_CC_IRQHandler                       0x080002b3   Thumb Code     0  startup_stm32f446xx.o(.text)
    TIM1_TRG_COM_TIM11_IRQHandler            0x080002b3   Thumb Code     0  startup_stm32f446xx.o(.text)
    TIM1_UP_TIM10_IRQHandler                 0x080002b3   Thumb Code     0  startup_stm32f446xx.o(.text)
    TIM2_IRQHandler                          0x080002b3   Thumb Code     0  startup_stm32f446xx.o(.text)
    TIM3_IRQHandler                          0x080002b3   Thumb Code     0  startup_stm32f446xx.o(.text)
    TIM4_IRQHandler                          0x080002b3   Thumb Code     0  startup_stm32f446xx.o(.text)
    TIM5_IRQHandler                          0x080002b3   Thumb Code     0  startup_stm32f446xx.o(.text)
    TIM6_DAC_IRQHandler                      0x080002b3   Thumb Code     0  startup_stm32f446xx.o(.text)
    TIM7_IRQHandler                          0x080002b3   Thumb Code     0  startup_stm32f446xx.o(.text)
    TIM8_BRK_TIM12_IRQHandler                0x080002b3   Thumb Code     0  startup_stm32f446xx.o(.text)
    TIM8_CC_IRQHandler                       0x080002b3   Thumb Code     0  startup_stm32f446xx.o(.text)
    TIM8_TRG_COM_TIM14_IRQHandler            0x080002b3   Thumb Code     0  startup_stm32f446xx.o(.text)
    TIM8_UP_TIM13_IRQHandler                 0x080002b3   Thumb Code     0  startup_stm32f446xx.o(.text)
    UART4_IRQHandler                         0x080002b3   Thumb Code     0  startup_stm32f446xx.o(.text)
    UART5_IRQHandler                         0x080002b3   Thumb Code     0  startup_stm32f446xx.o(.text)
    USART1_IRQHandler                        0x080002b3   Thumb Code     0  startup_stm32f446xx.o(.text)
    USART2_IRQHandler                        0x080002b3   Thumb Code     0  startup_stm32f446xx.o(.text)
    USART3_IRQHandler                        0x080002b3   Thumb Code     0  startup_stm32f446xx.o(.text)
    USART6_IRQHandler                        0x080002b3   Thumb Code     0  startup_stm32f446xx.o(.text)
    WWDG_IRQHandler                          0x080002b3   Thumb Code     0  startup_stm32f446xx.o(.text)
    __user_initial_stackheap                 0x080002b5   Thumb Code     0  startup_stm32f446xx.o(.text)
    __aeabi_uldivmod                         0x080002d9   Thumb Code     0  lludivv7m.o(.text)
    _ll_udiv                                 0x080002d9   Thumb Code   240  lludivv7m.o(.text)
    __2sprintf                               0x080003c9   Thumb Code    34  noretval__2sprintf.o(.text)
    __printf                                 0x080003f1   Thumb Code   104  __printf.o(.text)
    _printf_int_dec                          0x08000459   Thumb Code   104  _printf_dec.o(.text)
    strlen                                   0x080004d1   Thumb Code    62  strlen.o(.text)
    __aeabi_memclr                           0x0800050f   Thumb Code     0  rt_memclr.o(.text)
    __rt_memclr                              0x0800050f   Thumb Code     0  rt_memclr.o(.text)
    _memset                                  0x08000513   Thumb Code    64  rt_memclr.o(.text)
    __aeabi_memclr4                          0x08000553   Thumb Code     0  rt_memclr_w.o(.text)
    __aeabi_memclr8                          0x08000553   Thumb Code     0  rt_memclr_w.o(.text)
    __rt_memclr_w                            0x08000553   Thumb Code     0  rt_memclr_w.o(.text)
    _memset_w                                0x08000557   Thumb Code    74  rt_memclr_w.o(.text)
    __use_two_region_memory                  0x080005a1   Thumb Code     2  heapauxi.o(.text)
    __rt_heap_escrow$2region                 0x080005a3   Thumb Code     2  heapauxi.o(.text)
    __rt_heap_expand$2region                 0x080005a5   Thumb Code     2  heapauxi.o(.text)
    _printf_int_common                       0x080005a7   Thumb Code   178  _printf_intcommon.o(.text)
    _printf_char_common                      0x08000663   Thumb Code    32  _printf_char_common.o(.text)
    _sputc                                   0x08000689   Thumb Code    10  _sputc.o(.text)
    __user_setup_stackheap                   0x08000693   Thumb Code    74  sys_stackheap_outer.o(.text)
    exit                                     0x080006dd   Thumb Code    18  exit.o(.text)
    __user_libspace                          0x080006f1   Thumb Code     8  libspace.o(.text)
    __user_perproc_libspace                  0x080006f1   Thumb Code     0  libspace.o(.text)
    __user_perthread_libspace                0x080006f1   Thumb Code     0  libspace.o(.text)
    _sys_exit                                0x080006f9   Thumb Code     8  sys_exit.o(.text)
    __I$use$semihosting                      0x08000705   Thumb Code     0  use_no_semi.o(.text)
    __use_no_semihosting_swi                 0x08000705   Thumb Code     2  use_no_semi.o(.text)
    __semihosting_library_function           0x08000707   Thumb Code     0  indicate_semi.o(.text)
    BusFault_Handler                         0x08000709   Thumb Code     2  stm32f4xx_it.o(.text.BusFault_Handler)
    DebugMon_Handler                         0x0800070d   Thumb Code     2  stm32f4xx_it.o(.text.DebugMon_Handler)
    Error_Handler                            0x08000711   Thumb Code     6  main.o(.text.Error_Handler)
    HAL_Delay                                0x08000719   Thumb Code    40  stm32f4xx_hal.o(.text.HAL_Delay)
    HAL_GPIO_Init                            0x08000741   Thumb Code   414  stm32f4xx_hal_gpio.o(.text.HAL_GPIO_Init)
    HAL_GPIO_WritePin                        0x080008e1   Thumb Code    10  stm32f4xx_hal_gpio.o(.text.HAL_GPIO_WritePin)
    HAL_GetTick                              0x080008ed   Thumb Code    12  stm32f4xx_hal.o(.text.HAL_GetTick)
    HAL_IncTick                              0x080008f9   Thumb Code    26  stm32f4xx_hal.o(.text.HAL_IncTick)
    HAL_Init                                 0x08000915   Thumb Code    54  stm32f4xx_hal.o(.text.HAL_Init)
    HAL_InitTick                             0x0800094d   Thumb Code    72  stm32f4xx_hal.o(.text.HAL_InitTick)
    HAL_MspInit                              0x08000995   Thumb Code    56  stm32f4xx_hal_msp.o(.text.HAL_MspInit)
    HAL_NVIC_SetPriority                     0x080009cd   Thumb Code    86  stm32f4xx_hal_cortex.o(.text.HAL_NVIC_SetPriority)
    HAL_NVIC_SetPriorityGrouping             0x08000a25   Thumb Code    32  stm32f4xx_hal_cortex.o(.text.HAL_NVIC_SetPriorityGrouping)
    HAL_PCDEx_ActivateLPM                    0x08000a45   Thumb Code    38  stm32f4xx_hal_pcd_ex.o(.text.HAL_PCDEx_ActivateLPM)
    HAL_PCD_Init                             0x08000a6d   Thumb Code   634  stm32f4xx_hal_pcd.o(.text.HAL_PCD_Init)
    HAL_PCD_MspInit                          0x08000ce9   Thumb Code   176  stm32f4xx_hal_msp.o(.text.HAL_PCD_MspInit)
    HAL_RCCEx_PeriphCLKConfig                0x08000d99   Thumb Code  1086  stm32f4xx_hal_rcc_ex.o(.text.HAL_RCCEx_PeriphCLKConfig)
    HAL_RCC_ClockConfig                      0x080011d9   Thumb Code   356  stm32f4xx_hal_rcc.o(.text.HAL_RCC_ClockConfig)
    HAL_RCC_GetPCLK1Freq                     0x0800133d   Thumb Code    38  stm32f4xx_hal_rcc.o(.text.HAL_RCC_GetPCLK1Freq)
    HAL_RCC_GetPCLK2Freq                     0x08001365   Thumb Code    38  stm32f4xx_hal_rcc.o(.text.HAL_RCC_GetPCLK2Freq)
    HAL_RCC_GetSysClockFreq                  0x0800138d   Thumb Code   162  stm32f4xx_hal_rcc_ex.o(.text.HAL_RCC_GetSysClockFreq)
    HAL_RCC_OscConfig                        0x08001431   Thumb Code   988  stm32f4xx_hal_rcc_ex.o(.text.HAL_RCC_OscConfig)
    HAL_SPI_GetState                         0x0800180d   Thumb Code     6  stm32f4xx_hal_spi.o(.text.HAL_SPI_GetState)
    HAL_SPI_Init                             0x08001815   Thumb Code   176  stm32f4xx_hal_spi.o(.text.HAL_SPI_Init)
    HAL_SPI_MspInit                          0x080018c5   Thumb Code   116  stm32f4xx_hal_msp.o(.text.HAL_SPI_MspInit)
    HAL_SPI_Receive                          0x08001939   Thumb Code   512  stm32f4xx_hal_spi.o(.text.HAL_SPI_Receive)
    HAL_SPI_Transmit                         0x08001b39   Thumb Code   628  stm32f4xx_hal_spi.o(.text.HAL_SPI_Transmit)
    HAL_SPI_TransmitReceive                  0x08001dad   Thumb Code   832  stm32f4xx_hal_spi.o(.text.HAL_SPI_TransmitReceive)
    HAL_SYSTICK_Config                       0x080020ed   Thumb Code    44  stm32f4xx_hal_cortex.o(.text.HAL_SYSTICK_Config)
    HAL_UART_Init                            0x08002119   Thumb Code    96  stm32f4xx_hal_uart.o(.text.HAL_UART_Init)
    HAL_UART_MspInit                         0x08002179   Thumb Code   118  stm32f4xx_hal_msp.o(.text.HAL_UART_MspInit)
    HAL_UART_Transmit                        0x080021f1   Thumb Code   402  stm32f4xx_hal_uart.o(.text.HAL_UART_Transmit)
    HardFault_Handler                        0x08002385   Thumb Code     2  stm32f4xx_it.o(.text.HardFault_Handler)
    LoRa_init                                0x08002389   Thumb Code   910  lora.o(.text.LoRa_init)
    LoRa_readReg                             0x08002719   Thumb Code    88  lora.o(.text.LoRa_readReg)
    LoRa_receive                             0x08002771   Thumb Code   376  lora.o(.text.LoRa_receive)
    LoRa_setSpreadingFactor                  0x080028e9   Thumb Code   222  lora.o(.text.LoRa_setSpreadingFactor)
    LoRa_startReceiving                      0x080029c9   Thumb Code    72  lora.o(.text.LoRa_startReceiving)
    LoRa_writeReg                            0x08002a11   Thumb Code    88  lora.o(.text.LoRa_writeReg)
    MemManage_Handler                        0x08002a69   Thumb Code     2  stm32f4xx_it.o(.text.MemManage_Handler)
    NMI_Handler                              0x08002a6d   Thumb Code     2  stm32f4xx_it.o(.text.NMI_Handler)
    PendSV_Handler                           0x08002a71   Thumb Code     2  stm32f4xx_it.o(.text.PendSV_Handler)
    SVC_Handler                              0x08002b99   Thumb Code     2  stm32f4xx_it.o(.text.SVC_Handler)
    SysTick_Handler                          0x08002b9d   Thumb Code     4  stm32f4xx_it.o(.text.SysTick_Handler)
    SystemClock_Config                       0x08002ba1   Thumb Code   172  main.o(.text.SystemClock_Config)
    SystemInit                               0x08002c4d   Thumb Code    18  system_stm32f4xx.o(.text.SystemInit)
    USB_CoreInit                             0x08002d49   Thumb Code   630  stm32f4xx_ll_usb.o(.text.USB_CoreInit)
    USB_DevDisconnect                        0x08002fc1   Thumb Code    30  stm32f4xx_ll_usb.o(.text.USB_DevDisconnect)
    USB_DevInit                              0x08002fe1   Thumb Code  1202  stm32f4xx_ll_usb.o(.text.USB_DevInit)
    USB_DisableGlobalInt                     0x08003495   Thumb Code    14  stm32f4xx_ll_usb.o(.text.USB_DisableGlobalInt)
    USB_SetCurrentMode                       0x080034a5   Thumb Code   872  stm32f4xx_ll_usb.o(.text.USB_SetCurrentMode)
    UsageFault_Handler                       0x0800380d   Thumb Code     2  stm32f4xx_it.o(.text.UsageFault_Handler)
    main                                     0x08003811   Thumb Code   904  main.o(.text.main)
    newLoRa                                  0x08003bad   Thumb Code    28  lora.o(.text.newLoRa)
    setup                                    0x08003bc9   Thumb Code   292  main.o(.text.setup)
    __aeabi_ddiv                             0x08003d09   Thumb Code     0  ddiv.o(x$fpl$ddiv)
    _ddiv                                    0x08003d09   Thumb Code   560  ddiv.o(x$fpl$ddiv)
    __aeabi_d2iz                             0x08003fc1   Thumb Code     0  dfix.o(x$fpl$dfix)
    _dfix                                    0x08003fc1   Thumb Code    94  dfix.o(x$fpl$dfix)
    __aeabi_i2d                              0x0800401f   Thumb Code     0  dflt_clz.o(x$fpl$dflt)
    _dflt                                    0x0800401f   Thumb Code    46  dflt_clz.o(x$fpl$dflt)
    __fpl_dnaninf                            0x0800404d   Thumb Code   156  dnaninf.o(x$fpl$dnaninf)
    __fpl_dretinf                            0x080040e9   Thumb Code    12  dretinf.o(x$fpl$dretinf)
    _fp_init                                 0x080040f5   Thumb Code    26  fpinit.o(x$fpl$fpinit)
    __fplib_config_fpu_vfp                   0x0800410d   Thumb Code     0  fpinit.o(x$fpl$fpinit)
    __fplib_config_pureend_doubles           0x0800410d   Thumb Code     0  fpinit.o(x$fpl$fpinit)
    __I$use$fp                               0x0800410e   Number         0  usenofp.o(x$fpl$usenofp)
    AHBPrescTable                            0x08004160   Data          16  system_stm32f4xx.o(.rodata.AHBPrescTable)
    APBPrescTable                            0x08004170   Data           8  system_stm32f4xx.o(.rodata.APBPrescTable)
    Region$$Table$$Base                      0x0800417c   Number         0  anon$$obj.o(Region$$Table)
    Region$$Table$$Limit                     0x0800419c   Number         0  anon$$obj.o(Region$$Table)
    uwTickFreq                               0x20000000   Data           1  stm32f4xx_hal.o(.data..L_MergedGlobals)
    uwTickPrio                               0x20000004   Data           4  stm32f4xx_hal.o(.data..L_MergedGlobals)
    SystemCoreClock                          0x20000008   Data           4  system_stm32f4xx.o(.data.SystemCoreClock)
    __libspace_start                         0x20000010   Data          96  libspace.o(.bss)
    __temporary_stack_top$libspace           0x20000070   Data           0  libspace.o(.bss)
    myLoRa                                   0x20000070   Data          44  main.o(.bss..L_MergedGlobals)
    huart3                                   0x2000009c   Data          72  main.o(.bss..L_MergedGlobals)
    hpcd_USB_OTG_FS                          0x200000e4   Data        1252  main.o(.bss.hpcd_USB_OTG_FS)
    hspi1                                    0x200005c8   Data          88  main.o(.bss.hspi1)
    message                                  0x20000620   Data         100  main.o(.bss.message)
    uwTick                                   0x20000684   Data           4  stm32f4xx_hal.o(.bss.uwTick)



==============================================================================

Memory Map of the image

  Image Entry point : 0x080001c5

  Load Region LR_IROM1 (Base: 0x08000000, Size: 0x000041b0, Max: 0x00080000, ABSOLUTE)

    Execution Region ER_IROM1 (Exec base: 0x08000000, Load base: 0x08000000, Size: 0x0000419c, Max: 0x00080000, ABSOLUTE)

    Exec Addr    Load Addr    Size         Type   Attr      Idx    E Section Name        Object

    0x08000000   0x08000000   0x000001c4   Data   RO            3    RESET               startup_stm32f446xx.o
    0x080001c4   0x080001c4   0x00000008   Code   RO         1055  * !!!main             c_w.l(__main.o)
    0x080001cc   0x080001cc   0x0000005c   Code   RO         1258    !!!scatter          c_w.l(__scatter.o)
    0x08000228   0x08000228   0x0000001a   Code   RO         1262    !!handler_copy      c_w.l(__scatter_copy.o)
    0x08000242   0x08000242   0x00000002   PAD
    0x08000244   0x08000244   0x00000002   Code   RO         1259    !!handler_null      c_w.l(__scatter.o)
    0x08000246   0x08000246   0x00000002   PAD
    0x08000248   0x08000248   0x0000001c   Code   RO         1264    !!handler_zi        c_w.l(__scatter_zi.o)
    0x08000264   0x08000264   0x00000000   Code   RO         1046    .ARM.Collect$$_printf_percent$$00000000  c_w.l(_printf_percent.o)
    0x08000264   0x08000264   0x00000006   Code   RO         1045    .ARM.Collect$$_printf_percent$$00000009  c_w.l(_printf_d.o)
    0x0800026a   0x0800026a   0x00000004   Code   RO         1082    .ARM.Collect$$_printf_percent$$00000017  c_w.l(_printf_percent_end.o)
    0x0800026e   0x0800026e   0x00000002   Code   RO         1120    .ARM.Collect$$libinit$$00000000  c_w.l(libinit.o)
    0x08000270   0x08000270   0x00000004   Code   RO         1132    .ARM.Collect$$libinit$$00000001  c_w.l(libinit2.o)
    0x08000274   0x08000274   0x00000000   Code   RO         1135    .ARM.Collect$$libinit$$00000004  c_w.l(libinit2.o)
    0x08000274   0x08000274   0x00000000   Code   RO         1137    .ARM.Collect$$libinit$$00000006  c_w.l(libinit2.o)
    0x08000274   0x08000274   0x00000000   Code   RO         1140    .ARM.Collect$$libinit$$0000000C  c_w.l(libinit2.o)
    0x08000274   0x08000274   0x00000000   Code   RO         1142    .ARM.Collect$$libinit$$0000000E  c_w.l(libinit2.o)
    0x08000274   0x08000274   0x00000000   Code   RO         1144    .ARM.Collect$$libinit$$00000010  c_w.l(libinit2.o)
    0x08000274   0x08000274   0x00000000   Code   RO         1147    .ARM.Collect$$libinit$$00000013  c_w.l(libinit2.o)
    0x08000274   0x08000274   0x00000000   Code   RO         1149    .ARM.Collect$$libinit$$00000015  c_w.l(libinit2.o)
    0x08000274   0x08000274   0x00000000   Code   RO         1151    .ARM.Collect$$libinit$$00000017  c_w.l(libinit2.o)
    0x08000274   0x08000274   0x00000000   Code   RO         1153    .ARM.Collect$$libinit$$00000019  c_w.l(libinit2.o)
    0x08000274   0x08000274   0x00000000   Code   RO         1155    .ARM.Collect$$libinit$$0000001B  c_w.l(libinit2.o)
    0x08000274   0x08000274   0x00000000   Code   RO         1157    .ARM.Collect$$libinit$$0000001D  c_w.l(libinit2.o)
    0x08000274   0x08000274   0x00000000   Code   RO         1159    .ARM.Collect$$libinit$$0000001F  c_w.l(libinit2.o)
    0x08000274   0x08000274   0x00000000   Code   RO         1161    .ARM.Collect$$libinit$$00000021  c_w.l(libinit2.o)
    0x08000274   0x08000274   0x00000000   Code   RO         1163    .ARM.Collect$$libinit$$00000023  c_w.l(libinit2.o)
    0x08000274   0x08000274   0x00000000   Code   RO         1165    .ARM.Collect$$libinit$$00000025  c_w.l(libinit2.o)
    0x08000274   0x08000274   0x00000000   Code   RO         1167    .ARM.Collect$$libinit$$00000027  c_w.l(libinit2.o)
    0x08000274   0x08000274   0x00000000   Code   RO         1171    .ARM.Collect$$libinit$$0000002E  c_w.l(libinit2.o)
    0x08000274   0x08000274   0x00000000   Code   RO         1173    .ARM.Collect$$libinit$$00000030  c_w.l(libinit2.o)
    0x08000274   0x08000274   0x00000000   Code   RO         1175    .ARM.Collect$$libinit$$00000032  c_w.l(libinit2.o)
    0x08000274   0x08000274   0x00000000   Code   RO         1177    .ARM.Collect$$libinit$$00000034  c_w.l(libinit2.o)
    0x08000274   0x08000274   0x00000002   Code   RO         1178    .ARM.Collect$$libinit$$00000035  c_w.l(libinit2.o)
    0x08000276   0x08000276   0x00000002   Code   RO         1213    .ARM.Collect$$libshutdown$$00000000  c_w.l(libshutdown.o)
    0x08000278   0x08000278   0x00000000   Code   RO         1241    .ARM.Collect$$libshutdown$$00000002  c_w.l(libshutdown2.o)
    0x08000278   0x08000278   0x00000000   Code   RO         1243    .ARM.Collect$$libshutdown$$00000004  c_w.l(libshutdown2.o)
    0x08000278   0x08000278   0x00000000   Code   RO         1246    .ARM.Collect$$libshutdown$$00000007  c_w.l(libshutdown2.o)
    0x08000278   0x08000278   0x00000000   Code   RO         1249    .ARM.Collect$$libshutdown$$0000000A  c_w.l(libshutdown2.o)
    0x08000278   0x08000278   0x00000000   Code   RO         1251    .ARM.Collect$$libshutdown$$0000000C  c_w.l(libshutdown2.o)
    0x08000278   0x08000278   0x00000000   Code   RO         1254    .ARM.Collect$$libshutdown$$0000000F  c_w.l(libshutdown2.o)
    0x08000278   0x08000278   0x00000002   Code   RO         1255    .ARM.Collect$$libshutdown$$00000010  c_w.l(libshutdown2.o)
    0x0800027a   0x0800027a   0x00000000   Code   RO         1071    .ARM.Collect$$rtentry$$00000000  c_w.l(__rtentry.o)
    0x0800027a   0x0800027a   0x00000000   Code   RO         1089    .ARM.Collect$$rtentry$$00000002  c_w.l(__rtentry2.o)
    0x0800027a   0x0800027a   0x00000006   Code   RO         1101    .ARM.Collect$$rtentry$$00000004  c_w.l(__rtentry4.o)
    0x08000280   0x08000280   0x00000000   Code   RO         1091    .ARM.Collect$$rtentry$$00000009  c_w.l(__rtentry2.o)
    0x08000280   0x08000280   0x00000004   Code   RO         1092    .ARM.Collect$$rtentry$$0000000A  c_w.l(__rtentry2.o)
    0x08000284   0x08000284   0x00000000   Code   RO         1094    .ARM.Collect$$rtentry$$0000000C  c_w.l(__rtentry2.o)
    0x08000284   0x08000284   0x00000008   Code   RO         1095    .ARM.Collect$$rtentry$$0000000D  c_w.l(__rtentry2.o)
    0x0800028c   0x0800028c   0x00000002   Code   RO         1124    .ARM.Collect$$rtexit$$00000000  c_w.l(rtexit.o)
    0x0800028e   0x0800028e   0x00000000   Code   RO         1184    .ARM.Collect$$rtexit$$00000002  c_w.l(rtexit2.o)
    0x0800028e   0x0800028e   0x00000004   Code   RO         1185    .ARM.Collect$$rtexit$$00000003  c_w.l(rtexit2.o)
    0x08000292   0x08000292   0x00000006   Code   RO         1186    .ARM.Collect$$rtexit$$00000004  c_w.l(rtexit2.o)
    0x08000298   0x08000298   0x00000040   Code   RO            4    .text               startup_stm32f446xx.o
    0x080002d8   0x080002d8   0x000000f0   Code   RO         1015    .text               c_w.l(lludivv7m.o)
    0x080003c8   0x080003c8   0x00000028   Code   RO         1019    .text               c_w.l(noretval__2sprintf.o)
    0x080003f0   0x080003f0   0x00000068   Code   RO         1021    .text               c_w.l(__printf.o)
    0x08000458   0x08000458   0x00000078   Code   RO         1023    .text               c_w.l(_printf_dec.o)
    0x080004d0   0x080004d0   0x0000003e   Code   RO         1047    .text               c_w.l(strlen.o)
    0x0800050e   0x0800050e   0x00000044   Code   RO         1049    .text               c_w.l(rt_memclr.o)
    0x08000552   0x08000552   0x0000004e   Code   RO         1051    .text               c_w.l(rt_memclr_w.o)
    0x080005a0   0x080005a0   0x00000006   Code   RO         1053    .text               c_w.l(heapauxi.o)
    0x080005a6   0x080005a6   0x000000b2   Code   RO         1076    .text               c_w.l(_printf_intcommon.o)
    0x08000658   0x08000658   0x00000030   Code   RO         1078    .text               c_w.l(_printf_char_common.o)
    0x08000688   0x08000688   0x0000000a   Code   RO         1080    .text               c_w.l(_sputc.o)
    0x08000692   0x08000692   0x0000004a   Code   RO         1107    .text               c_w.l(sys_stackheap_outer.o)
    0x080006dc   0x080006dc   0x00000012   Code   RO         1109    .text               c_w.l(exit.o)
    0x080006ee   0x080006ee   0x00000002   PAD
    0x080006f0   0x080006f0   0x00000008   Code   RO         1121    .text               c_w.l(libspace.o)
    0x080006f8   0x080006f8   0x0000000c   Code   RO         1179    .text               c_w.l(sys_exit.o)
    0x08000704   0x08000704   0x00000002   Code   RO         1202    .text               c_w.l(use_no_semi.o)
    0x08000706   0x08000706   0x00000000   Code   RO         1204    .text               c_w.l(indicate_semi.o)
    0x08000706   0x08000706   0x00000002   PAD
    0x08000708   0x08000708   0x00000002   Code   RO           95    .text.BusFault_Handler  stm32f4xx_it.o
    0x0800070a   0x0800070a   0x00000002   PAD
    0x0800070c   0x0800070c   0x00000002   Code   RO          101    .text.DebugMon_Handler  stm32f4xx_it.o
    0x0800070e   0x0800070e   0x00000002   PAD
    0x08000710   0x08000710   0x00000006   Code   RO           72    .text.Error_Handler  main.o
    0x08000716   0x08000716   0x00000002   PAD
    0x08000718   0x08000718   0x00000028   Code   RO          605    .text.HAL_Delay     stm32f4xx_hal.o
    0x08000740   0x08000740   0x0000019e   Code   RO          394    .text.HAL_GPIO_Init  stm32f4xx_hal_gpio.o
    0x080008de   0x080008de   0x00000002   PAD
    0x080008e0   0x080008e0   0x0000000a   Code   RO          400    .text.HAL_GPIO_WritePin  stm32f4xx_hal_gpio.o
    0x080008ea   0x080008ea   0x00000002   PAD
    0x080008ec   0x080008ec   0x0000000c   Code   RO          597    .text.HAL_GetTick   stm32f4xx_hal.o
    0x080008f8   0x080008f8   0x0000001a   Code   RO          595    .text.HAL_IncTick   stm32f4xx_hal.o
    0x08000912   0x08000912   0x00000002   PAD
    0x08000914   0x08000914   0x00000036   Code   RO          585    .text.HAL_Init      stm32f4xx_hal.o
    0x0800094a   0x0800094a   0x00000002   PAD
    0x0800094c   0x0800094c   0x00000048   Code   RO          587    .text.HAL_InitTick  stm32f4xx_hal.o
    0x08000994   0x08000994   0x00000038   Code   RO          114    .text.HAL_MspInit   stm32f4xx_hal_msp.o
    0x080009cc   0x080009cc   0x00000056   Code   RO          535    .text.HAL_NVIC_SetPriority  stm32f4xx_hal_cortex.o
    0x08000a22   0x08000a22   0x00000002   PAD
    0x08000a24   0x08000a24   0x00000020   Code   RO          533    .text.HAL_NVIC_SetPriorityGrouping  stm32f4xx_hal_cortex.o
    0x08000a44   0x08000a44   0x00000026   Code   RO          879    .text.HAL_PCDEx_ActivateLPM  stm32f4xx_hal_pcd_ex.o
    0x08000a6a   0x08000a6a   0x00000002   PAD
    0x08000a6c   0x08000a6c   0x0000027a   Code   RO          797    .text.HAL_PCD_Init  stm32f4xx_hal_pcd.o
    0x08000ce6   0x08000ce6   0x00000002   PAD
    0x08000ce8   0x08000ce8   0x000000b0   Code   RO          124    .text.HAL_PCD_MspInit  stm32f4xx_hal_msp.o
    0x08000d98   0x08000d98   0x0000043e   Code   RO          286    .text.HAL_RCCEx_PeriphCLKConfig  stm32f4xx_hal_rcc_ex.o
    0x080011d6   0x080011d6   0x00000002   PAD
    0x080011d8   0x080011d8   0x00000164   Code   RO          254    .text.HAL_RCC_ClockConfig  stm32f4xx_hal_rcc.o
    0x0800133c   0x0800133c   0x00000026   Code   RO          266    .text.HAL_RCC_GetPCLK1Freq  stm32f4xx_hal_rcc.o
    0x08001362   0x08001362   0x00000002   PAD
    0x08001364   0x08001364   0x00000026   Code   RO          268    .text.HAL_RCC_GetPCLK2Freq  stm32f4xx_hal_rcc.o
    0x0800138a   0x0800138a   0x00000002   PAD
    0x0800138c   0x0800138c   0x000000a2   Code   RO          302    .text.HAL_RCC_GetSysClockFreq  stm32f4xx_hal_rcc_ex.o
    0x0800142e   0x0800142e   0x00000002   PAD
    0x08001430   0x08001430   0x000003dc   Code   RO          306    .text.HAL_RCC_OscConfig  stm32f4xx_hal_rcc_ex.o
    0x0800180c   0x0800180c   0x00000006   Code   RO          230    .text.HAL_SPI_GetState  stm32f4xx_hal_spi.o
    0x08001812   0x08001812   0x00000002   PAD
    0x08001814   0x08001814   0x000000b0   Code   RO          136    .text.HAL_SPI_Init  stm32f4xx_hal_spi.o
    0x080018c4   0x080018c4   0x00000074   Code   RO          116    .text.HAL_SPI_MspInit  stm32f4xx_hal_msp.o
    0x08001938   0x08001938   0x00000200   Code   RO          146    .text.HAL_SPI_Receive  stm32f4xx_hal_spi.o
    0x08001b38   0x08001b38   0x00000274   Code   RO          144    .text.HAL_SPI_Transmit  stm32f4xx_hal_spi.o
    0x08001dac   0x08001dac   0x00000340   Code   RO          148    .text.HAL_SPI_TransmitReceive  stm32f4xx_hal_spi.o
    0x080020ec   0x080020ec   0x0000002c   Code   RO          545    .text.HAL_SYSTICK_Config  stm32f4xx_hal_cortex.o
    0x08002118   0x08002118   0x00000060   Code   RO          675    .text.HAL_UART_Init  stm32f4xx_hal_uart.o
    0x08002178   0x08002178   0x00000076   Code   RO          120    .text.HAL_UART_MspInit  stm32f4xx_hal_msp.o
    0x080021ee   0x080021ee   0x00000002   PAD
    0x080021f0   0x080021f0   0x00000192   Code   RO          691    .text.HAL_UART_Transmit  stm32f4xx_hal_uart.o
    0x08002382   0x08002382   0x00000002   PAD
    0x08002384   0x08002384   0x00000002   Code   RO           91    .text.HardFault_Handler  stm32f4xx_it.o
    0x08002386   0x08002386   0x00000002   PAD
    0x08002388   0x08002388   0x0000038e   Code   RO           53    .text.LoRa_init     lora.o
    0x08002716   0x08002716   0x00000002   PAD
    0x08002718   0x08002718   0x00000058   Code   RO           21    .text.LoRa_readReg  lora.o
    0x08002770   0x08002770   0x00000178   Code   RO           49    .text.LoRa_receive  lora.o
    0x080028e8   0x080028e8   0x000000de   Code   RO           31    .text.LoRa_setSpreadingFactor  lora.o
    0x080029c6   0x080029c6   0x00000002   PAD
    0x080029c8   0x080029c8   0x00000048   Code   RO           47    .text.LoRa_startReceiving  lora.o
    0x08002a10   0x08002a10   0x00000058   Code   RO           23    .text.LoRa_writeReg  lora.o
    0x08002a68   0x08002a68   0x00000002   Code   RO           93    .text.MemManage_Handler  stm32f4xx_it.o
    0x08002a6a   0x08002a6a   0x00000002   PAD
    0x08002a6c   0x08002a6c   0x00000002   Code   RO           89    .text.NMI_Handler   stm32f4xx_it.o
    0x08002a6e   0x08002a6e   0x00000002   PAD
    0x08002a70   0x08002a70   0x00000002   Code   RO          103    .text.PendSV_Handler  stm32f4xx_it.o
    0x08002a72   0x08002a72   0x00000002   PAD
    0x08002a74   0x08002a74   0x00000124   Code   RO          240    .text.SPI_WaitFlagStateUntilTimeout  stm32f4xx_hal_spi.o
    0x08002b98   0x08002b98   0x00000002   Code   RO           99    .text.SVC_Handler   stm32f4xx_it.o
    0x08002b9a   0x08002b9a   0x00000002   PAD
    0x08002b9c   0x08002b9c   0x00000004   Code   RO          105    .text.SysTick_Handler  stm32f4xx_it.o
    0x08002ba0   0x08002ba0   0x000000ac   Code   RO           70    .text.SystemClock_Config  main.o
    0x08002c4c   0x08002c4c   0x00000012   Code   RO          999    .text.SystemInit    system_stm32f4xx.o
    0x08002c5e   0x08002c5e   0x00000002   PAD
    0x08002c60   0x08002c60   0x000000e6   Code   RO          679    .text.UART_SetConfig  stm32f4xx_hal_uart.o
    0x08002d46   0x08002d46   0x00000002   PAD
    0x08002d48   0x08002d48   0x00000276   Code   RO          895    .text.USB_CoreInit  stm32f4xx_ll_usb.o
    0x08002fbe   0x08002fbe   0x00000002   PAD
    0x08002fc0   0x08002fc0   0x0000001e   Code   RO          943    .text.USB_DevDisconnect  stm32f4xx_ll_usb.o
    0x08002fde   0x08002fde   0x00000002   PAD
    0x08002fe0   0x08002fe0   0x000004b2   Code   RO          907    .text.USB_DevInit   stm32f4xx_ll_usb.o
    0x08003492   0x08003492   0x00000002   PAD
    0x08003494   0x08003494   0x0000000e   Code   RO          901    .text.USB_DisableGlobalInt  stm32f4xx_ll_usb.o
    0x080034a2   0x080034a2   0x00000002   PAD
    0x080034a4   0x080034a4   0x00000368   Code   RO          903    .text.USB_SetCurrentMode  stm32f4xx_ll_usb.o
    0x0800380c   0x0800380c   0x00000002   Code   RO           97    .text.UsageFault_Handler  stm32f4xx_it.o
    0x0800380e   0x0800380e   0x00000002   PAD
    0x08003810   0x08003810   0x0000039c   Code   RO           68    .text.main          main.o
    0x08003bac   0x08003bac   0x0000001c   Code   RO           11    .text.newLoRa       lora.o
    0x08003bc8   0x08003bc8   0x00000140   Code   RO           66    .text.setup         main.o
    0x08003d08   0x08003d08   0x000002b8   Code   RO         1058    x$fpl$ddiv          fz_wm.l(ddiv.o)
    0x08003fc0   0x08003fc0   0x0000005e   Code   RO         1061    x$fpl$dfix          fz_wm.l(dfix.o)
    0x0800401e   0x0800401e   0x0000002e   Code   RO         1066    x$fpl$dflt          fz_wm.l(dflt_clz.o)
    0x0800404c   0x0800404c   0x0000009c   Code   RO         1083    x$fpl$dnaninf       fz_wm.l(dnaninf.o)
    0x080040e8   0x080040e8   0x0000000c   Code   RO         1085    x$fpl$dretinf       fz_wm.l(dretinf.o)
    0x080040f4   0x080040f4   0x0000001a   Code   RO         1196    x$fpl$fpinit        fz_wm.l(fpinit.o)
    0x0800410e   0x0800410e   0x00000000   Code   RO         1087    x$fpl$usenofp       fz_wm.l(usenofp.o)
    0x0800410e   0x0800410e   0x00000002   PAD
    0x08004110   0x08004110   0x00000050   Data   RO           55    .rodata..L__const.LoRa_setAutoLDO.BW  lora.o
    0x08004160   0x08004160   0x00000010   Data   RO         1004    .rodata.AHBPrescTable  system_stm32f4xx.o
    0x08004170   0x08004170   0x00000008   Data   RO         1005    .rodata.APBPrescTable  system_stm32f4xx.o
    0x08004178   0x08004178   0x00000004   Data   RO           77    .rodata.str1.1      main.o
    0x0800417c   0x0800417c   0x00000020   Data   RO         1257    Region$$Table       anon$$obj.o


    Execution Region RW_IRAM1 (Exec base: 0x20000000, Load base: 0x080041a0, Size: 0x00000c88, Max: 0x00020000, ABSOLUTE)

    Exec Addr    Load Addr    Size         Type   Attr      Idx    E Section Name        Object

    0x20000000   0x080041a0   0x00000008   Data   RW          640    .data..L_MergedGlobals  stm32f4xx_hal.o
    0x20000008   0x080041a8   0x00000004   Data   RW         1003    .data.SystemCoreClock  system_stm32f4xx.o
    0x2000000c   0x080041ac   0x00000004   PAD
    0x20000010        -       0x00000060   Zero   RW         1122    .bss                c_w.l(libspace.o)
    0x20000070        -       0x00000074   Zero   RW           80    .bss..L_MergedGlobals  main.o
    0x200000e4        -       0x000004e4   Zero   RW           78    .bss.hpcd_USB_OTG_FS  main.o
    0x200005c8        -       0x00000058   Zero   RW           76    .bss.hspi1          main.o
    0x20000620        -       0x00000064   Zero   RW           74    .bss.message        main.o
    0x20000684        -       0x00000004   Zero   RW          639    .bss.uwTick         stm32f4xx_hal.o
    0x20000688        -       0x00000200   Zero   RW            2    HEAP                startup_stm32f446xx.o
    0x20000888        -       0x00000400   Zero   RW            1    STACK               startup_stm32f446xx.o


==============================================================================

Image component sizes


      Code (inc. data)   RO Data    RW Data    ZI Data      Debug   Object Name

      1784          0         80          0          0      19538   lora.o
      1422         48          4          0       1556      12140   main.o
        64         26        452          0       1536        848   startup_stm32f446xx.o
       204          0          0          8          4       7539   stm32f4xx_hal.o
       162          0          0          0          0      10868   stm32f4xx_hal_cortex.o
       424          0          0          0          0       5591   stm32f4xx_hal_gpio.o
       466          0          0          0          0      10234   stm32f4xx_hal_msp.o
       634          0          0          0          0      17663   stm32f4xx_hal_pcd.o
        38          0          0          0          0       5379   stm32f4xx_hal_pcd_ex.o
       432          0          0          0          0       7792   stm32f4xx_hal_rcc.o
      2236          4          0          0          0      11556   stm32f4xx_hal_rcc_ex.o
      2446          0          0          0          0      26271   stm32f4xx_hal_spi.o
       728          0          0          0          0      32842   stm32f4xx_hal_uart.o
        20          0          0          0          0       1170   stm32f4xx_it.o
      2748          0          0          0          0      37696   stm32f4xx_ll_usb.o
        18          0         24          4          0       2726   system_stm32f4xx.o

    ----------------------------------------------------------------------
     13888         78        592         12       3100     209853   Object Totals
         0          0         32          0          0          0   (incl. Generated)
        62          0          0          0          4          0   (incl. Padding)

    ----------------------------------------------------------------------

      Code (inc. data)   RO Data    RW Data    ZI Data      Debug   Library Member Name

         8          0          0          0          0         68   __main.o
       104          0          0          0          0         84   __printf.o
         0          0          0          0          0          0   __rtentry.o
        12          0          0          0          0          0   __rtentry2.o
         6          0          0          0          0          0   __rtentry4.o
        94          8          0          0          0          0   __scatter.o
        26          0          0          0          0          0   __scatter_copy.o
        28          0          0          0          0          0   __scatter_zi.o
        48          6          0          0          0         96   _printf_char_common.o
         6          0          0          0          0          0   _printf_d.o
       120         16          0          0          0         92   _printf_dec.o
       178          0          0          0          0         88   _printf_intcommon.o
         0          0          0          0          0          0   _printf_percent.o
         4          0          0          0          0          0   _printf_percent_end.o
        10          0          0          0          0         68   _sputc.o
        18          0          0          0          0         80   exit.o
         6          0          0          0          0        152   heapauxi.o
         0          0          0          0          0          0   indicate_semi.o
         2          0          0          0          0          0   libinit.o
         6          0          0          0          0          0   libinit2.o
         2          0          0          0          0          0   libshutdown.o
         2          0          0          0          0          0   libshutdown2.o
         8          4          0          0         96         68   libspace.o
       240          0          0          0          0        100   lludivv7m.o
        40          6          0          0          0         84   noretval__2sprintf.o
        68          0          0          0          0         68   rt_memclr.o
        78          0          0          0          0         80   rt_memclr_w.o
         2          0          0          0          0          0   rtexit.o
        10          0          0          0          0          0   rtexit2.o
        62          0          0          0          0         76   strlen.o
        12          4          0          0          0         68   sys_exit.o
        74          0          0          0          0         80   sys_stackheap_outer.o
         2          0          0          0          0         68   use_no_semi.o
       696        140          0          0          0        264   ddiv.o
        94          4          0          0          0        140   dfix.o
        46          0          0          0          0        116   dflt_clz.o
       156          4          0          0          0        140   dnaninf.o
        12          0          0          0          0        116   dretinf.o
        26          0          0          0          0        116   fpinit.o
         0          0          0          0          0          0   usenofp.o

    ----------------------------------------------------------------------
      2316        192          0          0         96       2312   Library Totals
        10          0          0          0          0          0   (incl. Padding)

    ----------------------------------------------------------------------

      Code (inc. data)   RO Data    RW Data    ZI Data      Debug   Library Name

      1276         44          0          0         96       1420   c_w.l
      1030        148          0          0          0        892   fz_wm.l

    ----------------------------------------------------------------------
      2316        192          0          0         96       2312   Library Totals

    ----------------------------------------------------------------------

==============================================================================


      Code (inc. data)   RO Data    RW Data    ZI Data      Debug   

     16204        270        592         12       3196     210777   Grand Totals
     16204        270        592         12       3196     210777   ELF Image Totals
     16204        270        592         12          0          0   ROM Totals

==============================================================================

    Total RO  Size (Code + RO Data)                16796 (  16.40kB)
    Total RW  Size (RW Data + ZI Data)              3208 (   3.13kB)
    Total ROM Size (Code + RO Data + RW Data)      16808 (  16.41kB)

==============================================================================

