Component: Arm Compiler for Embedded 6.24 Tool: armlink [5f371500]

==============================================================================

Section Cross References

    startup_stm32f446xx.o(STACK) refers (Special) to heapauxi.o(.text) for __use_two_region_memory
    startup_stm32f446xx.o(HEAP) refers (Special) to heapauxi.o(.text) for __use_two_region_memory
    startup_stm32f446xx.o(RESET) refers (Special) to heapauxi.o(.text) for __use_two_region_memory
    startup_stm32f446xx.o(RESET) refers to startup_stm32f446xx.o(STACK) for __initial_sp
    startup_stm32f446xx.o(RESET) refers to startup_stm32f446xx.o(.text) for Reset_Handler
    startup_stm32f446xx.o(RESET) refers to stm32f4xx_it.o(.text.NMI_Handler) for NMI_Handler
    startup_stm32f446xx.o(RESET) refers to stm32f4xx_it.o(.text.HardFault_Handler) for HardFault_Handler
    startup_stm32f446xx.o(RESET) refers to stm32f4xx_it.o(.text.MemManage_Handler) for MemManage_Handler
    startup_stm32f446xx.o(RESET) refers to stm32f4xx_it.o(.text.BusFault_Handler) for BusFault_Handler
    startup_stm32f446xx.o(RESET) refers to stm32f4xx_it.o(.text.UsageFault_Handler) for UsageFault_Handler
    startup_stm32f446xx.o(RESET) refers to stm32f4xx_it.o(.text.SVC_Handler) for SVC_Handler
    startup_stm32f446xx.o(RESET) refers to stm32f4xx_it.o(.text.DebugMon_Handler) for DebugMon_Handler
    startup_stm32f446xx.o(RESET) refers to stm32f4xx_it.o(.text.PendSV_Handler) for PendSV_Handler
    startup_stm32f446xx.o(RESET) refers to stm32f4xx_it.o(.text.SysTick_Handler) for SysTick_Handler
    startup_stm32f446xx.o(RESET) refers to stm32f4xx_it.o(.text.EXTI15_10_IRQHandler) for EXTI15_10_IRQHandler
    startup_stm32f446xx.o(.text) refers (Special) to heapauxi.o(.text) for __use_two_region_memory
    startup_stm32f446xx.o(.text) refers to system_stm32f4xx.o(.text.SystemInit) for SystemInit
    startup_stm32f446xx.o(.text) refers to __main.o(!!!main) for __main
    startup_stm32f446xx.o(.text) refers to startup_stm32f446xx.o(HEAP) for Heap_Mem
    startup_stm32f446xx.o(.text) refers to startup_stm32f446xx.o(STACK) for Stack_Mem
    lora.o(.ARM.exidx.text.newLoRa) refers to lora.o(.text.newLoRa) for [Anonymous Symbol]
    lora.o(.text.LoRa_reset) refers to stm32f4xx_hal_gpio.o(.text.HAL_GPIO_WritePin) for HAL_GPIO_WritePin
    lora.o(.text.LoRa_reset) refers to stm32f4xx_hal.o(.text.HAL_Delay) for HAL_Delay
    lora.o(.ARM.exidx.text.LoRa_reset) refers to lora.o(.text.LoRa_reset) for [Anonymous Symbol]
    lora.o(.text.LoRa_gotoMode) refers to lora.o(.text.LoRa_readReg) for LoRa_readReg
    lora.o(.text.LoRa_gotoMode) refers to lora.o(.text.LoRa_writeReg) for LoRa_writeReg
    lora.o(.ARM.exidx.text.LoRa_gotoMode) refers to lora.o(.text.LoRa_gotoMode) for [Anonymous Symbol]
    lora.o(.text.LoRa_read) refers to lora.o(.text.LoRa_readReg) for LoRa_readReg
    lora.o(.ARM.exidx.text.LoRa_read) refers to lora.o(.text.LoRa_read) for [Anonymous Symbol]
    lora.o(.text.LoRa_write) refers to lora.o(.text.LoRa_writeReg) for LoRa_writeReg
    lora.o(.ARM.exidx.text.LoRa_write) refers to lora.o(.text.LoRa_write) for [Anonymous Symbol]
    lora.o(.text.LoRa_readReg) refers to stm32f4xx_hal_gpio.o(.text.HAL_GPIO_WritePin) for HAL_GPIO_WritePin
    lora.o(.text.LoRa_readReg) refers to stm32f4xx_hal_spi.o(.text.HAL_SPI_Transmit) for HAL_SPI_Transmit
    lora.o(.text.LoRa_readReg) refers to stm32f4xx_hal_spi.o(.text.HAL_SPI_GetState) for HAL_SPI_GetState
    lora.o(.text.LoRa_readReg) refers to stm32f4xx_hal_spi.o(.text.HAL_SPI_Receive) for HAL_SPI_Receive
    lora.o(.ARM.exidx.text.LoRa_readReg) refers to lora.o(.text.LoRa_readReg) for [Anonymous Symbol]
    lora.o(.text.LoRa_writeReg) refers to stm32f4xx_hal_gpio.o(.text.HAL_GPIO_WritePin) for HAL_GPIO_WritePin
    lora.o(.text.LoRa_writeReg) refers to stm32f4xx_hal_spi.o(.text.HAL_SPI_Transmit) for HAL_SPI_Transmit
    lora.o(.text.LoRa_writeReg) refers to stm32f4xx_hal_spi.o(.text.HAL_SPI_GetState) for HAL_SPI_GetState
    lora.o(.ARM.exidx.text.LoRa_writeReg) refers to lora.o(.text.LoRa_writeReg) for [Anonymous Symbol]
    lora.o(.text.LoRa_setLowDaraRateOptimization) refers to lora.o(.text.LoRa_readReg) for LoRa_readReg
    lora.o(.text.LoRa_setLowDaraRateOptimization) refers to lora.o(.text.LoRa_writeReg) for LoRa_writeReg
    lora.o(.text.LoRa_setLowDaraRateOptimization) refers to stm32f4xx_hal.o(.text.HAL_Delay) for HAL_Delay
    lora.o(.ARM.exidx.text.LoRa_setLowDaraRateOptimization) refers to lora.o(.text.LoRa_setLowDaraRateOptimization) for [Anonymous Symbol]
    lora.o(.text.LoRa_setAutoLDO) refers to dflt_clz.o(x$fpl$dflt) for __aeabi_i2d
    lora.o(.text.LoRa_setAutoLDO) refers to lora.o(.rodata..L__const.LoRa_setAutoLDO.BW) for .L__const.LoRa_setAutoLDO.BW
    lora.o(.text.LoRa_setAutoLDO) refers to ddiv.o(x$fpl$ddiv) for __aeabi_ddiv
    lora.o(.text.LoRa_setAutoLDO) refers to dfix.o(x$fpl$dfix) for __aeabi_d2iz
    lora.o(.text.LoRa_setAutoLDO) refers to lora.o(.text.LoRa_readReg) for LoRa_readReg
[...]
    .L_MergedGlobals                         0x20000010   Data           8  stm32f4xx_hal.o(.data..L_MergedGlobals)
    [Anonymous Symbol]                       0x20000010   Section        0  stm32f4xx_hal.o(.data..L_MergedGlobals)
    .bss                                     0x20000028   Section       96  libspace.o(.bss)
    .L_MergedGlobals                         0x20000088   Data           3  ili9486.o(.bss..L_MergedGlobals)
    _width                                   0x20000088   Data           1  ili9486.o(.bss..L_MergedGlobals)
    [Anonymous Symbol]                       0x20000088   Section        0  ili9486.o(.bss..L_MergedGlobals)
    _height                                  0x2000008a   Data           1  ili9486.o(.bss..L_MergedGlobals)
    .L_MergedGlobals.34                      0x20000090   Data          96  main.o(.bss..L_MergedGlobals.34)
    [Anonymous Symbol]                       0x20000090   Section        0  main.o(.bss..L_MergedGlobals.34)
    cos_lat                                  0x20000098   Data           8  main.o(.bss..L_MergedGlobals.34)
    cos_a                                    0x200000a0   Data           8  main.o(.bss..L_MergedGlobals.34)
    sin_a                                    0x200000a8   Data           8  main.o(.bss..L_MergedGlobals.34)
    scale                                    0x200000b0   Data           8  main.o(.bss..L_MergedGlobals.34)
    .L_MergedGlobals.35                      0x200000f0   Data         112  main.o(.bss..L_MergedGlobals.35)
    [Anonymous Symbol]                       0x200000f0   Section        0  main.o(.bss..L_MergedGlobals.35)
    Heap_Mem                                 0x20000910   Data         512  startup_stm32f446xx.o(HEAP)
    HEAP                                     0x20000910   Section      512  startup_stm32f446xx.o(HEAP)
    Stack_Mem                                0x20000b10   Data        1024  startup_stm32f446xx.o(STACK)
    STACK                                    0x20000b10   Section     1024  startup_stm32f446xx.o(STACK)
    __initial_sp                             0x20000f10   Data           0  startup_stm32f446xx.o(STACK)

    Global Symbols

    Symbol Name                              Value     Ov Type        Size  Object(Section)

    BuildAttributes$$THM_ISAv4$E$P$D$K$B$S$7EM$VFPi3$EXTD16$VFPS$VFMA$PE$A:L22UL41UL21$X:L11$S22US41US21$IEEE1$IW$~IW$USESV6$~STKCKD$USESV7$~SHL$OTIME$ROPI$IEEEX$EBA8$UX$STANDARDLIB$REQ8$PRES8$EABIv2 0x00000000   Number         0  anon$$obj.o ABSOLUTE
    _printf_flags                            0x00000000   Number         0  printf_stubs.o ABSOLUTE
    _printf_return_value                     0x00000000   Number         0  printf_stubs.o ABSOLUTE
    _printf_sizespec                         0x00000000   Number         0  printf_stubs.o ABSOLUTE
    _printf_widthprec                        0x00000000   Number         0  printf_stubs.o ABSOLUTE
    __ARM_exceptions_init                     - Undefined Weak Reference
    __alloca_initialize                       - Undefined Weak Reference
    __arm_preinit_                            - Undefined Weak Reference
    __arm_relocate_pie_                       - Undefined Weak Reference
    __cpp_initialize__aeabi_                  - Undefined Weak Reference
    __cxa_finalize                            - Undefined Weak Reference
    __sigvec_lookup                           - Undefined Weak Reference
    _atexit_init                              - Undefined Weak Reference
    _call_atexit_fns                          - Undefined Weak Reference
    _clock_init                               - Undefined Weak Reference
    _fp_trap_init                             - Undefined Weak Reference
    _fp_trap_shutdown                         - Undefined Weak Reference
    _get_lc_collate                           - Undefined Weak Reference
    _get_lc_monetary                          - Undefined Weak Reference
    _get_lc_time                              - Undefined Weak Reference
    _getenv_init                              - Undefined Weak Reference
    _handle_redirection                       - Undefined Weak Reference
    _init_alloc                               - Undefined Weak Reference
    _init_user_alloc                          - Undefined Weak Reference
    _initio                                   - Undefined Weak Reference
    _printf_mbtowc                            - Undefined Weak Reference
    _printf_post_padding                      - Undefined Weak Reference
    _printf_pre_padding                       - Undefined Weak Reference
    _printf_truncate_signed                   - Undefined Weak Reference
    _printf_truncate_unsigned                 - Undefined Weak Reference
    _rand_init                                - Undefined Weak Reference
    _scanf_longlong                           - Undefined Weak Reference
    _scanf_mbtowc                             - Undefined Weak Reference
    _scanf_wctomb                             - Undefined Weak Reference
    _scanf_wstring                            - Undefined Weak Reference
    _signal_finish                            - Undefined Weak Reference
    _signal_init                              - Undefined Weak Reference
    _terminate_alloc                          - Undefined Weak Reference
    _terminate_user_alloc                     - Undefined Weak Reference
    _terminateio                              - Undefined Weak Reference
    __Vectors_Size                           0x000001c4   Number         0  startup_stm32f446xx.o ABSOLUTE
    __Vectors                                0x08000000   Data           4  startup_stm32f446xx.o(RESET)
    __Vectors_End                            0x080001c4   Data           0  startup_stm32f446xx.o(RESET)
    __main                                   0x080001c5   Thumb Code     8  __main.o(!!!main)
    __scatterload                            0x080001cd   Thumb Code     0  __scatter.o(!!!scatter)
    __scatterload_rt2                        0x080001cd   Thumb Code    84  __scatter.o(!!!scatter)
    __scatterload_rt2_thumb_only             0x080001cd   Thumb Code     0  __scatter.o(!!!scatter)
    __scatterload_loop                       0x080001d7   Thumb Code     0  __scatter.o(!!!scatter)
    __scatterload_copy                       0x08000229   Thumb Code    26  __scatter_copy.o(!!handler_copy)
    __scatterload_null                       0x08000245   Thumb Code     2  __scatter.o(!!handler_null)
    __scatterload_zeroinit                   0x08000249   Thumb Code    28  __scatter_zi.o(!!handler_zi)
    _printf_f                                0x08000265   Thumb Code     0  _printf_f.o(.ARM.Collect$$_printf_percent$$00000003)
    _printf_percent                          0x08000265   Thumb Code     0  _printf_percent.o(.ARM.Collect$$_printf_percent$$00000000)
    _printf_d                                0x0800026b   Thumb Code     0  _printf_d.o(.ARM.Collect$$_printf_percent$$00000009)
    _printf_c                                0x08000271   Thumb Code     0  _printf_c.o(.ARM.Collect$$_printf_percent$$00000013)
    _printf_s                                0x08000277   Thumb Code     0  _printf_s.o(.ARM.Collect$$_printf_percent$$00000014)
    _printf_percent_end                      0x0800027d   Thumb Code     0  _printf_percent_end.o(.ARM.Collect$$_printf_percent$$00000017)
    __rt_lib_init                            0x08000281   Thumb Code     0  libinit.o(.ARM.Collect$$libinit$$00000000)
    __rt_lib_init_fp_1                       0x08000283   Thumb Code     0  libinit2.o(.ARM.Collect$$libinit$$00000001)
    __rt_lib_init_heap_1                     0x08000287   Thumb Code     0  libinit2.o(.ARM.Collect$$libinit$$0000000C)
    __rt_lib_init_lc_common                  0x08000287   Thumb Code     0  libinit2.o(.ARM.Collect$$libinit$$00000011)
    __rt_lib_init_preinit_1                  0x08000287   Thumb Code     0  libinit2.o(.ARM.Collect$$libinit$$00000006)
    __rt_lib_init_rand_1                     0x08000287   Thumb Code     0  libinit2.o(.ARM.Collect$$libinit$$00000010)
    __rt_lib_init_relocate_pie_1             0x08000287   Thumb Code     0  libinit2.o(.ARM.Collect$$libinit$$00000004)
    __rt_lib_init_user_alloc_1               0x08000287   Thumb Code     0  libinit2.o(.ARM.Collect$$libinit$$0000000E)
    __rt_lib_init_lc_collate_1               0x0800028d   Thumb Code     0  libinit2.o(.ARM.Collect$$libinit$$00000013)
    __rt_lib_init_lc_ctype_2                 0x0800028d   Thumb Code     0  libinit2.o(.ARM.Collect$$libinit$$00000014)
    __rt_lib_init_lc_ctype_1                 0x08000299   Thumb Code     0  libinit2.o(.ARM.Collect$$libinit$$00000015)
    __rt_lib_init_lc_monetary_1              0x08000299   Thumb Code     0  libinit2.o(.ARM.Collect$$libinit$$00000017)
    __rt_lib_init_lc_numeric_2               0x08000299   Thumb Code     0  libinit2.o(.ARM.Collect$$libinit$$00000018)
    __rt_lib_init_alloca_1                   0x080002a3   Thumb Code     0  libinit2.o(.ARM.Collect$$libinit$$00000030)
    __rt_lib_init_argv_1                     0x080002a3   Thumb Code     0  libinit2.o(.ARM.Collect$$libinit$$0000002E)
    __rt_lib_init_atexit_1                   0x080002a3   Thumb Code     0  libinit2.o(.ARM.Collect$$libinit$$0000001D)
    __rt_lib_init_clock_1                    0x080002a3   Thumb Code     0  libinit2.o(.ARM.Collect$$libinit$$00000023)
    __rt_lib_init_cpp_1                      0x080002a3   Thumb Code     0  libinit2.o(.ARM.Collect$$libinit$$00000034)
    __rt_lib_init_exceptions_1               0x080002a3   Thumb Code     0  libinit2.o(.ARM.Collect$$libinit$$00000032)
    __rt_lib_init_fp_trap_1                  0x080002a3   Thumb Code     0  libinit2.o(.ARM.Collect$$libinit$$00000021)
    __rt_lib_init_getenv_1                   0x080002a3   Thumb Code     0  libinit2.o(.ARM.Collect$$libinit$$00000025)
    __rt_lib_init_lc_numeric_1               0x080002a3   Thumb Code     0  libinit2.o(.ARM.Collect$$libinit$$00000019)
    __rt_lib_init_lc_time_1                  0x080002a3   Thumb Code     0  libinit2.o(.ARM.Collect$$libinit$$0000001B)
    __rt_lib_init_return                     0x080002a3   Thumb Code     0  libinit2.o(.ARM.Collect$$libinit$$00000035)
    __rt_lib_init_signal_1                   0x080002a3   Thumb Code     0  libinit2.o(.ARM.Collect$$libinit$$0000001F)
    __rt_lib_init_stdio_1                    0x080002a3   Thumb Code     0  libinit2.o(.ARM.Collect$$libinit$$00000027)
    __rt_lib_shutdown                        0x080002a5   Thumb Code     0  libshutdown.o(.ARM.Collect$$libshutdown$$00000000)
    __rt_lib_shutdown_cpp_1                  0x080002a7   Thumb Code     0  libshutdown2.o(.ARM.Collect$$libshutdown$$00000002)
    __rt_lib_shutdown_fp_trap_1              0x080002a7   Thumb Code     0  libshutdown2.o(.ARM.Collect$$libshutdown$$00000007)
    __rt_lib_shutdown_heap_1                 0x080002a7   Thumb Code     0  libshutdown2.o(.ARM.Collect$$libshutdown$$0000000F)
    __rt_lib_shutdown_return                 0x080002a7   Thumb Code     0  libshutdown2.o(.ARM.Collect$$libshutdown$$00000010)
    __rt_lib_shutdown_signal_1               0x080002a7   Thumb Code     0  libshutdown2.o(.ARM.Collect$$libshutdown$$0000000A)
    __rt_lib_shutdown_stdio_1                0x080002a7   Thumb Code     0  libshutdown2.o(.ARM.Collect$$libshutdown$$00000004)
    __rt_lib_shutdown_user_alloc_1           0x080002a7   Thumb Code     0  libshutdown2.o(.ARM.Collect$$libshutdown$$0000000C)
    __rt_entry                               0x080002a9   Thumb Code     0  __rtentry.o(.ARM.Collect$$rtentry$$00000000)
    __rt_entry_presh_1                       0x080002a9   Thumb Code     0  __rtentry2.o(.ARM.Collect$$rtentry$$00000002)
    __rt_entry_sh                            0x080002a9   Thumb Code     0  __rtentry4.o(.ARM.Collect$$rtentry$$00000004)
    __rt_entry_li                            0x080002af   Thumb Code     0  __rtentry2.o(.ARM.Collect$$rtentry$$0000000A)
    __rt_entry_postsh_1                      0x080002af   Thumb Code     0  __rtentry2.o(.ARM.Collect$$rtentry$$00000009)
    __rt_entry_main                          0x080002b3   Thumb Code     0  __rtentry2.o(.ARM.Collect$$rtentry$$0000000D)
    __rt_entry_postli_1                      0x080002b3   Thumb Code     0  __rtentry2.o(.ARM.Collect$$rtentry$$0000000C)
    __rt_exit                                0x080002bb   Thumb Code     0  rtexit.o(.ARM.Collect$$rtexit$$00000000)
    __rt_exit_ls                             0x080002bd   Thumb Code     0  rtexit2.o(.ARM.Collect$$rtexit$$00000003)
    __rt_exit_prels_1                        0x080002bd   Thumb Code     0  rtexit2.o(.ARM.Collect$$rtexit$$00000002)
    __rt_exit_exit                           0x080002c1   Thumb Code     0  rtexit2.o(.ARM.Collect$$rtexit$$00000004)
    Reset_Handler                            0x080002c9   Thumb Code     8  startup_stm32f446xx.o(.text)
    ADC_IRQHandler                           0x080002e3   Thumb Code     0  startup_stm32f446xx.o(.text)
    CAN1_RX0_IRQHandler                      0x080002e3   Thumb Code     0  startup_stm32f446xx.o(.text)
    CAN1_RX1_IRQHandler                      0x080002e3   Thumb Code     0  startup_stm32f446xx.o(.text)
    CAN1_SCE_IRQHandler                      0x080002e3   Thumb Code     0  startup_stm32f446xx.o(.text)
    CAN1_TX_IRQHandler                       0x080002e3   Thumb Code     0  startup_stm32f446xx.o(.text)
    CAN2_RX0_IRQHandler                      0x080002e3   Thumb Code     0  startup_stm32f446xx.o(.text)
    CAN2_RX1_IRQHandler                      0x080002e3   Thumb Code     0  startup_stm32f446xx.o(.text)
    CAN2_SCE_IRQHandler                      0x080002e3   Thumb Code     0  startup_stm32f446xx.o(.text)
    CAN2_TX_IRQHandler                       0x080002e3   Thumb Code     0  startup_stm32f446xx.o(.text)
    CEC_IRQHandler                           0x080002e3   Thumb Code     0  startup_stm32f446xx.o(.text)
    DCMI_IRQHandler                          0x080002e3   Thumb Code     0  startup_stm32f446xx.o(.text)
    DMA1_Stream0_IRQHandler                  0x080002e3   Thumb Code     0  startup_stm32f446xx.o(.text)
    DMA1_Stream1_IRQHandler                  0x080002e3   Thumb Code     0  startup_stm32f446xx.o(.text)
    DMA1_Stream2_IRQHandler                  0x080002e3   Thumb Code     0  startup_stm32f446xx.o(.text)
    DMA1_Stream3_IRQHandler                  0x080002e3   Thumb Code     0  startup_stm32f446xx.o(.text)
    DMA1_Stream4_IRQHandler                  0x080002e3   Thumb Code     0  startup_stm32f446xx.o(.text)
    DMA1_Stream5_IRQHandler                  0x080002e3   Thumb Code     0  startup_stm32f446xx.o(.text)
    DMA1_Stream6_IRQHandler                  0x080002e3   Thumb Code     0  startup_stm32f446xx.o(.text)
    DMA1_Stream7_IRQHandler                  0x080002e3   Thumb Code     0  startup_stm32f446xx.o(.text)
    DMA2_Stream0_IRQHandler                  0x080002e3   Thumb Code     0  startup_stm32f446xx.o(.text)
    DMA2_Stream1_IRQHandler                  0x080002e3   Thumb Code     0  startup_stm32f446xx.o(.text)
    DMA2_Stream2_IRQHandler                  0x080002e3   Thumb Code     0  startup_stm32f446xx.o(.text)
    DMA2_Stream3_IRQHandler                  0x080002e3   Thumb Code     0  startup_stm32f446xx.o(.text)
    DMA2_Stream4_IRQHandler                  0x080002e3   Thumb Code     0  startup_stm32f446xx.o(.text)
    DMA2_Stream5_IRQHandler                  0x080002e3   Thumb Code     0  startup_stm32f446xx.o(.text)
    DMA2_Stream6_IRQHandler                  0x080002e3   Thumb Code     0  startup_stm32f446xx.o(.text)
    DMA2_Stream7_IRQHandler                  0x080002e3   Thumb Code     0  startup_stm32f446xx.o(.text)
    EXTI0_IRQHandler                         0x080002e3   Thumb Code     0  startup_stm32f446xx.o(.text)
    EXTI1_IRQHandler                         0x080002e3   Thumb Code     0  startup_stm32f446xx.o(.text)
    EXTI2_IRQHandler                         0x080002e3   Thumb Code     0  startup_stm32f446xx.o(.text)
    EXTI3_IRQHandler                         0x080002e3   Thumb Code     0  startup_stm32f446xx.o(.text)
    EXTI4_IRQHandler                         0x080002e3   Thumb Code     0  startup_stm32f446xx.o(.text)
    EXTI9_5_IRQHandler                       0x080002e3   Thumb Code     0  startup_stm32f446xx.o(.text)
    FLASH_IRQHandler                         0x080002e3   Thumb Code     0  startup_stm32f446xx.o(.text)
    FMC_IRQHandler                           0x080002e3   Thumb Code     0  startup_stm32f446xx.o(.text)
    FMPI2C1_ER_IRQHandler                    0x080002e3   Thumb Code     0  startup_stm32f446xx.o(.text)
    FMPI2C1_EV_IRQHandler                    0x080002e3   Thumb Code     0  startup_stm32f446xx.o(.text)
    FPU_IRQHandler                           0x080002e3   Thumb Code     0  startup_stm32f446xx.o(.text)
    I2C1_ER_IRQHandler                       0x080002e3   Thumb Code     0  startup_stm32f446xx.o(.text)
    I2C1_EV_IRQHandler                       0x080002e3   Thumb Code     0  startup_stm32f446xx.o(.text)
    I2C2_ER_IRQHandler                       0x080002e3   Thumb Code     0  startup_stm32f446xx.o(.text)
    I2C2_EV_IRQHandler                       0x080002e3   Thumb Code     0  startup_stm32f446xx.o(.text)
    I2C3_ER_IRQHandler                       0x080002e3   Thumb Code     0  startup_stm32f446xx.o(.text)
    I2C3_EV_IRQHandler                       0x080002e3   Thumb Code     0  startup_stm32f446xx.o(.text)
    OTG_FS_IRQHandler                        0x080002e3   Thumb Code     0  startup_stm32f446xx.o(.text)
    OTG_FS_WKUP_IRQHandler                   0x080002e3   Thumb Code     0  startup_stm32f446xx.o(.text)
    OTG_HS_EP1_IN_IRQHandler                 0x080002e3   Thumb Code     0  startup_stm32f446xx.o(.text)
    OTG_HS_EP1_OUT_IRQHandler                0x080002e3   Thumb Code     0  startup_stm32f446xx.o(.text)
    OTG_HS_IRQHandler                        0x080002e3   Thumb Code     0  startup_stm32f446xx.o(.text)
    OTG_HS_WKUP_IRQHandler                   0x080002e3   Thumb Code     0  startup_stm32f446xx.o(.text)
    PVD_IRQHandler                           0x080002e3   Thumb Code     0  startup_stm32f446xx.o(.text)
    QUADSPI_IRQHandler                       0x080002e3   Thumb Code     0  startup_stm32f446xx.o(.text)
    RCC_IRQHandler                           0x080002e3   Thumb Code     0  startup_stm32f446xx.o(.text)
    RTC_Alarm_IRQHandler                     0x080002e3   Thumb Code     0  startup_stm32f446xx.o(.text)
    RTC_WKUP_IRQHandler                      0x080002e3   Thumb Code     0  startup_stm32f446xx.o(.text)
    SAI1_IRQHandler                          0x080002e3   Thumb Code     0  startup_stm32f446xx.o(.text)
    SAI2_IRQHandler                          0x080002e3   Thumb Code     0  startup_stm32f446xx.o(.text)
    SDIO_IRQHandler                          0x080002e3   Thumb Code     0  startup_stm32f446xx.o(.text)
    SPDIF_RX_IRQHandler                      0x080002e3   Thumb Code     0  startup_stm32f446xx.o(.text)
    SPI1_IRQHandler                          0x080002e3   Thumb Code     0  startup_stm32f446xx.o(.text)
    SPI2_IRQHandler                          0x080002e3   Thumb Code     0  startup_stm32f446xx.o(.text)
    SPI3_IRQHandler                          0x080002e3   Thumb Code     0  startup_stm32f446xx.o(.text)
    SPI4_IRQHandler                          0x080002e3   Thumb Code     0  startup_stm32f446xx.o(.text)
    TAMP_STAMP_IRQHandler                    0x080002e3   Thumb Code     0  startup_stm32f446xx.o(.text)
    TIM1_BRK_TIM9_IRQHandler                 0x080002e3   Thumb Code     0  startup_stm32f446xx.o(.text)
    TIM1_CC_IRQHandler                       0x080002e3   Thumb Code     0  startup_stm32f446xx.o(.text)
    TIM1_TRG_COM_TIM11_IRQHandler            0x080002e3   Thumb Code     0  startup_stm32f446xx.o(.text)
    TIM1_UP_TIM10_IRQHandler                 0x080002e3   Thumb Code     0  startup_stm32f446xx.o(.text)
    TIM2_IRQHandler                          0x080002e3   Thumb Code     0  startup_stm32f446xx.o(.text)
    TIM3_IRQHandler                          0x080002e3   Thumb Code     0  startup_stm32f446xx.o(.text)
    TIM4_IRQHandler                          0x080002e3   Thumb Code     0  startup_stm32f446xx.o(.text)
    TIM5_IRQHandler                          0x080002e3   Thumb Code     0  startup_stm32f446xx.o(.text)
    TIM6_DAC_IRQHandler                      0x080002e3   Thumb Code     0  startup_stm32f446xx.o(.text)
    TIM7_IRQHandler                          0x080002e3   Thumb Code     0  startup_stm32f446xx.o(.text)
    TIM8_BRK_TIM12_IRQHandler                0x080002e3   Thumb Code     0  startup_stm32f446xx.o(.text)
    TIM8_CC_IRQHandler                       0x080002e3   Thumb Code     0  startup_stm32f446xx.o(.text)
    TIM8_TRG_COM_TIM14_IRQHandler            0x080002e3   Thumb Code     0  startup_stm32f446xx.o(.text)
    TIM8_UP_TIM13_IRQHandler                 0x080002e3   Thumb Code     0  startup_stm32f446xx.o(.text)
    UART4_IRQHandler                         0x080002e3   Thumb Code     0  startup_stm32f446xx.o(.text)
    UART5_IRQHandler                         0x080002e3   Thumb Code     0  startup_stm32f446xx.o(.text)
    USART1_IRQHandler                        0x080002e3   Thumb Code     0  startup_stm32f446xx.o(.text)
    USART2_IRQHandler                        0x080002e3   Thumb Code     0  startup_stm32f446xx.o(.text)
    USART3_IRQHandler                        0x080002e3   Thumb Code     0  startup_stm32f446xx.o(.text)
    USART6_IRQHandler                        0x080002e3   Thumb Code     0  startup_stm32f446xx.o(.text)
    WWDG_IRQHandler                          0x080002e3   Thumb Code     0  startup_stm32f446xx.o(.text)
    __user_initial_stackheap                 0x080002e5   Thumb Code     0  startup_stm32f446xx.o(.text)
    __aeabi_uldivmod                         0x08000309   Thumb Code     0  lludivv7m.o(.text)
    _ll_udiv                                 0x08000309   Thumb Code   240  lludivv7m.o(.text)
    __2sprintf                               0x080003f9   Thumb Code    38  __2sprintf.o(.text)
    __2snprintf                              0x08000425   Thumb Code    58  __2snprintf.o(.text)
    _printf_str                              0x08000465   Thumb Code    82  _printf_str.o(.text)
    _printf_int_dec                          0x080004b9   Thumb Code   104  _printf_dec.o(.text)
    __printf                                 0x08000531   Thumb Code   352  __printf_ss_wp.o(.text)
    __0sscanf                                0x08000691   Thumb Code    52  __0sscanf.o(.text)
    _scanf_int                               0x080006cd   Thumb Code   332  _scanf_int.o(.text)
    _scanf_string                            0x08000819   Thumb Code   224  _scanf_str.o(.text)
    strlen                                   0x080008f9   Thumb Code    62  strlen.o(.text)
    __aeabi_memcpy4                          0x08000937   Thumb Code     0  rt_memcpy_w.o(.text)
    __aeabi_memcpy8                          0x08000937   Thumb Code     0  rt_memcpy_w.o(.text)
    __rt_memcpy_w                            0x08000937   Thumb Code   100  rt_memcpy_w.o(.text)
    _memcpy_lastbytes_aligned                0x0800097f   Thumb Code     0  rt_memcpy_w.o(.text)
    __aeabi_memclr                           0x0800099b   Thumb Code     0  rt_memclr.o(.text)
    __rt_memclr                              0x0800099b   Thumb Code     0  rt_memclr.o(.text)
    _memset                                  0x0800099f   Thumb Code    64  rt_memclr.o(.text)
    __aeabi_memclr4                          0x080009df   Thumb Code     0  rt_memclr_w.o(.text)
    __aeabi_memclr8                          0x080009df   Thumb Code     0  rt_memclr_w.o(.text)
    __rt_memclr_w                            0x080009df   Thumb Code     0  rt_memclr_w.o(.text)
    _memset_w                                0x080009e3   Thumb Code    74  rt_memclr_w.o(.text)
    __use_two_region_memory                  0x08000a2d   Thumb Code     2  heapauxi.o(.text)
    __rt_heap_escrow$2region                 0x08000a2f   Thumb Code     2  heapauxi.o(.text)
    __rt_heap_expand$2region                 0x08000a31   Thumb Code     2  heapauxi.o(.text)
    _printf_int_common                       0x08000a33   Thumb Code   178  _printf_intcommon.o(.text)
    _printf_fp_dec_real                      0x08000c95   Thumb Code   620  _printf_fp_dec.o(.text)
    _printf_char_common                      0x08000f0b   Thumb Code    32  _printf_char_common.o(.text)
    _sputc                                   0x08000f31   Thumb Code    10  _sputc.o(.text)
    _snputc                                  0x08000f3b   Thumb Code    16  _snputc.o(.text)
    _printf_cs_common                        0x08000f4b   Thumb Code    20  _printf_char.o(.text)
    _printf_char                             0x08000f5f   Thumb Code    16  _printf_char.o(.text)
    _printf_string                           0x08000f6f   Thumb Code     8  _printf_char.o(.text)
    _chval                                   0x08000f77   Thumb Code    28  _chval.o(.text)
    _scanf_really_real                       0x080011e1   Thumb Code   684  scanf_fp.o(.text)
    __vfscanf_char                           0x08001499   Thumb Code    24  scanf_char.o(.text)
    _sgetc                                   0x080014b9   Thumb Code    30  _sgetc.o(.text)
    _sbackspace                              0x080014d7   Thumb Code    34  _sgetc.o(.text)
    __rt_locale                              0x080014f9   Thumb Code     8  rt_locale_intlibspace.o(.text)
    __aeabi_errno_addr                       0x08001501   Thumb Code     8  rt_errno_addr_intlibspace.o(.text)
    __errno$intlibspace                      0x08001501   Thumb Code     0  rt_errno_addr_intlibspace.o(.text)
    __rt_errno_addr$intlibspace              0x08001501   Thumb Code     0  rt_errno_addr_intlibspace.o(.text)
    __aeabi_llsl                             0x08001509   Thumb Code     0  llshl.o(.text)
    _ll_shift_l                              0x08001509   Thumb Code    38  llshl.o(.text)
    _ll_udiv10                               0x0800152f   Thumb Code   138  lludiv10.o(.text)
    isspace                                  0x080015b9   Thumb Code    18  isspace.o(.text)
    _printf_fp_infnan                        0x080015cd   Thumb Code   112  _printf_fp_infnan.o(.text)
    __vfscanf                                0x0800164d   Thumb Code   878  _scanf.o(.text)
    _btod_etento                             0x080019c1   Thumb Code   224  bigflt0.o(.text)
    __user_libspace                          0x08001aa5   Thumb Code     8  libspace.o(.text)
    __user_perproc_libspace                  0x08001aa5   Thumb Code     0  libspace.o(.text)
    __user_perthread_libspace                0x08001aa5   Thumb Code     0  libspace.o(.text)
    __user_setup_stackheap                   0x08001aad   Thumb Code    74  sys_stackheap_outer.o(.text)
    __rt_ctype_table                         0x08001af9   Thumb Code    16  rt_ctype_table.o(.text)
    __read_errno                             0x08001b09   Thumb Code    10  _rserrno.o(.text)
    __set_errno                              0x08001b13   Thumb Code    12  _rserrno.o(.text)
    _scanf_really_hex_real                   0x08001b21   Thumb Code   786  scanf_hexfp.o(.text)
    _scanf_really_infnan                     0x08001e41   Thumb Code   292  scanf_infnan.o(.text)
    exit                                     0x08001f75   Thumb Code    18  exit.o(.text)
    strcmp                                   0x08001f89   Thumb Code   124  strcmpv7em.o(.text)
    _sys_exit                                0x08002005   Thumb Code     8  sys_exit.o(.text)
    __I$use$semihosting                      0x08002011   Thumb Code     0  use_no_semi.o(.text)
    __use_no_semihosting_swi                 0x08002011   Thumb Code     2  use_no_semi.o(.text)
    __semihosting_library_function           0x08002013   Thumb Code     0  indicate_semi.o(.text)
    BusFault_Handler                         0x08002015   Thumb Code     2  stm32f4xx_it.o(.text.BusFault_Handler)
    DebugMon_Handler                         0x08002019   Thumb Code     2  stm32f4xx_it.o(.text.DebugMon_Handler)
    EXTI15_10_IRQHandler                     0x0800201d   Thumb Code    22  stm32f4xx_it.o(.text.EXTI15_10_IRQHandler)
    Error_Handler                            0x08002035   Thumb Code     6  main.o(.text.Error_Handler)
    GNSS_GetAllData                          0x08002041   Thumb Code   640  dfrobot_gnss.o(.text.GNSS_GetAllData)
    GNSS_Init                                0x080022d9   Thumb Code    12  dfrobot_gnss.o(.text.GNSS_Init)
    GNSS_PowerControl                        0x080022e5   Thumb Code    54  dfrobot_gnss.o(.text.GNSS_PowerControl)
    GNSS_SetMode                             0x0800231d   Thumb Code    52  dfrobot_gnss.o(.text.GNSS_SetMode)
    HAL_ADC_ConfigChannel                    0x08002351   Thumb Code   354  stm32f4xx_hal_adc.o(.text.HAL_ADC_ConfigChannel)
    HAL_ADC_Init                             0x080024b5   Thumb Code   348  stm32f4xx_hal_adc.o(.text.HAL_ADC_Init)
    HAL_ADC_MspInit                          0x08002611   Thumb Code   108  stm32f4xx_hal_msp.o(.text.HAL_ADC_MspInit)
    HAL_Delay                                0x0800267d   Thumb Code    40  stm32f4xx_hal.o(.text.HAL_Delay)
    HAL_GPIO_EXTI_Callback                   0x080026a5   Thumb Code     2  stm32f4xx_hal_gpio.o(.text.HAL_GPIO_EXTI_Callback)
    HAL_GPIO_EXTI_IRQHandler                 0x080026a9   Thumb Code    22  stm32f4xx_hal_gpio.o(.text.HAL_GPIO_EXTI_IRQHandler)
    HAL_GPIO_Init                            0x080026c1   Thumb Code   414  stm32f4xx_hal_gpio.o(.text.HAL_GPIO_Init)
    HAL_GPIO_WritePin                        0x08002861   Thumb Code    10  stm32f4xx_hal_gpio.o(.text.HAL_GPIO_WritePin)
    HAL_GetTick                              0x0800286d   Thumb Code    12  stm32f4xx_hal.o(.text.HAL_GetTick)
    HAL_I2C_Init                             0x08002879   Thumb Code   356  stm32f4xx_hal_i2c.o(.text.HAL_I2C_Init)
    HAL_I2C_IsDeviceReady                    0x080029dd   Thumb Code   532  stm32f4xx_hal_i2c.o(.text.HAL_I2C_IsDeviceReady)
    HAL_I2C_Mem_Read                         0x08002bf1   Thumb Code   600  stm32f4xx_hal_i2c.o(.text.HAL_I2C_Mem_Read)
    HAL_I2C_Mem_Write                        0x08002e49   Thumb Code   348  stm32f4xx_hal_i2c.o(.text.HAL_I2C_Mem_Write)
    HAL_I2C_MspInit                          0x08002fa5   Thumb Code   114  stm32f4xx_hal_msp.o(.text.HAL_I2C_MspInit)
    HAL_IncTick                              0x08003019   Thumb Code    26  stm32f4xx_hal.o(.text.HAL_IncTick)
    HAL_Init                                 0x08003035   Thumb Code    54  stm32f4xx_hal.o(.text.HAL_Init)
    HAL_InitTick                             0x0800306d   Thumb Code    72  stm32f4xx_hal.o(.text.HAL_InitTick)
    HAL_MspInit                              0x080030b5   Thumb Code    56  stm32f4xx_hal_msp.o(.text.HAL_MspInit)
    HAL_NVIC_EnableIRQ                       0x080030ed   Thumb Code    34  stm32f4xx_hal_cortex.o(.text.HAL_NVIC_EnableIRQ)
    HAL_NVIC_SetPriority                     0x08003111   Thumb Code    86  stm32f4xx_hal_cortex.o(.text.HAL_NVIC_SetPriority)
    HAL_NVIC_SetPriorityGrouping             0x08003169   Thumb Code    32  stm32f4xx_hal_cortex.o(.text.HAL_NVIC_SetPriorityGrouping)
    HAL_PCDEx_ActivateLPM                    0x08003189   Thumb Code    38  stm32f4xx_hal_pcd_ex.o(.text.HAL_PCDEx_ActivateLPM)
    HAL_PCD_Init                             0x080031b1   Thumb Code   634  stm32f4xx_hal_pcd.o(.text.HAL_PCD_Init)
    HAL_PCD_MspInit                          0x0800342d   Thumb Code   176  stm32f4xx_hal_msp.o(.text.HAL_PCD_MspInit)
    HAL_RCCEx_PeriphCLKConfig                0x080034dd   Thumb Code  1086  stm32f4xx_hal_rcc_ex.o(.text.HAL_RCCEx_PeriphCLKConfig)
    HAL_RCC_ClockConfig                      0x0800391d   Thumb Code   356  stm32f4xx_hal_rcc.o(.text.HAL_RCC_ClockConfig)
    HAL_RCC_GetPCLK1Freq                     0x08003a81   Thumb Code    38  stm32f4xx_hal_rcc.o(.text.HAL_RCC_GetPCLK1Freq)
    HAL_RCC_GetPCLK2Freq                     0x08003aa9   Thumb Code    38  stm32f4xx_hal_rcc.o(.text.HAL_RCC_GetPCLK2Freq)
    HAL_RCC_GetSysClockFreq                  0x08003ad1   Thumb Code   162  stm32f4xx_hal_rcc_ex.o(.text.HAL_RCC_GetSysClockFreq)
    HAL_RCC_OscConfig                        0x08003b75   Thumb Code   988  stm32f4xx_hal_rcc_ex.o(.text.HAL_RCC_OscConfig)
    HAL_SPI_GetState                         0x08003f51   Thumb Code     6  stm32f4xx_hal_spi.o(.text.HAL_SPI_GetState)
    HAL_SPI_Init                             0x08003f59   Thumb Code   176  stm32f4xx_hal_spi.o(.text.HAL_SPI_Init)
    HAL_SPI_MspInit                          0x08004009   Thumb Code   116  stm32f4xx_hal_msp.o(.text.HAL_SPI_MspInit)
    HAL_SPI_Receive                          0x0800407d   Thumb Code   512  stm32f4xx_hal_spi.o(.text.HAL_SPI_Receive)
    HAL_SPI_Transmit                         0x0800427d   Thumb Code   628  stm32f4xx_hal_spi.o(.text.HAL_SPI_Transmit)
    HAL_SPI_TransmitReceive                  0x080044f1   Thumb Code   832  stm32f4xx_hal_spi.o(.text.HAL_SPI_TransmitReceive)
    HAL_SYSTICK_Config                       0x08004831   Thumb Code    44  stm32f4xx_hal_cortex.o(.text.HAL_SYSTICK_Config)
    HAL_UART_Init                            0x0800485d   Thumb Code    96  stm32f4xx_hal_uart.o(.text.HAL_UART_Init)
    HAL_UART_MspInit                         0x080048bd   Thumb Code   118  stm32f4xx_hal_msp.o(.text.HAL_UART_MspInit)
    HAL_UART_Transmit                        0x08004935   Thumb Code   402  stm32f4xx_hal_uart.o(.text.HAL_UART_Transmit)
    HardFault_Handler                        0x08004ac9   Thumb Code     2  stm32f4xx_it.o(.text.HardFault_Handler)
    ILI9486_ColorRGB                         0x08005155   Thumb Code    20  ili9486.o(.text.ILI9486_ColorRGB)
    ILI9486_DrawChar                         0x08005169   Thumb Code   902  ili9486.o(.text.ILI9486_DrawChar)
    ILI9486_DrawImage                        0x080054f1   Thumb Code   430  ili9486.o(.text.ILI9486_DrawImage)
    ILI9486_DrawPixel                        0x080056a1   Thumb Code   434  ili9486.o(.text.ILI9486_DrawPixel)
    ILI9486_DrawString                       0x08005855   Thumb Code   148  ili9486.o(.text.ILI9486_DrawString)
    ILI9486_FillRect                         0x080058e9   Thumb Code   108  ili9486.o(.text.ILI9486_FillRect)
    ILI9486_FillScreen                       0x08005955   Thumb Code    94  ili9486.o(.text.ILI9486_FillScreen)
    ILI9486_Init                             0x080059b5   Thumb Code  2316  ili9486.o(.text.ILI9486_Init)
    ILI9486_SetRotation                      0x080062c1   Thumb Code   452  ili9486.o(.text.ILI9486_SetRotation)
    LoRa_BurstWrite                          0x08006485   Thumb Code    92  lora.o(.text.LoRa_BurstWrite)
    LoRa_Recieve                             0x080064e1   Thumb Code   228  main.o(.text.LoRa_Recieve)
    LoRa_getRSSI                             0x080065f5   Thumb Code    42  lora.o(.text.LoRa_getRSSI)
    LoRa_init                                0x08006621   Thumb Code   910  lora.o(.text.LoRa_init)
    LoRa_read                                0x080069b1   Thumb Code    42  lora.o(.text.LoRa_read)
    LoRa_readReg                             0x080069dd   Thumb Code    88  lora.o(.text.LoRa_readReg)
    LoRa_receive                             0x08006a35   Thumb Code   376  lora.o(.text.LoRa_receive)
    LoRa_setSpreadingFactor                  0x08006bad   Thumb Code   222  lora.o(.text.LoRa_setSpreadingFactor)
    LoRa_startReceiving                      0x08006c8d   Thumb Code    72  lora.o(.text.LoRa_startReceiving)
    LoRa_transmit                            0x08006cd5   Thumb Code   624  lora.o(.text.LoRa_transmit)
    LoRa_write                               0x08006f45   Thumb Code    42  lora.o(.text.LoRa_write)
    LoRa_writeReg                            0x08006f71   Thumb Code    88  lora.o(.text.LoRa_writeReg)
    MemManage_Handler                        0x08006fc9   Thumb Code     2  stm32f4xx_it.o(.text.MemManage_Handler)
    NMI_Handler                              0x08006fcd   Thumb Code     2  stm32f4xx_it.o(.text.NMI_Handler)
    PendSV_Handler                           0x08006fd1   Thumb Code     2  stm32f4xx_it.o(.text.PendSV_Handler)
    SVC_Handler                              0x080070f9   Thumb Code     2  stm32f4xx_it.o(.text.SVC_Handler)
    SysTick_Handler                          0x080070fd   Thumb Code     4  stm32f4xx_it.o(.text.SysTick_Handler)
    SystemClock_Config                       0x08007101   Thumb Code   172  main.o(.text.SystemClock_Config)
    SystemInit                               0x080071ad   Thumb Code    18  system_stm32f4xx.o(.text.SystemInit)
    USB_CoreInit                             0x080072a9   Thumb Code   630  stm32f4xx_ll_usb.o(.text.USB_CoreInit)
    USB_DevDisconnect                        0x08007521   Thumb Code    30  stm32f4xx_ll_usb.o(.text.USB_DevDisconnect)
    USB_DevInit                              0x08007541   Thumb Code  1202  stm32f4xx_ll_usb.o(.text.USB_DevInit)
    USB_DisableGlobalInt                     0x080079f5   Thumb Code    14  stm32f4xx_ll_usb.o(.text.USB_DisableGlobalInt)
    USB_SetCurrentMode                       0x08007a05   Thumb Code   872  stm32f4xx_ll_usb.o(.text.USB_SetCurrentMode)
    UsageFault_Handler                       0x08007d6d   Thumb Code     2  stm32f4xx_it.o(.text.UsageFault_Handler)
    draw_landmarks                           0x08007d71   Thumb Code   656  main.o(.text.draw_landmarks)
    draw_position                            0x08008011   Thumb Code   640  main.o(.text.draw_position)
    main                                     0x080082c5   Thumb Code  2356  main.o(.text.main)
    newLoRa                                  0x08008c59   Thumb Code    28  lora.o(.text.newLoRa)
    setup_peripherals                        0x080092b1   Thumb Code   672  main.o(.text.setup_peripherals)
    _btod_d2e                                0x08009c77   Thumb Code    62  btod.o(CL$$btod_d2e)
    _d2e_denorm_low                          0x08009cb5   Thumb Code    70  btod.o(CL$$btod_d2e_denorm_low)
    _d2e_norm_op1                            0x08009cfb   Thumb Code    96  btod.o(CL$$btod_d2e_norm_op1)
    __btod_div_common                        0x08009d5d   Thumb Code   696  btod.o(CL$$btod_div_common)
    _e2d                                     0x0800a095   Thumb Code   122  btod.o(CL$$btod_e2d)
    _e2e                                     0x0800a119   Thumb Code   220  btod.o(CL$$btod_e2e)
    _btod_ediv                               0x0800a1f5   Thumb Code    42  btod.o(CL$$btod_ediv)
    _btod_edivd                              0x0800a21f   Thumb Code    42  btod.o(CL$$btod_edivd)
    _btod_emul                               0x0800a249   Thumb Code    42  btod.o(CL$$btod_emul)
    _btod_emuld                              0x0800a273   Thumb Code    42  btod.o(CL$$btod_emuld)
    __btod_mult_common                       0x0800a29d   Thumb Code   580  btod.o(CL$$btod_mult_common)
    __ARM_fpclassify                         0x0800a4e1   Thumb Code    48  fpclassify.o(i.__ARM_fpclassify)
    __hardfp___mathlib_tofloat               0x0800a511   Thumb Code   232  narrow.o(i.__hardfp___mathlib_tofloat)
    __hardfp_ldexp                           0x0800a609   Thumb Code   200  ldexp.o(i.__hardfp_ldexp)
    __mathlib_dbl_overflow                   0x0800a6d9   Thumb Code    24  dunder.o(i.__mathlib_dbl_overflow)
    __mathlib_dbl_underflow                  0x0800a6f9   Thumb Code    24  dunder.o(i.__mathlib_dbl_underflow)
    __mathlib_narrow                         0x0800a719   Thumb Code    18  narrow.o(i.__mathlib_narrow)
    __support_ldexp                          0x0800a72b   Thumb Code    20  ldexp.o(i.__support_ldexp)
    _is_digit                                0x0800a73f   Thumb Code    14  __printf_wp.o(i._is_digit)
    frexp                                    0x0800a751   Thumb Code   118  frexp.o(i.frexp)
    _get_lc_numeric                          0x0800a7dd   Thumb Code    44  lc_numeric_c.o(locale$$code)
    _get_lc_ctype                            0x0800a809   Thumb Code    44  lc_ctype_c.o(locale$$code)
    __aeabi_d2f                              0x0800a835   Thumb Code     0  d2f.o(x$fpl$d2f)
    _d2f                                     0x0800a835   Thumb Code    98  d2f.o(x$fpl$d2f)
    __aeabi_dadd                             0x0800a899   Thumb Code     0  daddsub_clz.o(x$fpl$dadd)
    _dadd                                    0x0800a899   Thumb Code   332  daddsub_clz.o(x$fpl$dadd)
    __fpl_dcheck_NaN1                        0x0800a9e9   Thumb Code    10  dcheck1.o(x$fpl$dcheck1)
    __fpl_dcmp_Inf                           0x0800a9f9   Thumb Code    24  dcmpi.o(x$fpl$dcmpinf)
    __aeabi_ddiv                             0x0800aa11   Thumb Code     0  ddiv.o(x$fpl$ddiv)
    _ddiv                                    0x0800aa11   Thumb Code   560  ddiv.o(x$fpl$ddiv)
    __aeabi_cdcmpeq                          0x0800acc9   Thumb Code     0  deqf.o(x$fpl$deqf)
    _dcmpeq                                  0x0800acc9   Thumb Code   120  deqf.o(x$fpl$deqf)
    __aeabi_d2iz                             0x0800ad41   Thumb Code     0  dfix.o(x$fpl$dfix)
    _dfix                                    0x0800ad41   Thumb Code    94  dfix.o(x$fpl$dfix)
    __aeabi_i2d                              0x0800ad9f   Thumb Code     0  dflt_clz.o(x$fpl$dflt)
    _dflt                                    0x0800ad9f   Thumb Code    46  dflt_clz.o(x$fpl$dflt)
    __aeabi_ui2d                             0x0800adcd   Thumb Code     0  dflt_clz.o(x$fpl$dfltu)
    _dfltu                                   0x0800adcd   Thumb Code    38  dflt_clz.o(x$fpl$dfltu)
    __aeabi_cdcmple                          0x0800adf5   Thumb Code     0  dleqf.o(x$fpl$dleqf)
    _dcmple                                  0x0800adf5   Thumb Code   120  dleqf.o(x$fpl$dleqf)
    __fpl_dcmple_InfNaN                      0x0800ae57   Thumb Code     0  dleqf.o(x$fpl$dleqf)
    __aeabi_dmul                             0x0800ae6d   Thumb Code     0  dmul.o(x$fpl$dmul)
    _dmul                                    0x0800ae6d   Thumb Code   332  dmul.o(x$fpl$dmul)
    __fpl_dnaninf                            0x0800afc1   Thumb Code   156  dnaninf.o(x$fpl$dnaninf)
    __fpl_dretinf                            0x0800b05d   Thumb Code    12  dretinf.o(x$fpl$dretinf)
    __aeabi_cdrcmple                         0x0800b069   Thumb Code     0  drleqf.o(x$fpl$drleqf)
    _drcmple                                 0x0800b069   Thumb Code   108  drleqf.o(x$fpl$drleqf)
    __aeabi_dsub                             0x0800b0d5   Thumb Code     0  daddsub_clz.o(x$fpl$dsub)
    _dsub                                    0x0800b0d5   Thumb Code   472  daddsub_clz.o(x$fpl$dsub)
    _fp_init                                 0x0800b2b1   Thumb Code    26  fpinit.o(x$fpl$fpinit)
    __fplib_config_fpu_vfp                   0x0800b2c9   Thumb Code     0  fpinit.o(x$fpl$fpinit)
    __fplib_config_pureend_doubles           0x0800b2c9   Thumb Code     0  fpinit.o(x$fpl$fpinit)
    __fpl_fretinf                            0x0800b2cb   Thumb Code    10  fretinf.o(x$fpl$fretinf)
    __ieee_status                            0x0800b2d5   Thumb Code     6  istatus.o(x$fpl$ieeestatus)
    _printf_fp_dec                           0x0800b2db   Thumb Code     4  printf1.o(x$fpl$printf1)
    __fpl_return_NaN                         0x0800b2df   Thumb Code   100  retnan.o(x$fpl$retnan)
    __ARM_scalbn                             0x0800b343   Thumb Code    92  scalbn.o(x$fpl$scalbn)
    _scanf_real                              0x0800b39f   Thumb Code     4  scanf1.o(x$fpl$scanf1)
    _scanf_hex_real                          0x0800b3a3   Thumb Code     4  scanf2.o(x$fpl$scanf2)
    _scanf_infnan                            0x0800b3a7   Thumb Code     4  scanf2.o(x$fpl$scanf2)
    __fpl_cmpreturn                          0x0800b3ab   Thumb Code    48  trapv.o(x$fpl$trapveneer)
    __I$use$fp                               0x0800b3da   Number         0  usenofp.o(x$fpl$usenofp)
    AHBPrescTable                            0x0800b4c0   Data          16  system_stm32f4xx.o(.rodata.AHBPrescTable)
    APBPrescTable                            0x0800b4d0   Data           8  system_stm32f4xx.o(.rodata.APBPrescTable)
    Font11x18                                0x080564d8   Data        3420  fonts.o(.rodata.Font11x18)
    landmarks                                0x08057238   Data          64  main.o(.rodata.landmarks)
    Region$$Table$$Base                      0x080573e8   Number         0  anon$$obj.o(Region$$Table)
    Region$$Table$$Limit                     0x08057408   Number         0  anon$$obj.o(Region$$Table)
    __aeabi_HUGE_VAL                         0x08057408   Data           0  fpconst.o(c$$dinf)
    __aeabi_HUGE_VALL                        0x08057408   Data           0  fpconst.o(c$$dinf)
    __aeabi_INFINITY                         0x08057408   Data           0  fpconst.o(c$$dinf)
    __dInf                                   0x08057408   Data           0  fpconst.o(c$$dinf)
    __huge_val                               0x08057408   Data           0  fpconst.o(c$$dinf)
    __dbl_max                                0x08057410   Data           0  fpconst.o(c$$dmax)
    __ctype                                  0x08057441   Data           0  lc_ctype_c.o(locale$$data)
    uwTickFreq                               0x20000010   Data           1  stm32f4xx_hal.o(.data..L_MergedGlobals)
    uwTickPrio                               0x20000014   Data           4  stm32f4xx_hal.o(.data..L_MergedGlobals)
    Font_11x18                               0x20000018   Data           8  fonts.o(.data.Font_11x18)
    SystemCoreClock                          0x20000020   Data           4  system_stm32f4xx.o(.data.SystemCoreClock)
    __libspace_start                         0x20000028   Data          96  libspace.o(.bss)
    __temporary_stack_top$libspace           0x20000088   Data           0  libspace.o(.bss)
    packet_size                              0x20000090   Data           1  main.o(.bss..L_MergedGlobals.34)
    gnss                                     0x200000b8   Data          12  main.o(.bss..L_MergedGlobals.34)
    myLoRa                                   0x200000c4   Data          44  main.o(.bss..L_MergedGlobals.34)
    currentData                              0x200000f0   Data          56  main.o(.bss..L_MergedGlobals.35)
    otherData                                0x20000128   Data          56  main.o(.bss..L_MergedGlobals.35)
    hadc3                                    0x20000160   Data          72  main.o(.bss.hadc3)
    hi2c2                                    0x200001a8   Data          84  main.o(.bss.hi2c2)
    hpcd_USB_OTG_FS                          0x200001fc   Data        1252  main.o(.bss.hpcd_USB_OTG_FS)
    hspi1                                    0x200006e0   Data          88  main.o(.bss.hspi1)
    huart3                                   0x20000738   Data          72  main.o(.bss.huart3)
    lora_payload                             0x20000780   Data          64  main.o(.bss.lora_payload)
    message                                  0x200007c0   Data         100  main.o(.bss.message)
    msg_buffer                               0x20000824   Data          65  main.o(.bss.msg_buffer)
    received_data                            0x20000868   Data          64  main.o(.bss.received_data)
    string_buffer                            0x200008a8   Data         100  main.o(.bss.string_buffer)
    uwTick                                   0x2000090c   Data           4  stm32f4xx_hal.o(.bss.uwTick)



==============================================================================

Memory Map of the image

  Image Entry point : 0x080001c5

  Load Region LR_IROM1 (Base: 0x08000000, Size: 0x00057570, Max: 0x00080000, ABSOLUTE)

    Execution Region ER_IROM1 (Exec base: 0x08000000, Load base: 0x08000000, Size: 0x00057544, Max: 0x00080000, ABSOLUTE)

    Exec Addr    Load Addr    Size         Type   Attr      Idx    E Section Name        Object

    0x08000000   0x08000000   0x000001c4   Data   RO            3    RESET               startup_stm32f446xx.o
    0x080001c4   0x080001c4   0x00000008   Code   RO         1436  * !!!main             c_w.l(__main.o)
    0x080001cc   0x080001cc   0x0000005c   Code   RO         1809    !!!scatter          c_w.l(__scatter.o)
    0x08000228   0x08000228   0x0000001a   Code   RO         1813    !!handler_copy      c_w.l(__scatter_copy.o)
    0x08000242   0x08000242   0x00000002   PAD
    0x08000244   0x08000244   0x00000002   Code   RO         1810    !!handler_null      c_w.l(__scatter.o)
    0x08000246   0x08000246   0x00000002   PAD
    0x08000248   0x08000248   0x0000001c   Code   RO         1815    !!handler_zi        c_w.l(__scatter_zi.o)
    0x08000264   0x08000264   0x00000000   Code   RO         1419    .ARM.Collect$$_printf_percent$$00000000  c_w.l(_printf_percent.o)
    0x08000264   0x08000264   0x00000006   Code   RO         1418    .ARM.Collect$$_printf_percent$$00000003  c_w.l(_printf_f.o)
    0x0800026a   0x0800026a   0x00000006   Code   RO         1417    .ARM.Collect$$_printf_percent$$00000009  c_w.l(_printf_d.o)
    0x08000270   0x08000270   0x00000006   Code   RO         1415    .ARM.Collect$$_printf_percent$$00000013  c_w.l(_printf_c.o)
    0x08000276   0x08000276   0x00000006   Code   RO         1416    .ARM.Collect$$_printf_percent$$00000014  c_w.l(_printf_s.o)
    0x0800027c   0x0800027c   0x00000004   Code   RO         1483    .ARM.Collect$$_printf_percent$$00000017  c_w.l(_printf_percent_end.o)
    0x08000280   0x08000280   0x00000002   Code   RO         1621    .ARM.Collect$$libinit$$00000000  c_w.l(libinit.o)
    0x08000282   0x08000282   0x00000004   Code   RO         1622    .ARM.Collect$$libinit$$00000001  c_w.l(libinit2.o)
    0x08000286   0x08000286   0x00000000   Code   RO         1625    .ARM.Collect$$libinit$$00000004  c_w.l(libinit2.o)
    0x08000286   0x08000286   0x00000000   Code   RO         1627    .ARM.Collect$$libinit$$00000006  c_w.l(libinit2.o)
    0x08000286   0x08000286   0x00000000   Code   RO         1630    .ARM.Collect$$libinit$$0000000C  c_w.l(libinit2.o)
    0x08000286   0x08000286   0x00000000   Code   RO         1632    .ARM.Collect$$libinit$$0000000E  c_w.l(libinit2.o)
    0x08000286   0x08000286   0x00000000   Code   RO         1634    .ARM.Collect$$libinit$$00000010  c_w.l(libinit2.o)
    0x08000286   0x08000286   0x00000006   Code   RO         1635    .ARM.Collect$$libinit$$00000011  c_w.l(libinit2.o)
    0x0800028c   0x0800028c   0x00000000   Code   RO         1637    .ARM.Collect$$libinit$$00000013  c_w.l(libinit2.o)
    0x0800028c   0x0800028c   0x0000000c   Code   RO         1638    .ARM.Collect$$libinit$$00000014  c_w.l(libinit2.o)
    0x08000298   0x08000298   0x00000000   Code   RO         1639    .ARM.Collect$$libinit$$00000015  c_w.l(libinit2.o)
    0x08000298   0x08000298   0x00000000   Code   RO         1641    .ARM.Collect$$libinit$$00000017  c_w.l(libinit2.o)
    0x08000298   0x08000298   0x0000000a   Code   RO         1642    .ARM.Collect$$libinit$$00000018  c_w.l(libinit2.o)
    0x080002a2   0x080002a2   0x00000000   Code   RO         1643    .ARM.Collect$$libinit$$00000019  c_w.l(libinit2.o)
    0x080002a2   0x080002a2   0x00000000   Code   RO         1645    .ARM.Collect$$libinit$$0000001B  c_w.l(libinit2.o)
    0x080002a2   0x080002a2   0x00000000   Code   RO         1647    .ARM.Collect$$libinit$$0000001D  c_w.l(libinit2.o)
    0x080002a2   0x080002a2   0x00000000   Code   RO         1649    .ARM.Collect$$libinit$$0000001F  c_w.l(libinit2.o)
    0x080002a2   0x080002a2   0x00000000   Code   RO         1651    .ARM.Collect$$libinit$$00000021  c_w.l(libinit2.o)
    0x080002a2   0x080002a2   0x00000000   Code   RO         1653    .ARM.Collect$$libinit$$00000023  c_w.l(libinit2.o)
    0x080002a2   0x080002a2   0x00000000   Code   RO         1655    .ARM.Collect$$libinit$$00000025  c_w.l(libinit2.o)
    0x080002a2   0x080002a2   0x00000000   Code   RO         1657    .ARM.Collect$$libinit$$00000027  c_w.l(libinit2.o)
    0x080002a2   0x080002a2   0x00000000   Code   RO         1661    .ARM.Collect$$libinit$$0000002E  c_w.l(libinit2.o)
    0x080002a2   0x080002a2   0x00000000   Code   RO         1663    .ARM.Collect$$libinit$$00000030  c_w.l(libinit2.o)
    0x080002a2   0x080002a2   0x00000000   Code   RO         1665    .ARM.Collect$$libinit$$00000032  c_w.l(libinit2.o)
    0x080002a2   0x080002a2   0x00000000   Code   RO         1667    .ARM.Collect$$libinit$$00000034  c_w.l(libinit2.o)
    0x080002a2   0x080002a2   0x00000002   Code   RO         1668    .ARM.Collect$$libinit$$00000035  c_w.l(libinit2.o)
    0x080002a4   0x080002a4   0x00000002   Code   RO         1768    .ARM.Collect$$libshutdown$$00000000  c_w.l(libshutdown.o)
    0x080002a6   0x080002a6   0x00000000   Code   RO         1788    .ARM.Collect$$libshutdown$$00000002  c_w.l(libshutdown2.o)
    0x080002a6   0x080002a6   0x00000000   Code   RO         1790    .ARM.Collect$$libshutdown$$00000004  c_w.l(libshutdown2.o)
    0x080002a6   0x080002a6   0x00000000   Code   RO         1793    .ARM.Collect$$libshutdown$$00000007  c_w.l(libshutdown2.o)
    0x080002a6   0x080002a6   0x00000000   Code   RO         1796    .ARM.Collect$$libshutdown$$0000000A  c_w.l(libshutdown2.o)
    0x080002a6   0x080002a6   0x00000000   Code   RO         1798    .ARM.Collect$$libshutdown$$0000000C  c_w.l(libshutdown2.o)
    0x080002a6   0x080002a6   0x00000000   Code   RO         1801    .ARM.Collect$$libshutdown$$0000000F  c_w.l(libshutdown2.o)
    0x080002a6   0x080002a6   0x00000002   Code   RO         1802    .ARM.Collect$$libshutdown$$00000010  c_w.l(libshutdown2.o)
    0x080002a8   0x080002a8   0x00000000   Code   RO         1464    .ARM.Collect$$rtentry$$00000000  c_w.l(__rtentry.o)
    0x080002a8   0x080002a8   0x00000000   Code   RO         1500    .ARM.Collect$$rtentry$$00000002  c_w.l(__rtentry2.o)
    0x080002a8   0x080002a8   0x00000006   Code   RO         1512    .ARM.Collect$$rtentry$$00000004  c_w.l(__rtentry4.o)
    0x080002ae   0x080002ae   0x00000000   Code   RO         1502    .ARM.Collect$$rtentry$$00000009  c_w.l(__rtentry2.o)
    0x080002ae   0x080002ae   0x00000004   Code   RO         1503    .ARM.Collect$$rtentry$$0000000A  c_w.l(__rtentry2.o)
    0x080002b2   0x080002b2   0x00000000   Code   RO         1505    .ARM.Collect$$rtentry$$0000000C  c_w.l(__rtentry2.o)
    0x080002b2   0x080002b2   0x00000008   Code   RO         1506    .ARM.Collect$$rtentry$$0000000D  c_w.l(__rtentry2.o)
    0x080002ba   0x080002ba   0x00000002   Code   RO         1681    .ARM.Collect$$rtexit$$00000000  c_w.l(rtexit.o)
    0x080002bc   0x080002bc   0x00000000   Code   RO         1717    .ARM.Collect$$rtexit$$00000002  c_w.l(rtexit2.o)
    0x080002bc   0x080002bc   0x00000004   Code   RO         1718    .ARM.Collect$$rtexit$$00000003  c_w.l(rtexit2.o)
    0x080002c0   0x080002c0   0x00000006   Code   RO         1719    .ARM.Collect$$rtexit$$00000004  c_w.l(rtexit2.o)
    0x080002c6   0x080002c6   0x00000002   PAD
    0x080002c8   0x080002c8   0x00000040   Code   RO            4    .text               startup_stm32f446xx.o
    0x08000308   0x08000308   0x000000f0   Code   RO         1379    .text               c_w.l(lludivv7m.o)
    0x080003f8   0x080003f8   0x0000002c   Code   RO         1381    .text               c_w.l(__2sprintf.o)
    0x08000424   0x08000424   0x00000040   Code   RO         1383    .text               c_w.l(__2snprintf.o)
    0x08000464   0x08000464   0x00000052   Code   RO         1391    .text               c_w.l(_printf_str.o)
    0x080004b6   0x080004b6   0x00000002   PAD
    0x080004b8   0x080004b8   0x00000078   Code   RO         1393    .text               c_w.l(_printf_dec.o)
    0x08000530   0x08000530   0x00000160   Code   RO         1410    .text               c_w.l(__printf_ss_wp.o)
    0x08000690   0x08000690   0x0000003c   Code   RO         1420    .text               c_w.l(__0sscanf.o)
    0x080006cc   0x080006cc   0x0000014c   Code   RO         1422    .text               c_w.l(_scanf_int.o)
    0x08000818   0x08000818   0x000000e0   Code   RO         1424    .text               c_w.l(_scanf_str.o)
    0x080008f8   0x080008f8   0x0000003e   Code   RO         1426    .text               c_w.l(strlen.o)
    0x08000936   0x08000936   0x00000064   Code   RO         1428    .text               c_w.l(rt_memcpy_w.o)
    0x0800099a   0x0800099a   0x00000044   Code   RO         1430    .text               c_w.l(rt_memclr.o)
    0x080009de   0x080009de   0x0000004e   Code   RO         1432    .text               c_w.l(rt_memclr_w.o)
    0x08000a2c   0x08000a2c   0x00000006   Code   RO         1434    .text               c_w.l(heapauxi.o)
    0x08000a32   0x08000a32   0x000000b2   Code   RO         1469    .text               c_w.l(_printf_intcommon.o)
    0x08000ae4   0x08000ae4   0x0000041c   Code   RO         1471    .text               c_w.l(_printf_fp_dec.o)
    0x08000f00   0x08000f00   0x00000030   Code   RO         1475    .text               c_w.l(_printf_char_common.o)
    0x08000f30   0x08000f30   0x0000000a   Code   RO         1477    .text               c_w.l(_sputc.o)
    0x08000f3a   0x08000f3a   0x00000010   Code   RO         1479    .text               c_w.l(_snputc.o)
    0x08000f4a   0x08000f4a   0x0000002c   Code   RO         1481    .text               c_w.l(_printf_char.o)
    0x08000f76   0x08000f76   0x0000001c   Code   RO         1484    .text               c_w.l(_chval.o)
    0x08000f92   0x08000f92   0x00000002   PAD
    0x08000f94   0x08000f94   0x000004f8   Code   RO         1486    .text               c_w.l(scanf_fp.o)
    0x0800148c   0x0800148c   0x0000002c   Code   RO         1490    .text               c_w.l(scanf_char.o)
    0x080014b8   0x080014b8   0x00000040   Code   RO         1492    .text               c_w.l(_sgetc.o)
    0x080014f8   0x080014f8   0x00000008   Code   RO         1519    .text               c_w.l(rt_locale_intlibspace.o)
    0x08001500   0x08001500   0x00000008   Code   RO         1524    .text               c_w.l(rt_errno_addr_intlibspace.o)
    0x08001508   0x08001508   0x00000026   Code   RO         1526    .text               c_w.l(llshl.o)
    0x0800152e   0x0800152e   0x0000008a   Code   RO         1528    .text               c_w.l(lludiv10.o)
    0x080015b8   0x080015b8   0x00000012   Code   RO         1530    .text               c_w.l(isspace.o)
    0x080015ca   0x080015ca   0x00000002   PAD
    0x080015cc   0x080015cc   0x00000080   Code   RO         1532    .text               c_w.l(_printf_fp_infnan.o)
    0x0800164c   0x0800164c   0x00000374   Code   RO         1536    .text               c_w.l(_scanf.o)
    0x080019c0   0x080019c0   0x000000e4   Code   RO         1538    .text               c_w.l(bigflt0.o)
    0x08001aa4   0x08001aa4   0x00000008   Code   RO         1593    .text               c_w.l(libspace.o)
    0x08001aac   0x08001aac   0x0000004a   Code   RO         1596    .text               c_w.l(sys_stackheap_outer.o)
    0x08001af6   0x08001af6   0x00000002   PAD
    0x08001af8   0x08001af8   0x00000010   Code   RO         1598    .text               c_w.l(rt_ctype_table.o)
    0x08001b08   0x08001b08   0x00000016   Code   RO         1600    .text               c_w.l(_rserrno.o)
    0x08001b1e   0x08001b1e   0x00000002   PAD
    0x08001b20   0x08001b20   0x00000320   Code   RO         1602    .text               c_w.l(scanf_hexfp.o)
    0x08001e40   0x08001e40   0x00000134   Code   RO         1604    .text               c_w.l(scanf_infnan.o)
    0x08001f74   0x08001f74   0x00000012   Code   RO         1608    .text               c_w.l(exit.o)
    0x08001f86   0x08001f86   0x00000002   PAD
    0x08001f88   0x08001f88   0x0000007c   Code   RO         1614    .text               c_w.l(strcmpv7em.o)
    0x08002004   0x08002004   0x0000000c   Code   RO         1712    .text               c_w.l(sys_exit.o)
    0x08002010   0x08002010   0x00000002   Code   RO         1755    .text               c_w.l(use_no_semi.o)
    0x08002012   0x08002012   0x00000000   Code   RO         1757    .text               c_w.l(indicate_semi.o)
    0x08002012   0x08002012   0x00000002   PAD
    0x08002014   0x08002014   0x00000002   Code   RO          194    .text.BusFault_Handler  stm32f4xx_it.o
    0x08002016   0x08002016   0x00000002   PAD
    0x08002018   0x08002018   0x00000002   Code   RO          200    .text.DebugMon_Handler  stm32f4xx_it.o
    0x0800201a   0x0800201a   0x00000002   PAD
    0x0800201c   0x0800201c   0x00000016   Code   RO          206    .text.EXTI15_10_IRQHandler  stm32f4xx_it.o
    0x08002032   0x08002032   0x00000002   PAD
    0x08002034   0x08002034   0x00000006   Code   RO          155    .text.Error_Handler  main.o
    0x0800203a   0x0800203a   0x00000006   PAD
    0x08002040   0x08002040   0x00000298   Code   RO           74    .text.GNSS_GetAllData  dfrobot_gnss.o
    0x080022d8   0x080022d8   0x0000000c   Code   RO           64    .text.GNSS_Init     dfrobot_gnss.o
    0x080022e4   0x080022e4   0x00000036   Code   RO           68    .text.GNSS_PowerControl  dfrobot_gnss.o
    0x0800231a   0x0800231a   0x00000002   PAD
    0x0800231c   0x0800231c   0x00000034   Code   RO           66    .text.GNSS_SetMode  dfrobot_gnss.o
    0x08002350   0x08002350   0x00000162   Code   RO          296    .text.HAL_ADC_ConfigChannel  stm32f4xx_hal_adc.o
    0x080024b2   0x080024b2   0x00000002   PAD
    0x080024b4   0x080024b4   0x0000015c   Code   RO          254    .text.HAL_ADC_Init  stm32f4xx_hal_adc.o
    0x08002610   0x08002610   0x0000006c   Code   RO          217    .text.HAL_ADC_MspInit  stm32f4xx_hal_msp.o
    0x0800267c   0x0800267c   0x00000028   Code   RO          705    .text.HAL_Delay     stm32f4xx_hal.o
    0x080026a4   0x080026a4   0x00000002   Code   RO          508    .text.HAL_GPIO_EXTI_Callback  stm32f4xx_hal_gpio.o
    0x080026a6   0x080026a6   0x00000002   PAD
    0x080026a8   0x080026a8   0x00000016   Code   RO          506    .text.HAL_GPIO_EXTI_IRQHandler  stm32f4xx_hal_gpio.o
    0x080026be   0x080026be   0x00000002   PAD
    0x080026c0   0x080026c0   0x0000019e   Code   RO          494    .text.HAL_GPIO_Init  stm32f4xx_hal_gpio.o
    0x0800285e   0x0800285e   0x00000002   PAD
    0x08002860   0x08002860   0x0000000a   Code   RO          500    .text.HAL_GPIO_WritePin  stm32f4xx_hal_gpio.o
    0x0800286a   0x0800286a   0x00000002   PAD
    0x0800286c   0x0800286c   0x0000000c   Code   RO          697    .text.HAL_GetTick   stm32f4xx_hal.o
    0x08002878   0x08002878   0x00000164   Code   RO          775    .text.HAL_I2C_Init  stm32f4xx_hal_i2c.o
    0x080029dc   0x080029dc   0x00000214   Code   RO          835    .text.HAL_I2C_IsDeviceReady  stm32f4xx_hal_i2c.o
    0x08002bf0   0x08002bf0   0x00000258   Code   RO          823    .text.HAL_I2C_Mem_Read  stm32f4xx_hal_i2c.o
    0x08002e48   0x08002e48   0x0000015c   Code   RO          819    .text.HAL_I2C_Mem_Write  stm32f4xx_hal_i2c.o
    0x08002fa4   0x08002fa4   0x00000072   Code   RO          221    .text.HAL_I2C_MspInit  stm32f4xx_hal_msp.o
    0x08003016   0x08003016   0x00000002   PAD
    0x08003018   0x08003018   0x0000001a   Code   RO          695    .text.HAL_IncTick   stm32f4xx_hal.o
    0x08003032   0x08003032   0x00000002   PAD
    0x08003034   0x08003034   0x00000036   Code   RO          685    .text.HAL_Init      stm32f4xx_hal.o
    0x0800306a   0x0800306a   0x00000002   PAD
    0x0800306c   0x0800306c   0x00000048   Code   RO          687    .text.HAL_InitTick  stm32f4xx_hal.o
    0x080030b4   0x080030b4   0x00000038   Code   RO          215    .text.HAL_MspInit   stm32f4xx_hal_msp.o
    0x080030ec   0x080030ec   0x00000022   Code   RO          637    .text.HAL_NVIC_EnableIRQ  stm32f4xx_hal_cortex.o
    0x0800310e   0x0800310e   0x00000002   PAD
    0x08003110   0x08003110   0x00000056   Code   RO          635    .text.HAL_NVIC_SetPriority  stm32f4xx_hal_cortex.o
    0x08003166   0x08003166   0x00000002   PAD
    0x08003168   0x08003168   0x00000020   Code   RO          633    .text.HAL_NVIC_SetPriorityGrouping  stm32f4xx_hal_cortex.o
    0x08003188   0x08003188   0x00000026   Code   RO         1243    .text.HAL_PCDEx_ActivateLPM  stm32f4xx_hal_pcd_ex.o
    0x080031ae   0x080031ae   0x00000002   PAD
    0x080031b0   0x080031b0   0x0000027a   Code   RO         1161    .text.HAL_PCD_Init  stm32f4xx_hal_pcd.o
    0x0800342a   0x0800342a   0x00000002   PAD
    0x0800342c   0x0800342c   0x000000b0   Code   RO          233    .text.HAL_PCD_MspInit  stm32f4xx_hal_msp.o
    0x080034dc   0x080034dc   0x0000043e   Code   RO          386    .text.HAL_RCCEx_PeriphCLKConfig  stm32f4xx_hal_rcc_ex.o
    0x0800391a   0x0800391a   0x00000002   PAD
    0x0800391c   0x0800391c   0x00000164   Code   RO          354    .text.HAL_RCC_ClockConfig  stm32f4xx_hal_rcc.o
    0x08003a80   0x08003a80   0x00000026   Code   RO          366    .text.HAL_RCC_GetPCLK1Freq  stm32f4xx_hal_rcc.o
    0x08003aa6   0x08003aa6   0x00000002   PAD
    0x08003aa8   0x08003aa8   0x00000026   Code   RO          368    .text.HAL_RCC_GetPCLK2Freq  stm32f4xx_hal_rcc.o
    0x08003ace   0x08003ace   0x00000002   PAD
    0x08003ad0   0x08003ad0   0x000000a2   Code   RO          402    .text.HAL_RCC_GetSysClockFreq  stm32f4xx_hal_rcc_ex.o
    0x08003b72   0x08003b72   0x00000002   PAD
    0x08003b74   0x08003b74   0x000003dc   Code   RO          406    .text.HAL_RCC_OscConfig  stm32f4xx_hal_rcc_ex.o
    0x08003f50   0x08003f50   0x00000006   Code   RO         1019    .text.HAL_SPI_GetState  stm32f4xx_hal_spi.o
    0x08003f56   0x08003f56   0x00000002   PAD
    0x08003f58   0x08003f58   0x000000b0   Code   RO          925    .text.HAL_SPI_Init  stm32f4xx_hal_spi.o
    0x08004008   0x08004008   0x00000074   Code   RO          225    .text.HAL_SPI_MspInit  stm32f4xx_hal_msp.o
    0x0800407c   0x0800407c   0x00000200   Code   RO          935    .text.HAL_SPI_Receive  stm32f4xx_hal_spi.o
    0x0800427c   0x0800427c   0x00000274   Code   RO          933    .text.HAL_SPI_Transmit  stm32f4xx_hal_spi.o
    0x080044f0   0x080044f0   0x00000340   Code   RO          937    .text.HAL_SPI_TransmitReceive  stm32f4xx_hal_spi.o
    0x08004830   0x08004830   0x0000002c   Code   RO          645    .text.HAL_SYSTICK_Config  stm32f4xx_hal_cortex.o
    0x0800485c   0x0800485c   0x00000060   Code   RO         1039    .text.HAL_UART_Init  stm32f4xx_hal_uart.o
    0x080048bc   0x080048bc   0x00000076   Code   RO          229    .text.HAL_UART_MspInit  stm32f4xx_hal_msp.o
    0x08004932   0x08004932   0x00000002   PAD
    0x08004934   0x08004934   0x00000192   Code   RO         1055    .text.HAL_UART_Transmit  stm32f4xx_hal_uart.o
    0x08004ac6   0x08004ac6   0x00000002   PAD
    0x08004ac8   0x08004ac8   0x00000002   Code   RO          190    .text.HardFault_Handler  stm32f4xx_it.o
    0x08004aca   0x08004aca   0x00000002   PAD
    0x08004acc   0x08004acc   0x00000112   Code   RO          825    .text.I2C_RequestMemoryRead  stm32f4xx_hal_i2c.o
    0x08004bde   0x08004bde   0x00000002   PAD
    0x08004be0   0x08004be0   0x000000c8   Code   RO          821    .text.I2C_RequestMemoryWrite  stm32f4xx_hal_i2c.o
    0x08004ca8   0x08004ca8   0x000000ba   Code   RO          789    .text.I2C_WaitOnBTFFlagUntilTimeout  stm32f4xx_hal_i2c.o
    0x08004d62   0x08004d62   0x00000002   PAD
    0x08004d64   0x08004d64   0x000001ca   Code   RO          785    .text.I2C_WaitOnFlagUntilTimeout  stm32f4xx_hal_i2c.o
    0x08004f2e   0x08004f2e   0x00000002   PAD
    0x08004f30   0x08004f30   0x000000d6   Code   RO          903    .text.I2C_WaitOnMasterAddressFlagUntilTimeout  stm32f4xx_hal_i2c.o
    0x08005006   0x08005006   0x00000002   PAD
    0x08005008   0x08005008   0x00000090   Code   RO          793    .text.I2C_WaitOnRXNEFlagUntilTimeout  stm32f4xx_hal_i2c.o
    0x08005098   0x08005098   0x000000ba   Code   RO          787    .text.I2C_WaitOnTXEFlagUntilTimeout  stm32f4xx_hal_i2c.o
    0x08005152   0x08005152   0x00000002   PAD
    0x08005154   0x08005154   0x00000014   Code   RO          102    .text.ILI9486_ColorRGB  ili9486.o
    0x08005168   0x08005168   0x00000386   Code   RO          104    .text.ILI9486_DrawChar  ili9486.o
    0x080054ee   0x080054ee   0x00000002   PAD
    0x080054f0   0x080054f0   0x000001ae   Code   RO          116    .text.ILI9486_DrawImage  ili9486.o
    0x0800569e   0x0800569e   0x00000002   PAD
    0x080056a0   0x080056a0   0x000001b2   Code   RO           96    .text.ILI9486_DrawPixel  ili9486.o
    0x08005852   0x08005852   0x00000002   PAD
    0x08005854   0x08005854   0x00000094   Code   RO          106    .text.ILI9486_DrawString  ili9486.o
    0x080058e8   0x080058e8   0x0000006c   Code   RO          114    .text.ILI9486_FillRect  ili9486.o
    0x08005954   0x08005954   0x0000005e   Code   RO           90    .text.ILI9486_FillScreen  ili9486.o
    0x080059b2   0x080059b2   0x00000002   PAD
    0x080059b4   0x080059b4   0x0000090c   Code   RO           88    .text.ILI9486_Init  ili9486.o
    0x080062c0   0x080062c0   0x000001c4   Code   RO           98    .text.ILI9486_SetRotation  ili9486.o
    0x08006484   0x08006484   0x0000005c   Code   RO           41    .text.LoRa_BurstWrite  lora.o
    0x080064e0   0x080064e0   0x00000114   Code   RO          137    .text.LoRa_Recieve  main.o
    0x080065f4   0x080065f4   0x0000002a   Code   RO           51    .text.LoRa_getRSSI  lora.o
    0x0800661e   0x0800661e   0x00000002   PAD
    0x08006620   0x08006620   0x0000038e   Code   RO           53    .text.LoRa_init     lora.o
    0x080069ae   0x080069ae   0x00000002   PAD
    0x080069b0   0x080069b0   0x0000002a   Code   RO           17    .text.LoRa_read     lora.o
    0x080069da   0x080069da   0x00000002   PAD
    0x080069dc   0x080069dc   0x00000058   Code   RO           21    .text.LoRa_readReg  lora.o
    0x08006a34   0x08006a34   0x00000178   Code   RO           49    .text.LoRa_receive  lora.o
    0x08006bac   0x08006bac   0x000000de   Code   RO           31    .text.LoRa_setSpreadingFactor  lora.o
    0x08006c8a   0x08006c8a   0x00000002   PAD
    0x08006c8c   0x08006c8c   0x00000048   Code   RO           47    .text.LoRa_startReceiving  lora.o
    0x08006cd4   0x08006cd4   0x00000270   Code   RO           45    .text.LoRa_transmit  lora.o
    0x08006f44   0x08006f44   0x0000002a   Code   RO           19    .text.LoRa_write    lora.o
    0x08006f6e   0x08006f6e   0x00000002   PAD
    0x08006f70   0x08006f70   0x00000058   Code   RO           23    .text.LoRa_writeReg  lora.o
    0x08006fc8   0x08006fc8   0x00000002   Code   RO          192    .text.MemManage_Handler  stm32f4xx_it.o
    0x08006fca   0x08006fca   0x00000002   PAD
    0x08006fcc   0x08006fcc   0x00000002   Code   RO          188    .text.NMI_Handler   stm32f4xx_it.o
    0x08006fce   0x08006fce   0x00000002   PAD
    0x08006fd0   0x08006fd0   0x00000002   Code   RO          202    .text.PendSV_Handler  stm32f4xx_it.o
    0x08006fd2   0x08006fd2   0x00000002   PAD
    0x08006fd4   0x08006fd4   0x00000124   Code   RO         1029    .text.SPI_WaitFlagStateUntilTimeout  stm32f4xx_hal_spi.o
    0x080070f8   0x080070f8   0x00000002   Code   RO          198    .text.SVC_Handler   stm32f4xx_it.o
    0x080070fa   0x080070fa   0x00000002   PAD
    0x080070fc   0x080070fc   0x00000004   Code   RO          204    .text.SysTick_Handler  stm32f4xx_it.o
    0x08007100   0x08007100   0x000000ac   Code   RO          153    .text.SystemClock_Config  main.o
    0x080071ac   0x080071ac   0x00000012   Code   RO         1363    .text.SystemInit    system_stm32f4xx.o
    0x080071be   0x080071be   0x00000002   PAD
    0x080071c0   0x080071c0   0x000000e6   Code   RO         1043    .text.UART_SetConfig  stm32f4xx_hal_uart.o
    0x080072a6   0x080072a6   0x00000002   PAD
    0x080072a8   0x080072a8   0x00000276   Code   RO         1259    .text.USB_CoreInit  stm32f4xx_ll_usb.o
    0x0800751e   0x0800751e   0x00000002   PAD
    0x08007520   0x08007520   0x0000001e   Code   RO         1307    .text.USB_DevDisconnect  stm32f4xx_ll_usb.o
    0x0800753e   0x0800753e   0x00000002   PAD
    0x08007540   0x08007540   0x000004b2   Code   RO         1271    .text.USB_DevInit   stm32f4xx_ll_usb.o
    0x080079f2   0x080079f2   0x00000002   PAD
    0x080079f4   0x080079f4   0x0000000e   Code   RO         1265    .text.USB_DisableGlobalInt  stm32f4xx_ll_usb.o
    0x08007a02   0x08007a02   0x00000002   PAD
    0x08007a04   0x08007a04   0x00000368   Code   RO         1267    .text.USB_SetCurrentMode  stm32f4xx_ll_usb.o
    0x08007d6c   0x08007d6c   0x00000002   Code   RO          196    .text.UsageFault_Handler  stm32f4xx_it.o
    0x08007d6e   0x08007d6e   0x00000002   PAD
    0x08007d70   0x08007d70   0x000002a0   Code   RO          145    .text.draw_landmarks  main.o
    0x08008010   0x08008010   0x000002b4   Code   RO          147    .text.draw_position  main.o
    0x080082c4   0x080082c4   0x00000994   Code   RO          151    .text.main          main.o
    0x08008c58   0x08008c58   0x0000001c   Code   RO           11    .text.newLoRa       lora.o
    0x08008c74   0x08008c74   0x0000063c   Code   RO           92    .text.setAddrWindow  ili9486.o
    0x080092b0   0x080092b0   0x00000304   Code   RO          131    .text.setup_peripherals  main.o
    0x080095b4   0x080095b4   0x000006c2   Code   RO           94    .text.writeData16   ili9486.o
    0x08009c76   0x08009c76   0x0000003e   Code   RO         1541    CL$$btod_d2e        c_w.l(btod.o)
    0x08009cb4   0x08009cb4   0x00000046   Code   RO         1543    CL$$btod_d2e_denorm_low  c_w.l(btod.o)
    0x08009cfa   0x08009cfa   0x00000060   Code   RO         1542    CL$$btod_d2e_norm_op1  c_w.l(btod.o)
    0x08009d5a   0x08009d5a   0x00000002   PAD
    0x08009d5c   0x08009d5c   0x00000338   Code   RO         1551    CL$$btod_div_common  c_w.l(btod.o)
    0x0800a094   0x0800a094   0x00000084   Code   RO         1549    CL$$btod_e2d        c_w.l(btod.o)
    0x0800a118   0x0800a118   0x000000dc   Code   RO         1548    CL$$btod_e2e        c_w.l(btod.o)
    0x0800a1f4   0x0800a1f4   0x0000002a   Code   RO         1545    CL$$btod_ediv       c_w.l(btod.o)
    0x0800a21e   0x0800a21e   0x0000002a   Code   RO         1547    CL$$btod_edivd      c_w.l(btod.o)
    0x0800a248   0x0800a248   0x0000002a   Code   RO         1544    CL$$btod_emul       c_w.l(btod.o)
    0x0800a272   0x0800a272   0x0000002a   Code   RO         1546    CL$$btod_emuld      c_w.l(btod.o)
    0x0800a29c   0x0800a29c   0x00000244   Code   RO         1550    CL$$btod_mult_common  c_w.l(btod.o)
    0x0800a4e0   0x0800a4e0   0x00000030   Code   RO         1583    i.__ARM_fpclassify  m_wm.l(fpclassify.o)
    0x0800a510   0x0800a510   0x000000f8   Code   RO         1585    i.__hardfp___mathlib_tofloat  m_wm.l(narrow.o)
    0x0800a608   0x0800a608   0x000000d0   Code   RO         1704    i.__hardfp_ldexp    m_wm.l(ldexp.o)
    0x0800a6d8   0x0800a6d8   0x00000020   Code   RO         1737    i.__mathlib_dbl_overflow  m_wm.l(dunder.o)
    0x0800a6f8   0x0800a6f8   0x00000020   Code   RO         1739    i.__mathlib_dbl_underflow  m_wm.l(dunder.o)
    0x0800a718   0x0800a718   0x00000012   Code   RO         1586    i.__mathlib_narrow  m_wm.l(narrow.o)
    0x0800a72a   0x0800a72a   0x00000014   Code   RO         1706    i.__support_ldexp   m_wm.l(ldexp.o)
    0x0800a73e   0x0800a73e   0x0000000e   Code   RO         1405    i._is_digit         c_w.l(__printf_wp.o)
    0x0800a74c   0x0800a74c   0x00000004   PAD
    0x0800a750   0x0800a750   0x0000008c   Code   RO         1677    i.frexp             m_wm.l(frexp.o)
    0x0800a7dc   0x0800a7dc   0x0000002c   Code   RO         1569    locale$$code        c_w.l(lc_numeric_c.o)
    0x0800a808   0x0800a808   0x0000002c   Code   RO         1688    locale$$code        c_w.l(lc_ctype_c.o)
    0x0800a834   0x0800a834   0x00000062   Code   RO         1669    x$fpl$d2f           fz_wm.l(d2f.o)
    0x0800a896   0x0800a896   0x00000002   PAD
    0x0800a898   0x0800a898   0x00000150   Code   RO         1438    x$fpl$dadd          fz_wm.l(daddsub_clz.o)
    0x0800a9e8   0x0800a9e8   0x00000010   Code   RO         1769    x$fpl$dcheck1       fz_wm.l(dcheck1.o)
    0x0800a9f8   0x0800a9f8   0x00000018   Code   RO         1696    x$fpl$dcmpinf       fz_wm.l(dcmpi.o)
    0x0800aa10   0x0800aa10   0x000002b8   Code   RO         1445    x$fpl$ddiv          fz_wm.l(ddiv.o)
    0x0800acc8   0x0800acc8   0x00000078   Code   RO         1671    x$fpl$deqf          fz_wm.l(deqf.o)
    0x0800ad40   0x0800ad40   0x0000005e   Code   RO         1448    x$fpl$dfix          fz_wm.l(dfix.o)
    0x0800ad9e   0x0800ad9e   0x0000002e   Code   RO         1453    x$fpl$dflt          fz_wm.l(dflt_clz.o)
    0x0800adcc   0x0800adcc   0x00000026   Code   RO         1452    x$fpl$dfltu         fz_wm.l(dflt_clz.o)
    0x0800adf2   0x0800adf2   0x00000002   PAD
    0x0800adf4   0x0800adf4   0x00000078   Code   RO         1698    x$fpl$dleqf         fz_wm.l(dleqf.o)
    0x0800ae6c   0x0800ae6c   0x00000154   Code   RO         1458    x$fpl$dmul          fz_wm.l(dmul.o)
    0x0800afc0   0x0800afc0   0x0000009c   Code   RO         1494    x$fpl$dnaninf       fz_wm.l(dnaninf.o)
    0x0800b05c   0x0800b05c   0x0000000c   Code   RO         1496    x$fpl$dretinf       fz_wm.l(dretinf.o)
    0x0800b068   0x0800b068   0x0000006c   Code   RO         1673    x$fpl$drleqf        fz_wm.l(drleqf.o)
    0x0800b0d4   0x0800b0d4   0x000001dc   Code   RO         1440    x$fpl$dsub          fz_wm.l(daddsub_clz.o)
    0x0800b2b0   0x0800b2b0   0x0000001a   Code   RO         1700    x$fpl$fpinit        fz_wm.l(fpinit.o)
    0x0800b2ca   0x0800b2ca   0x0000000a   Code   RO         1702    x$fpl$fretinf       fz_wm.l(fretinf.o)
    0x0800b2d4   0x0800b2d4   0x00000006   Code   RO         1575    x$fpl$ieeestatus    fz_wm.l(istatus.o)
    0x0800b2da   0x0800b2da   0x00000004   Code   RO         1460    x$fpl$printf1       fz_wm.l(printf1.o)
    0x0800b2de   0x0800b2de   0x00000064   Code   RO         1803    x$fpl$retnan        fz_wm.l(retnan.o)
    0x0800b342   0x0800b342   0x0000005c   Code   RO         1731    x$fpl$scalbn        fz_wm.l(scalbn.o)
    0x0800b39e   0x0800b39e   0x00000004   Code   RO         1462    x$fpl$scanf1        fz_wm.l(scanf1.o)
    0x0800b3a2   0x0800b3a2   0x00000008   Code   RO         1577    x$fpl$scanf2        fz_wm.l(scanf2.o)
    0x0800b3aa   0x0800b3aa   0x00000030   Code   RO         1805    x$fpl$trapveneer    fz_wm.l(trapv.o)
    0x0800b3da   0x0800b3da   0x00000000   Code   RO         1498    x$fpl$usenofp       fz_wm.l(usenofp.o)
    0x0800b3da   0x0800b3da   0x00000002   PAD
    0x0800b3dc   0x0800b3dc   0x00000094   Data   RO         1539    .constdata          c_w.l(bigflt0.o)
    0x0800b470   0x0800b470   0x00000050   Data   RO           55    .rodata..L__const.LoRa_setAutoLDO.BW  lora.o
    0x0800b4c0   0x0800b4c0   0x00000010   Data   RO         1368    .rodata.AHBPrescTable  system_stm32f4xx.o
    0x0800b4d0   0x0800b4d0   0x00000008   Data   RO         1369    .rodata.APBPrescTable  system_stm32f4xx.o
    0x0800b4d8   0x0800b4d8   0x0004b000   Data   RO          172    .rodata.CAMPUS_MAP  main.o
    0x080564d8   0x080564d8   0x00000d5c   Data   RO          246    .rodata.Font11x18   fonts.o
    0x08057234   0x08057234   0x00000004   PAD
    0x08057238   0x08057238   0x00000040   Data   RO          161    .rodata.landmarks   main.o
    0x08057278   0x08057278   0x000000f0   Data   RO          164    .rodata.str1.1      main.o
    0x08057368   0x08057368   0x0000007f   Data   RO          165    .rodata.str1.4      main.o
    0x080573e7   0x080573e7   0x00000001   PAD
    0x080573e8   0x080573e8   0x00000020   Data   RO         1808    Region$$Table       anon$$obj.o
    0x08057408   0x08057408   0x00000008   Data   RO         1571    c$$dinf             fz_wm.l(fpconst.o)
    0x08057410   0x08057410   0x00000008   Data   RO         1574    c$$dmax             fz_wm.l(fpconst.o)
    0x08057418   0x08057418   0x0000001c   Data   RO         1568    locale$$data        c_w.l(lc_numeric_c.o)
    0x08057434   0x08057434   0x00000110   Data   RO         1687    locale$$data        c_w.l(lc_ctype_c.o)


    Execution Region RW_IRAM1 (Exec base: 0x20000000, Load base: 0x08057548, Size: 0x00000f10, Max: 0x00020000, ABSOLUTE)

    Exec Addr    Load Addr    Size         Type   Attr      Idx    E Section Name        Object

    0x20000000   0x08057548   0x00000010   Data   RW          177    .data..L_MergedGlobals  main.o
    0x20000010   0x08057558   0x00000008   Data   RW          740    .data..L_MergedGlobals  stm32f4xx_hal.o
    0x20000018   0x08057560   0x00000008   Data   RW          248    .data.Font_11x18    fonts.o
    0x20000020   0x08057568   0x00000004   Data   RW         1367    .data.SystemCoreClock  system_stm32f4xx.o
    0x20000024   0x0805756c   0x00000004   PAD
    0x20000028        -       0x00000060   Zero   RW         1594    .bss                c_w.l(libspace.o)
    0x20000088        -       0x00000003   Zero   RW          118    .bss..L_MergedGlobals  ili9486.o
    0x2000008b   0x0805756c   0x00000005   PAD
    0x20000090        -       0x00000060   Zero   RW          178    .bss..L_MergedGlobals.34  main.o
    0x200000f0        -       0x00000070   Zero   RW          179    .bss..L_MergedGlobals.35  main.o
    0x20000160        -       0x00000048   Zero   RW          174    .bss.hadc3          main.o
    0x200001a8        -       0x00000054   Zero   RW          168    .bss.hi2c2          main.o
    0x200001fc        -       0x000004e4   Zero   RW          175    .bss.hpcd_USB_OTG_FS  main.o
    0x200006e0        -       0x00000058   Zero   RW          167    .bss.hspi1          main.o
    0x20000738        -       0x00000048   Zero   RW          163    .bss.huart3         main.o
    0x20000780        -       0x00000040   Zero   RW          169    .bss.lora_payload   main.o
    0x200007c0        -       0x00000064   Zero   RW          166    .bss.message        main.o
    0x20000824        -       0x00000041   Zero   RW          171    .bss.msg_buffer     main.o
    0x20000865   0x0805756c   0x00000003   PAD
    0x20000868        -       0x00000040   Zero   RW          170    .bss.received_data  main.o
    0x200008a8        -       0x00000064   Zero   RW          173    .bss.string_buffer  main.o
    0x2000090c        -       0x00000004   Zero   RW          739    .bss.uwTick         stm32f4xx_hal.o
    0x20000910        -       0x00000200   Zero   RW            2    HEAP                startup_stm32f446xx.o
    0x20000b10        -       0x00000400   Zero   RW            1    STACK               startup_stm32f446xx.o


==============================================================================

Image component sizes


      Code (inc. data)   RO Data    RW Data    ZI Data      Debug   Object Name

       782         24          0          0          0       7608   dfrobot_gnss.o
         0          0       3420          8          0        792   fonts.o
      8230          6          0          0          3      22688   ili9486.o
      2626         20         80          0          0      19526   lora.o
      5042        328     307631         16       2169      28113   main.o
        64         26        452          0       1536        848   startup_stm32f446xx.o
       204          0          0          8          4       7527   stm32f4xx_hal.o
       702          0          0          0          0      12342   stm32f4xx_hal_adc.o
       196          0          0          0          0      10856   stm32f4xx_hal_cortex.o
       448          0          0          0          0       5579   stm32f4xx_hal_gpio.o
      3498          0          0          0          0      44643   stm32f4xx_hal_i2c.o
       688          0          0          0          0      13439   stm32f4xx_hal_msp.o
       634          0          0          0          0      17651   stm32f4xx_hal_pcd.o
        38          0          0          0          0       5367   stm32f4xx_hal_pcd_ex.o
       432          0          0          0          0       7780   stm32f4xx_hal_rcc.o
      2236          4          0          0          0      11544   stm32f4xx_hal_rcc_ex.o
      2446          0          0          0          0      26259   stm32f4xx_hal_spi.o
       728          0          0          0          0      32830   stm32f4xx_hal_uart.o
        42          0          0          0          0       1511   stm32f4xx_it.o
      2748          0          0          0          0      37684   stm32f4xx_ll_usb.o
        18          0         24          4          0       2714   system_stm32f4xx.o

    ----------------------------------------------------------------------
     31906        408     311644         36       3724     317301   Object Totals
         0          0         32          0          0          0   (incl. Generated)
       104          0          5          0         12          0   (incl. Padding)

    ----------------------------------------------------------------------

      Code (inc. data)   RO Data    RW Data    ZI Data      Debug   Library Member Name

        60          8          0          0          0         84   __0sscanf.o
        64          6          0          0          0         84   __2snprintf.o
        44          6          0          0          0         84   __2sprintf.o
         8          0          0          0          0         68   __main.o
       352          0          0          0          0         88   __printf_ss_wp.o
        14          0          0          0          0         68   __printf_wp.o
         0          0          0          0          0          0   __rtentry.o
        12          0          0          0          0          0   __rtentry2.o
         6          0          0          0          0          0   __rtentry4.o
        94          8          0          0          0          0   __scatter.o
        26          0          0          0          0          0   __scatter_copy.o
        28          0          0          0          0          0   __scatter_zi.o
        28          0          0          0          0         68   _chval.o
         6          0          0          0          0          0   _printf_c.o
        44          0          0          0          0        108   _printf_char.o
        48          6          0          0          0         96   _printf_char_common.o
         6          0          0          0          0          0   _printf_d.o
       120         16          0          0          0         92   _printf_dec.o
         6          0          0          0          0          0   _printf_f.o
      1052          0          0          0          0        148   _printf_fp_dec.o
       128         16          0          0          0         84   _printf_fp_infnan.o
       178          0          0          0          0         88   _printf_intcommon.o
         0          0          0          0          0          0   _printf_percent.o
         4          0          0          0          0          0   _printf_percent_end.o
         6          0          0          0          0          0   _printf_s.o
        82          0          0          0          0         80   _printf_str.o
        22          0          0          0          0        100   _rserrno.o
       884          6          0          0          0        100   _scanf.o
       332          0          0          0          0         96   _scanf_int.o
       224          0          0          0          0         96   _scanf_str.o
        64          0          0          0          0         84   _sgetc.o
        16          0          0          0          0         68   _snputc.o
        10          0          0          0          0         68   _sputc.o
       228          4        148          0          0         96   bigflt0.o
      2152        136          0          0          0        956   btod.o
        18          0          0          0          0         80   exit.o
         6          0          0          0          0        152   heapauxi.o
         0          0          0          0          0          0   indicate_semi.o
        18          0          0          0          0         76   isspace.o
        44         10        272          0          0         76   lc_ctype_c.o
        44         10         28          0          0         76   lc_numeric_c.o
         2          0          0          0          0          0   libinit.o
        34          0          0          0          0          0   libinit2.o
         2          0          0          0          0          0   libshutdown.o
         2          0          0          0          0          0   libshutdown2.o
         8          4          0          0         96         68   libspace.o
        38          0          0          0          0         68   llshl.o
       138          0          0          0          0         80   lludiv10.o
       240          0          0          0          0        100   lludivv7m.o
        16          4          0          0          0         76   rt_ctype_table.o
         8          4          0          0          0         68   rt_errno_addr_intlibspace.o
         8          4          0          0          0         68   rt_locale_intlibspace.o
        68          0          0          0          0         68   rt_memclr.o
        78          0          0          0          0         80   rt_memclr_w.o
       100          0          0          0          0         80   rt_memcpy_w.o
         2          0          0          0          0          0   rtexit.o
        10          0          0          0          0          0   rtexit2.o
        44          8          0          0          0         84   scanf_char.o
      1272         16          0          0          0        168   scanf_fp.o
       800         14          0          0          0        100   scanf_hexfp.o
       308         16          0          0          0        100   scanf_infnan.o
       124          0          0          0          0         88   strcmpv7em.o
        62          0          0          0          0         76   strlen.o
        12          4          0          0          0         68   sys_exit.o
        74          0          0          0          0         80   sys_stackheap_outer.o
         2          0          0          0          0         68   use_no_semi.o
        98          4          0          0          0        140   d2f.o
       812         16          0          0          0        392   daddsub_clz.o
        16          4          0          0          0        116   dcheck1.o
        24          0          0          0          0        116   dcmpi.o
       696        140          0          0          0        264   ddiv.o
       120          4          0          0          0        140   deqf.o
        94          4          0          0          0        140   dfix.o
        84          0          0          0          0        232   dflt_clz.o
       120          4          0          0          0        140   dleqf.o
       340         12          0          0          0        152   dmul.o
       156          4          0          0          0        140   dnaninf.o
        12          0          0          0          0        116   dretinf.o
       108          0          0          0          0        128   drleqf.o
         0          0         16          0          0          0   fpconst.o
        26          0          0          0          0        116   fpinit.o
        10          0          0          0          0        116   fretinf.o
         6          0          0          0          0        116   istatus.o
         4          0          0          0          0        116   printf1.o
       100          0          0          0          0        116   retnan.o
        92          0          0          0          0        116   scalbn.o
         4          0          0          0          0        116   scanf1.o
         8          0          0          0          0        132   scanf2.o
        48          0          0          0          0        116   trapv.o
         0          0          0          0          0          0   usenofp.o
        64         16          0          0          0        248   dunder.o
        48          0          0          0          0        124   fpclassify.o
       140         22          0          0          0        132   frexp.o
       228          8          0          0          0        308   ldexp.o
       266         16          0          0          0        308   narrow.o

    ----------------------------------------------------------------------
     13686        560        464          0         96       9348   Library Totals
        32          0          0          0          0          0   (incl. Padding)

    ----------------------------------------------------------------------

      Code (inc. data)   RO Data    RW Data    ZI Data      Debug   Library Name

      9930        306        448          0         96       4952   c_w.l
      2978        192         16          0          0       3276   fz_wm.l
       746         62          0          0          0       1120   m_wm.l

    ----------------------------------------------------------------------
     13686        560        464          0         96       9348   Library Totals

    ----------------------------------------------------------------------

==============================================================================


      Code (inc. data)   RO Data    RW Data    ZI Data      Debug   

     45592        968     312108         36       3820     320601   Grand Totals
     45592        968     312108         36       3820     320601   ELF Image Totals
     45592        968     312108         36          0          0   ROM Totals

==============================================================================

    Total RO  Size (Code + RO Data)               357700 ( 349.32kB)
    Total RW  Size (RW Data + ZI Data)              3856 (   3.77kB)
    Total ROM Size (Code + RO Data + RW Data)     357736 ( 349.35kB)

==============================================================================

